    Checking agentverify-core v0.1.0 (/nas/Temp/repos/AgentVerify/crates/agentverify-core)
warning: missing `#[must_use]` attribute on a method returning `Self`
   --> crates/agentverify-core/src/contract.rs:270:5
    |
270 | /     pub fn with_precondition(
271 | |         mut self,
272 | |         predicate: Predicate,
273 | |         description: impl Into<String>,
...   |
279 | |         self
280 | |     }
    | |_____^
    |
    = help: consider adding the `#[must_use]` attribute to the method or directly to the `Self` type
    = help: for further information visit https://rust-lang.github.io/rust-clippy/rust-1.97.0/index.html#return_self_not_must_use
    = note: `-W clippy::return-self-not-must-use` implied by `-W clippy::pedantic`
    = help: to override `-W clippy::pedantic` add `#[allow(clippy::return_self_not_must_use)]`

warning: missing `#[must_use]` attribute on a method returning `Self`
   --> crates/agentverify-core/src/contract.rs:283:5
    |
283 | /     pub fn with_postcondition(
284 | |         mut self,
285 | |         predicate: Predicate,
286 | |         description: impl Into<String>,
...   |
293 | |         self
294 | |     }
    | |_____^
    |
    = help: consider adding the `#[must_use]` attribute to the method or directly to the `Self` type
    = help: for further information visit https://rust-lang.github.io/rust-clippy/rust-1.97.0/index.html#return_self_not_must_use

warning: docs for function returning `Result` missing `# Errors` section
   --> crates/agentverify-core/src/contract.rs:320:5
    |
320 |     pub fn validate(&self) -> Result<(), ContractValidationError> {
    |     ^^^^^^^^^^^^^^^^^^^^^^^^^^^^^^^^^^^^^^^^^^^^^^^^^^^^^^^^^^^^^
    |
    = help: for further information visit https://rust-lang.github.io/rust-clippy/rust-1.97.0/index.html#missing_errors_doc
    = note: `-W clippy::missing-errors-doc` implied by `-W clippy::pedantic`
    = help: to override `-W clippy::pedantic` add `#[allow(clippy::missing_errors_doc)]`

warning: these match arms have identical bodies
   --> crates/agentverify-core/src/contract.rs:383:9
    |
383 |         Predicate::Exists { path } => path.clone(),
    |         ^^^^^^^^^^^^^^^^^^^^^^^^^^^^^^^^^^^^^^^^^^
384 |         Predicate::NotExists { path } => path.clone(),
    |         ^^^^^^^^^^^^^^^^^^^^^^^^^^^^^^^^^^^^^^^^^^^^^
385 |         Predicate::Equals { path, .. } => path.clone(),
    |         ^^^^^^^^^^^^^^^^^^^^^^^^^^^^^^^^^^^^^^^^^^^^^^
386 |         Predicate::NotEquals { path, .. } => path.clone(),
    |         ^^^^^^^^^^^^^^^^^^^^^^^^^^^^^^^^^^^^^^^^^^^^^^^^^
387 |         Predicate::Contains { path, .. } => path.clone(),
    |         ^^^^^^^^^^^^^^^^^^^^^^^^^^^^^^^^^^^^^^^^^^^^^^^^
388 |         Predicate::Matches { path, .. } => path.clone(),
    |         ^^^^^^^^^^^^^^^^^^^^^^^^^^^^^^^^^^^^^^^^^^^^^^^
389 |         Predicate::GreaterThan { path, .. } => path.clone(),
    |         ^^^^^^^^^^^^^^^^^^^^^^^^^^^^^^^^^^^^^^^^^^^^^^^^^^^
390 |         Predicate::LessThan { path, .. } => path.clone(),
    |         ^^^^^^^^^^^^^^^^^^^^^^^^^^^^^^^^^^^^^^^^^^^^^^^^
391 |         Predicate::Count { path, .. } => path.clone(),
    |         ^^^^^^^^^^^^^^^^^^^^^^^^^^^^^^^^^^^^^^^^^^^^^
392 |         Predicate::IsEmpty { path } => path.clone(),
    |         ^^^^^^^^^^^^^^^^^^^^^^^^^^^^^^^^^^^^^^^^^^^
393 |         Predicate::IsNotEmpty { path } => path.clone(),
    |         ^^^^^^^^^^^^^^^^^^^^^^^^^^^^^^^^^^^^^^^^^^^^^^
    |
    = help: if this is unintentional make the arms return different values
    = help: for further information visit https://rust-lang.github.io/rust-clippy/rust-1.97.0/index.html#match_same_arms
    = note: `-W clippy::match-same-arms` implied by `-W clippy::pedantic`
    = help: to override `-W clippy::pedantic` add `#[allow(clippy::match_same_arms)]`
help: otherwise merge the patterns into a single arm
    |
383 -         Predicate::Exists { path } => path.clone(),
384 -         Predicate::NotExists { path } => path.clone(),
385 -         Predicate::Equals { path, .. } => path.clone(),
386 -         Predicate::NotEquals { path, .. } => path.clone(),
387 -         Predicate::Contains { path, .. } => path.clone(),
388 -         Predicate::Matches { path, .. } => path.clone(),
389 -         Predicate::GreaterThan { path, .. } => path.clone(),
390 -         Predicate::LessThan { path, .. } => path.clone(),
391 -         Predicate::Count { path, .. } => path.clone(),
392 -         Predicate::IsEmpty { path } => path.clone(),
393 -         Predicate::IsNotEmpty { path } => path.clone(),
383 +         Predicate::Exists { path } | Predicate::NotExists { path } | Predicate::Equals { path, .. } | Predicate::NotEquals { path, .. } | Predicate::Contains { path, .. } | Predicate::Matches { path, .. } | Predicate::GreaterThan { path, .. } | Predicate::LessThan { path, .. } | Predicate::Count { path, .. } | Predicate::IsEmpty { path } | Predicate::IsNotEmpty { path } => path.clone(),
    |

warning: these match arms have identical bodies
   --> crates/agentverify-core/src/contract.rs:394:9
    |
394 | /         Predicate::All { predicates } => predicates
395 | |             .first()
396 | |             .map(extract_predicate_path)
397 | |             .unwrap_or_default(),
    | |________________________________^
398 | /         Predicate::Any { predicates } => predicates
399 | |             .first()
400 | |             .map(extract_predicate_path)
401 | |             .unwrap_or_default(),
    | |________________________________^
    |
    = help: if this is unintentional make the arms return different values
    = help: for further information visit https://rust-lang.github.io/rust-clippy/rust-1.97.0/index.html#match_same_arms
help: otherwise merge the patterns into a single arm
    |
394 ~         Predicate::All { predicates } | Predicate::Any { predicates } => predicates
395 |             .first()
396 |             .map(extract_predicate_path)
397 |             .unwrap_or_default(),
398 ~         Predicate::Not { predicate } => extract_predicate_path(predicate),
    |

warning: this argument is passed by value, but not consumed in the function body
   --> crates/agentverify-core/src/receipt.rs:138:26
    |
138 |         idempotency_key: Option<String>,
    |                          ^^^^^^^^^^^^^^
    |
    = help: for further information visit https://rust-lang.github.io/rust-clippy/rust-1.97.0/index.html#needless_pass_by_value
    = note: `-W clippy::needless-pass-by-value` implied by `-W clippy::pedantic`
    = help: to override `-W clippy::pedantic` add `#[allow(clippy::needless_pass_by_value)]`
help: consider taking a reference instead
    |
138 |         idempotency_key: Option<&String>,
    |                                 +

warning: missing `#[must_use]` attribute on a method returning `Self`
   --> crates/agentverify-core/src/receipt.rs:208:5
    |
208 | /     pub fn with_key_id(mut self, key_id: impl Into<String>) -> Self {
209 | |         self.key_id = Some(key_id.into());
210 | |         self
211 | |     }
    | |_____^
    |
    = help: consider adding the `#[must_use]` attribute to the method or directly to the `Self` type
    = help: for further information visit https://rust-lang.github.io/rust-clippy/rust-1.97.0/index.html#return_self_not_must_use

warning: doc list item without indentation
   --> crates/agentverify-core/src/receipt.rs:256:5
    |
256 | /// Errors that can occur while persisting a receipt.
    |     ^
    |
    = help: if this is supposed to be its own paragraph, add a blank line
    = help: for further information visit https://rust-lang.github.io/rust-clippy/rust-1.97.0/index.html#doc_lazy_continuation
    = note: `#[warn(clippy::doc_lazy_continuation)]` on by default
help: indent this line
    |
256 | ///   Errors that can occur while persisting a receipt.
    |     ++

warning: this could be rewritten as `let...else`
   --> crates/agentverify-core/src/receipt.rs:505:13
    |
505 | /             let store = match Self::new(base_path.clone()) {
506 | |                 Ok(s) => s,
507 | |                 Err(_) => return Vec::new(),
508 | |             };
    | |______________^ help: consider writing: `let Ok(store) = Self::new(base_path.clone()) else { return Vec::new() };`
    |
    = help: for further information visit https://rust-lang.github.io/rust-clippy/rust-1.97.0/index.html#manual_let_else
    = note: `-W clippy::manual-let-else` implied by `-W clippy::pedantic`
    = help: to override `-W clippy::pedantic` add `#[allow(clippy::manual_let_else)]`

warning: this could be rewritten as `let...else`
   --> crates/agentverify-core/src/receipt.rs:509:13
    |
509 | /             let index = match store.read_index_async().await {
510 | |                 Ok(i) => i,
511 | |                 Err(_) => return Vec::new(),
512 | |             };
    | |______________^ help: consider writing: `let Ok(index) = store.read_index_async().await else { return Vec::new() };`
    |
    = help: for further information visit https://rust-lang.github.io/rust-clippy/rust-1.97.0/index.html#manual_let_else

warning: these match arms have identical bodies
   --> crates/agentverify-core/src/state_machine.rs:97:13
    |
 97 |             State::Rejected => vec![], // Terminal
    |             ^^^^^^^^^^^^^^^^^^^^^^^^^
...
115 |             State::Escalated => vec![], // Terminal
    |             ^^^^^^^^^^^^^^^^^^^^^^^^^^
116 |             State::Committed => vec![], // Terminal
    |             ^^^^^^^^^^^^^^^^^^^^^^^^^^
    |
    = help: if this is unintentional make the arms return different values
    = help: for further information visit https://rust-lang.github.io/rust-clippy/rust-1.97.0/index.html#match_same_arms
help: otherwise merge the patterns into a single arm
    |
 97 ~             State::Rejected | State::Escalated | State::Committed => vec![], // Terminal
 98 |             State::Authorized => vec![State::Executing],
...
114 |             State::Recovered => vec![State::Verifying],
115 ~             // Terminal
116 ~             // Terminal
    |

warning: these match arms have identical bodies
   --> crates/agentverify-core/src/state_machine.rs:105:13
    |
105 |             State::Executed => vec![State::Observing],
    |             ^^^^^^^^^^^^^^^^^^^^^^^^^^^^^^^^^^^^^^^^^
106 |             State::Failed => vec![State::Verifying],
107 |             State::Timeout => vec![State::Observing],
    |             ^^^^^^^^^^^^^^^^^^^^^^^^^^^^^^^^^^^^^^^^
108 |             State::Unknown => vec![State::Observing],
    |             ^^^^^^^^^^^^^^^^^^^^^^^^^^^^^^^^^^^^^^^^
    |
    = help: if this is unintentional make the arms return different values
    = help: for further information visit https://rust-lang.github.io/rust-clippy/rust-1.97.0/index.html#match_same_arms
help: otherwise merge the patterns into a single arm
    |
105 ~             State::Executed | State::Timeout | State::Unknown => vec![State::Observing],
106 |             State::Failed => vec![State::Verifying],
107 ~             State::Observing => vec![State::Verifying],
    |

warning: these match arms have identical bodies
   --> crates/agentverify-core/src/state_machine.rs:106:13
    |
106 |             State::Failed => vec![State::Verifying],
    |             ^^^^^^^^^^^^^^^^^^^^^^^^^^^^^^^^^^^^^^^
...
109 |             State::Observing => vec![State::Verifying],
    |             ^^^^^^^^^^^^^^^^^^^^^^^^^^^^^^^^^^^^^^^^^^
...
114 |             State::Recovered => vec![State::Verifying],
    |             ^^^^^^^^^^^^^^^^^^^^^^^^^^^^^^^^^^^^^^^^^^
    |
    = help: if this is unintentional make the arms return different values
    = help: for further information visit https://rust-lang.github.io/rust-clippy/rust-1.97.0/index.html#match_same_arms
help: otherwise merge the patterns into a single arm
    |
106 ~             State::Failed | State::Observing | State::Recovered => vec![State::Verifying],
107 |             State::Timeout => vec![State::Observing],
108 |             State::Unknown => vec![State::Observing],
109 ~             State::Verifying => vec![State::Verified, State::VerificationFailed],
110 |             State::Verified => vec![State::Committed],
111 |             State::VerificationFailed => vec![State::Recovering],
112 |             State::Recovering => vec![State::Recovered, State::Escalated],
113 ~             State::Escalated => vec![], // Terminal
    |

warning: docs for function returning `Result` missing `# Errors` section
   --> crates/agentverify-core/src/state_machine.rs:121:5
    |
121 |     pub fn transition(&self, next: State) -> Result<State, StateError> {
    |     ^^^^^^^^^^^^^^^^^^^^^^^^^^^^^^^^^^^^^^^^^^^^^^^^^^^^^^^^^^^^^^^^^^
    |
    = help: for further information visit https://rust-lang.github.io/rust-clippy/rust-1.97.0/index.html#missing_errors_doc

warning: docs for function returning `Result` missing `# Errors` section
   --> crates/agentverify-core/src/state_machine.rs:164:5
    |
164 |     pub fn advance(&mut self, next: State) -> Result<State, StateError> {
    |     ^^^^^^^^^^^^^^^^^^^^^^^^^^^^^^^^^^^^^^^^^^^^^^^^^^^^^^^^^^^^^^^^^^^
    |
    = help: for further information visit https://rust-lang.github.io/rust-clippy/rust-1.97.0/index.html#missing_errors_doc

warning: missing documentation for a struct field
  --> crates/agentverify-core/src/contract.rs:20:5
   |
20 |     pub major: u32,
   |     ^^^^^^^^^^^^^^
   |
   = note: requested on the command line with `-W missing-docs`

warning: missing documentation for a struct field
  --> crates/agentverify-core/src/contract.rs:21:5
   |
21 |     pub minor: u32,
   |     ^^^^^^^^^^^^^^

warning: missing documentation for an associated function
  --> crates/agentverify-core/src/contract.rs:26:5
   |
26 |     pub fn new(version: &str) -> Option<Self> {
   |     ^^^^^^^^^^^^^^^^^^^^^^^^^^^^^^^^^^^^^^^^^

warning: missing documentation for a struct field
   --> crates/agentverify-core/src/contract.rs:171:9
    |
171 |         interval: chrono::Duration,
    |         ^^^^^^^^^^^^^^^^^^^^^^^^^^

warning: missing documentation for a struct field
   --> crates/agentverify-core/src/contract.rs:172:9
    |
172 |         max_attempts: u32,
    |         ^^^^^^^^^^^^^^^^^

warning: missing documentation for a struct field
   --> crates/agentverify-core/src/contract.rs:175:13
    |
175 |     Alert { severity: AlertSeverity },
    |             ^^^^^^^^^^^^^^^^^^^^^^^

warning: missing documentation for a variant
   --> crates/agentverify-core/src/contract.rs:411:5
    |
411 |     InvalidSchemaVersion(String),
    |     ^^^^^^^^^^^^^^^^^^^^

warning: missing documentation for a variant
   --> crates/agentverify-core/src/contract.rs:414:5
    |
414 |     IncompatibleSchemaVersion { expected: String, actual: String },
    |     ^^^^^^^^^^^^^^^^^^^^^^^^^

warning: missing documentation for a struct field
   --> crates/agentverify-core/src/contract.rs:414:33
    |
414 |     IncompatibleSchemaVersion { expected: String, actual: String },
    |                                 ^^^^^^^^^^^^^^^^

warning: missing documentation for a struct field
   --> crates/agentverify-core/src/contract.rs:414:51
    |
414 |     IncompatibleSchemaVersion { expected: String, actual: String },
    |                                                   ^^^^^^^^^^^^^^

warning: missing documentation for a variant
   --> crates/agentverify-core/src/contract.rs:417:5
    |
417 |     EmptyActionName,
    |     ^^^^^^^^^^^^^^^

warning: missing documentation for a variant
   --> crates/agentverify-core/src/contract.rs:420:5
    |
420 |     NoPostconditions,
    |     ^^^^^^^^^^^^^^^^

warning: missing documentation for a variant
   --> crates/agentverify-core/src/contract.rs:423:5
    |
423 |     DuplicatePostconditionPath(String),
    |     ^^^^^^^^^^^^^^^^^^^^^^^^^^

warning: missing documentation for a variant
   --> crates/agentverify-core/src/contract.rs:426:5
    |
426 |     InvalidMaxAttempts,
    |     ^^^^^^^^^^^^^^^^^^

warning: missing documentation for a variant
   --> crates/agentverify-core/src/contract.rs:429:5
    |
429 |     InvalidBackoff {
    |     ^^^^^^^^^^^^^^

warning: missing documentation for a struct field
   --> crates/agentverify-core/src/contract.rs:430:9
    |
430 |         initial: chrono::Duration,
    |         ^^^^^^^^^^^^^^^^^^^^^^^^^

warning: missing documentation for a struct field
   --> crates/agentverify-core/src/contract.rs:431:9
    |
431 |         max: chrono::Duration,
    |         ^^^^^^^^^^^^^^^^^^^^^

warning: missing documentation for a variant
   --> crates/agentverify-core/src/contract.rs:435:5
    |
435 |     InvalidBackoffMultiplier(f64),
    |     ^^^^^^^^^^^^^^^^^^^^^^^^

warning: missing documentation for a struct field
  --> crates/agentverify-core/src/predicate.rs:12:14
   |
12 |     Exists { path: String },
   |              ^^^^^^^^^^^^

warning: missing documentation for a struct field
  --> crates/agentverify-core/src/predicate.rs:14:17
   |
14 |     NotExists { path: String },
   |                 ^^^^^^^^^^^^

warning: missing documentation for a struct field
  --> crates/agentverify-core/src/predicate.rs:16:14
   |
16 |     Equals { path: String, value: Value },
   |              ^^^^^^^^^^^^

warning: missing documentation for a struct field
  --> crates/agentverify-core/src/predicate.rs:16:28
   |
16 |     Equals { path: String, value: Value },
   |                            ^^^^^^^^^^^^

warning: missing documentation for a struct field
  --> crates/agentverify-core/src/predicate.rs:18:17
   |
18 |     NotEquals { path: String, value: Value },
   |                 ^^^^^^^^^^^^

warning: missing documentation for a struct field
  --> crates/agentverify-core/src/predicate.rs:18:31
   |
18 |     NotEquals { path: String, value: Value },
   |                               ^^^^^^^^^^^^

warning: missing documentation for a struct field
  --> crates/agentverify-core/src/predicate.rs:20:16
   |
20 |     Contains { path: String, value: Value },
   |                ^^^^^^^^^^^^

warning: missing documentation for a struct field
  --> crates/agentverify-core/src/predicate.rs:20:30
   |
20 |     Contains { path: String, value: Value },
   |                              ^^^^^^^^^^^^

warning: missing documentation for a struct field
  --> crates/agentverify-core/src/predicate.rs:22:15
   |
22 |     Matches { path: String, pattern: String },
   |               ^^^^^^^^^^^^

warning: missing documentation for a struct field
  --> crates/agentverify-core/src/predicate.rs:22:29
   |
22 |     Matches { path: String, pattern: String },
   |                             ^^^^^^^^^^^^^^^

warning: missing documentation for a struct field
  --> crates/agentverify-core/src/predicate.rs:24:19
   |
24 |     GreaterThan { path: String, value: Value },
   |                   ^^^^^^^^^^^^

warning: missing documentation for a struct field
  --> crates/agentverify-core/src/predicate.rs:24:33
   |
24 |     GreaterThan { path: String, value: Value },
   |                                 ^^^^^^^^^^^^

warning: missing documentation for a struct field
  --> crates/agentverify-core/src/predicate.rs:26:16
   |
26 |     LessThan { path: String, value: Value },
   |                ^^^^^^^^^^^^

warning: missing documentation for a struct field
  --> crates/agentverify-core/src/predicate.rs:26:30
   |
26 |     LessThan { path: String, value: Value },
   |                              ^^^^^^^^^^^^

warning: missing documentation for a struct field
  --> crates/agentverify-core/src/predicate.rs:31:9
   |
31 |         path: String,
   |         ^^^^^^^^^^^^

warning: missing documentation for a struct field
  --> crates/agentverify-core/src/predicate.rs:32:9
   |
32 |         operator: CountOperator,
   |         ^^^^^^^^^^^^^^^^^^^^^^^

warning: missing documentation for a struct field
  --> crates/agentverify-core/src/predicate.rs:33:9
   |
33 |         value: i64,
   |         ^^^^^^^^^^

warning: missing documentation for a struct field
  --> crates/agentverify-core/src/predicate.rs:36:15
   |
36 |     IsEmpty { path: String },
   |               ^^^^^^^^^^^^

warning: missing documentation for a struct field
  --> crates/agentverify-core/src/predicate.rs:38:18
   |
38 |     IsNotEmpty { path: String },
   |                  ^^^^^^^^^^^^

warning: missing documentation for a struct field
  --> crates/agentverify-core/src/predicate.rs:42:11
   |
42 |     All { predicates: Vec<Predicate> },
   |           ^^^^^^^^^^^^^^^^^^^^^^^^^^

warning: missing documentation for a struct field
  --> crates/agentverify-core/src/predicate.rs:44:11
   |
44 |     Any { predicates: Vec<Predicate> },
   |           ^^^^^^^^^^^^^^^^^^^^^^^^^^

warning: missing documentation for a struct field
  --> crates/agentverify-core/src/predicate.rs:46:11
   |
46 |     Not { predicate: Box<Predicate> },
   |           ^^^^^^^^^^^^^^^^^^^^^^^^^

warning: missing documentation for a struct field
  --> crates/agentverify-core/src/predicate.rs:49:9
   |
49 |         antecedent: Box<Predicate>,
   |         ^^^^^^^^^^^^^^^^^^^^^^^^^^

warning: missing documentation for a struct field
  --> crates/agentverify-core/src/predicate.rs:50:9
   |
50 |         consequent: Box<Predicate>,
   |         ^^^^^^^^^^^^^^^^^^^^^^^^^^

warning: missing documentation for a variant
   --> crates/agentverify-core/src/predicate.rs:157:5
    |
157 |     Eq,
    |     ^^

warning: missing documentation for a variant
   --> crates/agentverify-core/src/predicate.rs:158:5
    |
158 |     Ne,
    |     ^^

warning: missing documentation for a variant
   --> crates/agentverify-core/src/predicate.rs:159:5
    |
159 |     Lt,
    |     ^^

warning: missing documentation for a variant
   --> crates/agentverify-core/src/predicate.rs:160:5
    |
160 |     Le,
    |     ^^

warning: missing documentation for a variant
   --> crates/agentverify-core/src/predicate.rs:161:5
    |
161 |     Gt,
    |     ^^

warning: missing documentation for a variant
   --> crates/agentverify-core/src/predicate.rs:162:5
    |
162 |     Ge,
    |     ^^

warning: missing documentation for a trait
   --> crates/agentverify-core/src/receipt.rs:268:1
    |
268 | pub trait ReceiptStore: Send + Sync {
    | ^^^^^^^^^^^^^^^^^^^^^^^^^^^^^^^^^^^

warning: missing documentation for an associated function
   --> crates/agentverify-core/src/receipt.rs:312:5
    |
312 |     pub fn new() -> Self {
    |     ^^^^^^^^^^^^^^^^^^^^

warning: unused `std::result::Result` that must be used
   --> crates/agentverify-core/src/receipt.rs:692:9
    |
692 |         rt.block_on(store_ref.store(receipt_ref));
    |         ^^^^^^^^^^^^^^^^^^^^^^^^^^^^^^^^^^^^^^^^^
    |
    = note: this `Result` may be an `Err` variant, which should be handled
    = note: `#[warn(unused_must_use)]` (part of `#[warn(unused)]`) on by default
help: use `let _ = ...` to ignore the resulting value
    |
692 |         let _ = rt.block_on(store_ref.store(receipt_ref));
    |         +++++++

warning: unused `std::result::Result` that must be used
   --> crates/agentverify-core/src/receipt.rs:718:9
    |
718 |         rt.block_on(store_ref.store(receipt_ref));
    |         ^^^^^^^^^^^^^^^^^^^^^^^^^^^^^^^^^^^^^^^^^
    |
    = note: this `Result` may be an `Err` variant, which should be handled
help: use `let _ = ...` to ignore the resulting value
    |
718 |         let _ = rt.block_on(store_ref.store(receipt_ref));
    |         +++++++

warning: `agentverify-core` (lib test) generated 67 warnings (65 duplicates)
warning: `agentverify-core` (lib) generated 65 warnings
    Checking agentverify-engine v0.1.0 (/nas/Temp/repos/AgentVerify/crates/agentverify-engine)
    Checking agentverify-contract v0.1.0 (/nas/Temp/repos/AgentVerify/crates/agentverify-contract)
    Checking agentverify-runtime v0.1.0 (/nas/Temp/repos/AgentVerify/crates/agentverify-runtime)
warning: missing documentation for a function
 --> crates/agentverify-engine/benches/predicate.rs:7:1
  |
7 | pub fn predicate_equals_benchmark(c: &mut Criterion) {
  | ^^^^^^^^^^^^^^^^^^^^^^^^^^^^^^^^^^^^^^^^^^^^^^^^^^^^
  |
  = note: requested on the command line with `-W missing-docs`

warning: missing documentation for a function
  --> crates/agentverify-engine/benches/predicate.rs:32:1
   |
32 | pub fn predicate_exists_benchmark(c: &mut Criterion) {
   | ^^^^^^^^^^^^^^^^^^^^^^^^^^^^^^^^^^^^^^^^^^^^^^^^^^^^

warning: missing documentation for a function
  --> crates/agentverify-engine/benches/predicate.rs:57:1
   |
57 | pub fn predicate_regex_benchmark(c: &mut Criterion) {
   | ^^^^^^^^^^^^^^^^^^^^^^^^^^^^^^^^^^^^^^^^^^^^^^^^^^^

warning: missing documentation for a function
  --> crates/agentverify-engine/benches/predicate.rs:80:1
   |
80 | / criterion_group!(
81 | |     benches,
82 | |     predicate_equals_benchmark,
83 | |     predicate_exists_benchmark,
84 | |     predicate_regex_benchmark
85 | | );
   | |_^
   |
   = note: this warning originates in the macro `$crate::criterion_group` which comes from the expansion of the macro `criterion_group` (in Nightly builds, run with -Z macro-backtrace for more info)

warning: `agentverify-engine` (bench "predicate") generated 4 warnings
    Checking agentverify-http v0.1.0 (/nas/Temp/repos/AgentVerify/crates/agentverify-http)
    Checking agentverify-testkit v0.1.0 (/nas/Temp/repos/AgentVerify/crates/agentverify-testkit)
warning: docs for function which may panic missing `# Panics` section
  --> crates/agentverify-testkit/src/lib.rs:74:5
   |
74 | /     pub fn set_result(
75 | |         &mut self,
76 | |         key: impl Into<String>,
77 | |         result: (ClaimResult, Option<VerificationResult>),
78 | |     ) {
   | |_____^
   |
note: first possible panic found here
  --> crates/agentverify-testkit/src/lib.rs:79:9
   |
79 |         self.results.lock().unwrap().insert(key.into(), result);
   |         ^^^^^^^^^^^^^^^^^^^^^^^^^^^^
   = help: for further information visit https://rust-lang.github.io/rust-clippy/rust-1.97.0/index.html#missing_panics_doc
   = note: `-W clippy::missing-panics-doc` implied by `-W clippy::pedantic`
   = help: to override `-W clippy::pedantic` add `#[allow(clippy::missing_panics_doc)]`

warning: docs for function which may panic missing `# Panics` section
  --> crates/agentverify-testkit/src/lib.rs:85:5
   |
85 |     pub fn set_default_result(&mut self, result: (ClaimResult, Option<VerificationResult>)) {
   |     ^^^^^^^^^^^^^^^^^^^^^^^^^^^^^^^^^^^^^^^^^^^^^^^^^^^^^^^^^^^^^^^^^^^^^^^^^^^^^^^^^^^^^^^
   |
note: first possible panic found here
  --> crates/agentverify-testkit/src/lib.rs:86:10
   |
86 |         *self.default_result.lock().unwrap() = Some(result);
   |          ^^^^^^^^^^^^^^^^^^^^^^^^^^^^^^^^^^^
   = help: for further information visit https://rust-lang.github.io/rust-clippy/rust-1.97.0/index.html#missing_panics_doc

warning: docs for function which may panic missing `# Panics` section
  --> crates/agentverify-testkit/src/lib.rs:93:5
   |
93 |     pub fn set_return_already_claimed(&mut self, value: bool) {
   |     ^^^^^^^^^^^^^^^^^^^^^^^^^^^^^^^^^^^^^^^^^^^^^^^^^^^^^^^^^
   |
note: first possible panic found here
  --> crates/agentverify-testkit/src/lib.rs:94:10
   |
94 |         *self.return_already_claimed.lock().unwrap() = value;
   |          ^^^^^^^^^^^^^^^^^^^^^^^^^^^^^^^^^^^^^^^^^^^
   = help: for further information visit https://rust-lang.github.io/rust-clippy/rust-1.97.0/index.html#missing_panics_doc

warning: docs for function which may panic missing `# Panics` section
   --> crates/agentverify-testkit/src/lib.rs:99:5
    |
 99 |     pub fn claim_or_check_call_count(&self) -> usize {
    |     ^^^^^^^^^^^^^^^^^^^^^^^^^^^^^^^^^^^^^^^^^^^^^^^^
    |
note: first possible panic found here
   --> crates/agentverify-testkit/src/lib.rs:100:9
    |
100 |         self.claim_or_check_calls.lock().unwrap().len()
    |         ^^^^^^^^^^^^^^^^^^^^^^^^^^^^^^^^^^^^^^^^^
    = help: for further information visit https://rust-lang.github.io/rust-clippy/rust-1.97.0/index.html#missing_panics_doc

warning: docs for function which may panic missing `# Panics` section
   --> crates/agentverify-testkit/src/lib.rs:105:5
    |
105 |     pub fn claim_or_check_calls(&self) -> Vec<String> {
    |     ^^^^^^^^^^^^^^^^^^^^^^^^^^^^^^^^^^^^^^^^^^^^^^^^^
    |
note: first possible panic found here
   --> crates/agentverify-testkit/src/lib.rs:106:9
    |
106 |         self.claim_or_check_calls.lock().unwrap().clone()
    |         ^^^^^^^^^^^^^^^^^^^^^^^^^^^^^^^^^^^^^^^^^
    = help: for further information visit https://rust-lang.github.io/rust-clippy/rust-1.97.0/index.html#missing_panics_doc

warning: docs for function which may panic missing `# Panics` section
   --> crates/agentverify-testkit/src/lib.rs:111:5
    |
111 |     pub fn complete_call_count(&self) -> usize {
    |     ^^^^^^^^^^^^^^^^^^^^^^^^^^^^^^^^^^^^^^^^^^
    |
note: first possible panic found here
   --> crates/agentverify-testkit/src/lib.rs:112:9
    |
112 |         self.complete_calls.lock().unwrap().len()
    |         ^^^^^^^^^^^^^^^^^^^^^^^^^^^^^^^^^^^
    = help: for further information visit https://rust-lang.github.io/rust-clippy/rust-1.97.0/index.html#missing_panics_doc

warning: docs for function which may panic missing `# Panics` section
   --> crates/agentverify-testkit/src/lib.rs:117:5
    |
117 |     pub fn complete_calls(&self) -> Vec<(String, VerificationResult)> {
    |     ^^^^^^^^^^^^^^^^^^^^^^^^^^^^^^^^^^^^^^^^^^^^^^^^^^^^^^^^^^^^^^^^^
    |
note: first possible panic found here
   --> crates/agentverify-testkit/src/lib.rs:118:9
    |
118 |         self.complete_calls.lock().unwrap().clone()
    |         ^^^^^^^^^^^^^^^^^^^^^^^^^^^^^^^^^^^
    = help: for further information visit https://rust-lang.github.io/rust-clippy/rust-1.97.0/index.html#missing_panics_doc

warning: docs for function which may panic missing `# Panics` section
   --> crates/agentverify-testkit/src/lib.rs:123:5
    |
123 |     pub fn release_call_count(&self) -> usize {
    |     ^^^^^^^^^^^^^^^^^^^^^^^^^^^^^^^^^^^^^^^^^
    |
note: first possible panic found here
   --> crates/agentverify-testkit/src/lib.rs:124:9
    |
124 |         self.release_calls.lock().unwrap().len()
    |         ^^^^^^^^^^^^^^^^^^^^^^^^^^^^^^^^^^
    = help: for further information visit https://rust-lang.github.io/rust-clippy/rust-1.97.0/index.html#missing_panics_doc

warning: docs for function which may panic missing `# Panics` section
   --> crates/agentverify-testkit/src/lib.rs:129:5
    |
129 |     pub fn release_calls(&self) -> Vec<String> {
    |     ^^^^^^^^^^^^^^^^^^^^^^^^^^^^^^^^^^^^^^^^^^
    |
note: first possible panic found here
   --> crates/agentverify-testkit/src/lib.rs:130:9
    |
130 |         self.release_calls.lock().unwrap().clone()
    |         ^^^^^^^^^^^^^^^^^^^^^^^^^^^^^^^^^^
    = help: for further information visit https://rust-lang.github.io/rust-clippy/rust-1.97.0/index.html#missing_panics_doc

warning: docs for function which may panic missing `# Panics` section
   --> crates/agentverify-testkit/src/lib.rs:134:5
    |
134 |     pub fn reset_calls(&self) {
    |     ^^^^^^^^^^^^^^^^^^^^^^^^^
    |
note: first possible panic found here
   --> crates/agentverify-testkit/src/lib.rs:135:9
    |
135 |         self.claim_or_check_calls.lock().unwrap().clear();
    |         ^^^^^^^^^^^^^^^^^^^^^^^^^^^^^^^^^^^^^^^^^
    = help: for further information visit https://rust-lang.github.io/rust-clippy/rust-1.97.0/index.html#missing_panics_doc

warning: docs for function which may panic missing `# Panics` section
   --> crates/agentverify-testkit/src/lib.rs:141:5
    |
141 |     pub fn reset_all(&self) {
    |     ^^^^^^^^^^^^^^^^^^^^^^^
    |
note: first possible panic found here
   --> crates/agentverify-testkit/src/lib.rs:142:9
    |
142 |         self.results.lock().unwrap().clear();
    |         ^^^^^^^^^^^^^^^^^^^^^^^^^^^^
    = help: for further information visit https://rust-lang.github.io/rust-clippy/rust-1.97.0/index.html#missing_panics_doc

warning: `agentverify-testkit` (lib test) generated 11 warnings
    Checking agentverify-cli v0.1.0 (/nas/Temp/repos/AgentVerify/crates/agentverify-cli)
    Checking agentverify-observe v0.1.0 (/nas/Temp/repos/AgentVerify/crates/agentverify-observe)
warning: binding's name is too similar to existing binding
   --> crates/agentverify-observe/src/postgres.rs:291:13
    |
291 |         let host_port: Vec<&str> = host_db[0].split(':').collect();
    |             ^^^^^^^^^
    |
note: existing binding defined here
   --> crates/agentverify-observe/src/postgres.rs:269:25
    |
269 |         let (user_part, host_part) = if parts.len() == 2 {
    |                         ^^^^^^^^^
    = help: for further information visit https://rust-lang.github.io/rust-clippy/rust-1.97.0/index.html#similar_names
    = note: `-W clippy::similar-names` implied by `-W clippy::pedantic`
    = help: to override `-W clippy::pedantic` add `#[allow(clippy::similar_names)]`

error: used `unwrap()` on a `Result` value
  --> crates/agentverify-testkit/src/lib.rs:79:9
   |
79 |         self.results.lock().unwrap().insert(key.into(), result);
   |         ^^^^^^^^^^^^^^^^^^^^^^^^^^^^
   |
   = note: if this value is an `Err`, it will panic
   = help: for further information visit https://rust-lang.github.io/rust-clippy/rust-1.97.0/index.html#unwrap_used
   = note: requested on the command line with `-D clippy::unwrap-used`

error: used `unwrap()` on a `Result` value
  --> crates/agentverify-testkit/src/lib.rs:86:10
   |
86 |         *self.default_result.lock().unwrap() = Some(result);
   |          ^^^^^^^^^^^^^^^^^^^^^^^^^^^^^^^^^^^
   |
   = note: if this value is an `Err`, it will panic
   = help: for further information visit https://rust-lang.github.io/rust-clippy/rust-1.97.0/index.html#unwrap_used

error: used `unwrap()` on a `Result` value
  --> crates/agentverify-testkit/src/lib.rs:94:10
   |
94 |         *self.return_already_claimed.lock().unwrap() = value;
   |          ^^^^^^^^^^^^^^^^^^^^^^^^^^^^^^^^^^^^^^^^^^^
   |
   = note: if this value is an `Err`, it will panic
   = help: for further information visit https://rust-lang.github.io/rust-clippy/rust-1.97.0/index.html#unwrap_used

error: used `unwrap()` on a `Result` value
   --> crates/agentverify-testkit/src/lib.rs:100:9
    |
100 |         self.claim_or_check_calls.lock().unwrap().len()
    |         ^^^^^^^^^^^^^^^^^^^^^^^^^^^^^^^^^^^^^^^^^
    |
    = note: if this value is an `Err`, it will panic
    = help: for further information visit https://rust-lang.github.io/rust-clippy/rust-1.97.0/index.html#unwrap_used

error: used `unwrap()` on a `Result` value
   --> crates/agentverify-testkit/src/lib.rs:106:9
    |
106 |         self.claim_or_check_calls.lock().unwrap().clone()
    |         ^^^^^^^^^^^^^^^^^^^^^^^^^^^^^^^^^^^^^^^^^
    |
    = note: if this value is an `Err`, it will panic
    = help: for further information visit https://rust-lang.github.io/rust-clippy/rust-1.97.0/index.html#unwrap_used

error: used `unwrap()` on a `Result` value
   --> crates/agentverify-testkit/src/lib.rs:112:9
    |
112 |         self.complete_calls.lock().unwrap().len()
    |         ^^^^^^^^^^^^^^^^^^^^^^^^^^^^^^^^^^^
    |
    = note: if this value is an `Err`, it will panic
    = help: for further information visit https://rust-lang.github.io/rust-clippy/rust-1.97.0/index.html#unwrap_used

error: used `unwrap()` on a `Result` value
   --> crates/agentverify-testkit/src/lib.rs:118:9
    |
118 |         self.complete_calls.lock().unwrap().clone()
    |         ^^^^^^^^^^^^^^^^^^^^^^^^^^^^^^^^^^^
    |
    = note: if this value is an `Err`, it will panic
    = help: for further information visit https://rust-lang.github.io/rust-clippy/rust-1.97.0/index.html#unwrap_used

error: used `unwrap()` on a `Result` value
   --> crates/agentverify-testkit/src/lib.rs:124:9
    |
124 |         self.release_calls.lock().unwrap().len()
    |         ^^^^^^^^^^^^^^^^^^^^^^^^^^^^^^^^^^
    |
    = note: if this value is an `Err`, it will panic
    = help: for further information visit https://rust-lang.github.io/rust-clippy/rust-1.97.0/index.html#unwrap_used

error: used `unwrap()` on a `Result` value
   --> crates/agentverify-testkit/src/lib.rs:130:9
    |
130 |         self.release_calls.lock().unwrap().clone()
    |         ^^^^^^^^^^^^^^^^^^^^^^^^^^^^^^^^^^
    |
    = note: if this value is an `Err`, it will panic
    = help: for further information visit https://rust-lang.github.io/rust-clippy/rust-1.97.0/index.html#unwrap_used

error: used `unwrap()` on a `Result` value
   --> crates/agentverify-testkit/src/lib.rs:135:9
    |
135 |         self.claim_or_check_calls.lock().unwrap().clear();
    |         ^^^^^^^^^^^^^^^^^^^^^^^^^^^^^^^^^^^^^^^^^
    |
    = note: if this value is an `Err`, it will panic
    = help: for further information visit https://rust-lang.github.io/rust-clippy/rust-1.97.0/index.html#unwrap_used

error: used `unwrap()` on a `Result` value
   --> crates/agentverify-testkit/src/lib.rs:136:9
    |
136 |         self.complete_calls.lock().unwrap().clear();
    |         ^^^^^^^^^^^^^^^^^^^^^^^^^^^^^^^^^^^
    |
    = note: if this value is an `Err`, it will panic
    = help: for further information visit https://rust-lang.github.io/rust-clippy/rust-1.97.0/index.html#unwrap_used

error: used `unwrap()` on a `Result` value
   --> crates/agentverify-testkit/src/lib.rs:137:9
    |
137 |         self.release_calls.lock().unwrap().clear();
    |         ^^^^^^^^^^^^^^^^^^^^^^^^^^^^^^^^^^
    |
    = note: if this value is an `Err`, it will panic
    = help: for further information visit https://rust-lang.github.io/rust-clippy/rust-1.97.0/index.html#unwrap_used

error: used `unwrap()` on a `Result` value
   --> crates/agentverify-testkit/src/lib.rs:142:9
    |
142 |         self.results.lock().unwrap().clear();
    |         ^^^^^^^^^^^^^^^^^^^^^^^^^^^^
    |
    = note: if this value is an `Err`, it will panic
    = help: for further information visit https://rust-lang.github.io/rust-clippy/rust-1.97.0/index.html#unwrap_used

error: used `unwrap()` on a `Result` value
   --> crates/agentverify-testkit/src/lib.rs:143:10
    |
143 |         *self.default_result.lock().unwrap() = None;
    |          ^^^^^^^^^^^^^^^^^^^^^^^^^^^^^^^^^^^
    |
    = note: if this value is an `Err`, it will panic
    = help: for further information visit https://rust-lang.github.io/rust-clippy/rust-1.97.0/index.html#unwrap_used

error: used `unwrap()` on a `Result` value
   --> crates/agentverify-testkit/src/lib.rs:144:10
    |
144 |         *self.return_already_claimed.lock().unwrap() = true;
    |          ^^^^^^^^^^^^^^^^^^^^^^^^^^^^^^^^^^^^^^^^^^^
    |
    = note: if this value is an `Err`, it will panic
    = help: for further information visit https://rust-lang.github.io/rust-clippy/rust-1.97.0/index.html#unwrap_used

error: used `unwrap()` on a `Result` value
   --> crates/agentverify-testkit/src/lib.rs:167:13
    |
167 |             claim_or_check_calls.lock().unwrap().push(key.to_string());
    |             ^^^^^^^^^^^^^^^^^^^^^^^^^^^^^^^^^^^^
    |
    = note: if this value is an `Err`, it will panic
    = help: for further information visit https://rust-lang.github.io/rust-clippy/rust-1.97.0/index.html#unwrap_used

error: used `unwrap()` on a `Result` value
   --> crates/agentverify-testkit/src/lib.rs:171:37
    |
171 |                 let results_guard = results.lock().unwrap();
    |                                     ^^^^^^^^^^^^^^^^^^^^^^^
    |
    = note: if this value is an `Err`, it will panic
    = help: for further information visit https://rust-lang.github.io/rust-clippy/rust-1.97.0/index.html#unwrap_used

error: used `unwrap()` on a `Result` value
   --> crates/agentverify-testkit/src/lib.rs:172:39
    |
172 |                 let return_already = *return_already_claimed.lock().unwrap();
    |                                       ^^^^^^^^^^^^^^^^^^^^^^^^^^^^^^^^^^^^^^
    |
    = note: if this value is an `Err`, it will panic
    = help: for further information visit https://rust-lang.github.io/rust-clippy/rust-1.97.0/index.html#unwrap_used

error: used `unwrap()` on a `Result` value
   --> crates/agentverify-testkit/src/lib.rs:187:49
    |
187 |                 } else if let Some(default) = &*default_result.lock().unwrap() {
    |                                                 ^^^^^^^^^^^^^^^^^^^^^^^^^^^^^^
    |
    = note: if this value is an `Err`, it will panic
    = help: for further information visit https://rust-lang.github.io/rust-clippy/rust-1.97.0/index.html#unwrap_used

error: used `unwrap()` on a `Result` value
   --> crates/agentverify-testkit/src/lib.rs:207:13
    |
207 |             complete_calls.lock().unwrap().push((key, result));
    |             ^^^^^^^^^^^^^^^^^^^^^^^^^^^^^^
    |
    = note: if this value is an `Err`, it will panic
    = help: for further information visit https://rust-lang.github.io/rust-clippy/rust-1.97.0/index.html#unwrap_used

error: used `unwrap()` on a `Result` value
   --> crates/agentverify-testkit/src/lib.rs:216:13
    |
216 |             release_calls.lock().unwrap().push(key_str);
    |             ^^^^^^^^^^^^^^^^^^^^^^^^^^^^^
    |
    = note: if this value is an `Err`, it will panic
    = help: for further information visit https://rust-lang.github.io/rust-clippy/rust-1.97.0/index.html#unwrap_used

warning: `agentverify-testkit` (lib) generated 11 warnings (11 duplicates)
error: could not compile `agentverify-testkit` (lib) due to 21 previous errors; 11 warnings emitted
warning: build failed, waiting for other jobs to finish...
warning: missing `#[must_use]` attribute on a method returning `Self`
   --> crates/agentverify-observe/src/postgres.rs:130:5
    |
130 | /     pub fn with_host(mut self, host: impl Into<String>) -> Self {
131 | |         self.host = host.into();
132 | |         self
133 | |     }
    | |_____^
    |
    = help: consider adding the `#[must_use]` attribute to the method or directly to the `Self` type
    = help: for further information visit https://rust-lang.github.io/rust-clippy/rust-1.97.0/index.html#return_self_not_must_use
    = note: `-W clippy::return-self-not-must-use` implied by `-W clippy::pedantic`
    = help: to override `-W clippy::pedantic` add `#[allow(clippy::return_self_not_must_use)]`

warning: missing `#[must_use]` attribute on a method returning `Self`
   --> crates/agentverify-observe/src/postgres.rs:143:5
    |
143 | /     pub fn with_user(mut self, user: impl Into<String>) -> Self {
144 | |         self.user = user.into();
145 | |         self
146 | |     }
    | |_____^
    |
    = help: consider adding the `#[must_use]` attribute to the method or directly to the `Self` type
    = help: for further information visit https://rust-lang.github.io/rust-clippy/rust-1.97.0/index.html#return_self_not_must_use

warning: missing `#[must_use]` attribute on a method returning `Self`
   --> crates/agentverify-observe/src/postgres.rs:149:5
    |
149 | /     pub fn with_password(mut self, password: impl Into<String>) -> Self {
150 | |         self.password = password.into();
151 | |         self
152 | |     }
    | |_____^
    |
    = help: consider adding the `#[must_use]` attribute to the method or directly to the `Self` type
    = help: for further information visit https://rust-lang.github.io/rust-clippy/rust-1.97.0/index.html#return_self_not_must_use

warning: missing `#[must_use]` attribute on a method returning `Self`
   --> crates/agentverify-observe/src/postgres.rs:155:5
    |
155 | /     pub fn with_database(mut self, database: impl Into<String>) -> Self {
156 | |         self.database = database.into();
157 | |         self
158 | |     }
    | |_____^
    |
    = help: consider adding the `#[must_use]` attribute to the method or directly to the `Self` type
    = help: for further information visit https://rust-lang.github.io/rust-clippy/rust-1.97.0/index.html#return_self_not_must_use

warning: missing `#[must_use]` attribute on a method returning `Self`
   --> crates/agentverify-observe/src/postgres.rs:163:5
    |
163 | /     pub fn with_ssl_mode(mut self, mode: impl Into<String>) -> Self {
164 | |         self.ssl_mode = mode.into();
165 | |         self
166 | |     }
    | |_____^
    |
    = help: consider adding the `#[must_use]` attribute to the method or directly to the `Self` type
    = help: for further information visit https://rust-lang.github.io/rust-clippy/rust-1.97.0/index.html#return_self_not_must_use

warning: missing `#[must_use]` attribute on a method returning `Self`
   --> crates/agentverify-observe/src/postgres.rs:169:5
    |
169 | /     pub fn with_application_name(mut self, name: impl Into<String>) -> Self {
170 | |         self.application_name = name.into();
171 | |         self
172 | |     }
    | |_____^
    |
    = help: consider adding the `#[must_use]` attribute to the method or directly to the `Self` type
    = help: for further information visit https://rust-lang.github.io/rust-clippy/rust-1.97.0/index.html#return_self_not_must_use

warning: this function's return value is unnecessarily wrapped by `Result`
   --> crates/agentverify-observe/src/postgres.rs:213:5
    |
213 |     fn create_deadpool_config(&self) -> Result<deadpool_postgres::Config, PostgresObserverError> {
    |     ^^^^^^^^^^^^^^^^^^^^^^^^^^^^^^^^^^^^^^^^^^^^^^^^^^^^^^^^^^^^^^^^^^^^^^^^^^^^^^^^^^^^^^^^^^^^
    |
    = help: for further information visit https://rust-lang.github.io/rust-clippy/rust-1.97.0/index.html#unnecessary_wraps
    = note: `-W clippy::unnecessary-wraps` implied by `-W clippy::pedantic`
    = help: to override `-W clippy::pedantic` add `#[allow(clippy::unnecessary_wraps)]`
help: remove `Result` from the return type...
    |
213 -     fn create_deadpool_config(&self) -> Result<deadpool_postgres::Config, PostgresObserverError> {
213 +     fn create_deadpool_config(&self) -> deadpool_postgres::Config {
    |
help: ...and then remove the surrounding `Ok()` from returning expressions
    |
221 -         Ok(cfg)
221 +         cfg
    |

warning: docs for function returning `Result` missing `# Errors` section
   --> crates/agentverify-observe/src/postgres.rs:263:5
    |
263 |     pub async fn from_uri(uri: &str) -> Result<Self, PostgresObserverError> {
    |     ^^^^^^^^^^^^^^^^^^^^^^^^^^^^^^^^^^^^^^^^^^^^^^^^^^^^^^^^^^^^^^^^^^^^^^^
    |
    = help: for further information visit https://rust-lang.github.io/rust-clippy/rust-1.97.0/index.html#missing_errors_doc
    = note: `-W clippy::missing-errors-doc` implied by `-W clippy::pedantic`
    = help: to override `-W clippy::pedantic` add `#[allow(clippy::missing_errors_doc)]`

warning: docs for function returning `Result` missing `# Errors` section
   --> crates/agentverify-observe/src/postgres.rs:340:5
    |
340 | /     pub async fn execute_query(
341 | |         &self,
342 | |         query: &str,
343 | |         params: &[Value],
344 | |     ) -> Result<Value, PostgresObserverError> {
    | |_____________________________________________^
    |
    = help: for further information visit https://rust-lang.github.io/rust-clippy/rust-1.97.0/index.html#missing_errors_doc

warning: unused `self` argument
   --> crates/agentverify-observe/src/postgres.rs:430:9
    |
430 |         &self,
    |         ^^^^^
    |
    = help: consider refactoring to an associated function
    = help: for further information visit https://rust-lang.github.io/rust-clippy/rust-1.97.0/index.html#unused_self
    = note: `-W clippy::unused-self` implied by `-W clippy::pedantic`
    = help: to override `-W clippy::pedantic` add `#[allow(clippy::unused_self)]`

warning: docs for function returning `Result` missing `# Errors` section
   --> crates/agentverify-observe/src/postgres.rs:464:5
    |
464 |     pub async fn health_check(&self) -> Result<(), PostgresObserverError> {
    |     ^^^^^^^^^^^^^^^^^^^^^^^^^^^^^^^^^^^^^^^^^^^^^^^^^^^^^^^^^^^^^^^^^^^^^
    |
    = help: for further information visit https://rust-lang.github.io/rust-clippy/rust-1.97.0/index.html#missing_errors_doc

warning: missing `#[must_use]` attribute on a method returning `Self`
  --> crates/agentverify-observe/src/redis_observer.rs:71:5
   |
71 | /     pub fn with_key_prefix(mut self, prefix: impl Into<String>) -> Self {
72 | |         self.key_prefix = prefix.into();
73 | |         self
74 | |     }
   | |_____^
   |
   = help: consider adding the `#[must_use]` attribute to the method or directly to the `Self` type
   = help: for further information visit https://rust-lang.github.io/rust-clippy/rust-1.97.0/index.html#return_self_not_must_use

warning: missing `#[must_use]` attribute on a method returning `Self`
  --> crates/agentverify-observe/src/redis_observer.rs:77:5
   |
77 | /     pub fn with_default_key(mut self, key: impl Into<String>) -> Self {
78 | |         self.default_key = Some(key.into());
79 | |         self
80 | |     }
   | |_____^
   |
   = help: consider adding the `#[must_use]` attribute to the method or directly to the `Self` type
   = help: for further information visit https://rust-lang.github.io/rust-clippy/rust-1.97.0/index.html#return_self_not_must_use

warning: docs for function returning `Result` missing `# Errors` section
   --> crates/agentverify-observe/src/redis_observer.rs:129:5
    |
129 |     pub async fn new(config: RedisObserverConfig) -> Result<Self, RedisObserverError> {
    |     ^^^^^^^^^^^^^^^^^^^^^^^^^^^^^^^^^^^^^^^^^^^^^^^^^^^^^^^^^^^^^^^^^^^^^^^^^^^^^^^^^
    |
    = help: for further information visit https://rust-lang.github.io/rust-clippy/rust-1.97.0/index.html#missing_errors_doc

warning: casting `u64` to `usize` may truncate the value on targets with 32-bit wide pointers
   --> crates/agentverify-observe/src/redis_observer.rs:133:27
    |
133 |                 max_size: config.timeout_ms as usize,
    |                           ^^^^^^^^^^^^^^^^^^^^^^^^^^
    |
    = help: if this is intentional allow the lint with `#[allow(clippy::cast_possible_truncation)]` ...
    = help: for further information visit https://rust-lang.github.io/rust-clippy/rust-1.97.0/index.html#cast_possible_truncation
    = note: `-W clippy::cast-possible-truncation` implied by `-W clippy::pedantic`
    = help: to override `-W clippy::pedantic` add `#[allow(clippy::cast_possible_truncation)]`
help: ... or use `try_from` and handle the error accordingly
    |
133 -                 max_size: config.timeout_ms as usize,
133 +                 max_size: usize::try_from(config.timeout_ms),
    |

warning: unused `self` argument
   --> crates/agentverify-observe/src/redis_observer.rs:245:19
    |
245 |     fn build_spec(&self, contract: &Contract) -> String {
    |                   ^^^^^
    |
    = help: consider refactoring to an associated function
    = help: for further information visit https://rust-lang.github.io/rust-clippy/rust-1.97.0/index.html#unused_self

warning: unused `async` for function with no await statements
   --> crates/agentverify-observe/src/postgres.rs:240:5
    |
240 | /     pub async fn from_config(
241 | |         config: PostgresObserverConfig,
242 | |     ) -> Result<Self, PostgresObserverError> {
243 | |         let cfg = config
...   |
251 | |         Ok(Self { pool, config })
252 | |     }
    | |_____^
    |
    = help: consider removing the `async` from this function
    = help: for further information visit https://rust-lang.github.io/rust-clippy/rust-1.97.0/index.html#unused_async
    = note: `-W clippy::unused-async` implied by `-W clippy::pedantic`
    = help: to override `-W clippy::pedantic` add `#[allow(clippy::unused_async)]`

warning: unused `async` for function with no await statements
   --> crates/agentverify-observe/src/postgres.rs:263:5
    |
263 | /     pub async fn from_uri(uri: &str) -> Result<Self, PostgresObserverError> {
264 | |         let mut cfg = deadpool_postgres::Config::new();
...   |
327 | |         })
328 | |     }
    | |_____^
    |
    = help: consider removing the `async` from this function
    = help: for further information visit https://rust-lang.github.io/rust-clippy/rust-1.97.0/index.html#unused_async

warning: unused `async` for function with no await statements
   --> crates/agentverify-observe/src/redis_observer.rs:129:5
    |
129 | /     pub async fn new(config: RedisObserverConfig) -> Result<Self, RedisObserverError> {
130 | |         let cfg = deadpool_redis::Config {
131 | |             url: Some(config.redis_url.clone()),
132 | |             pool: Some(deadpool_redis::PoolConfig {
...   |
143 | |         Ok(Self { pool, config })
144 | |     }
    | |_____^
    |
    = help: consider removing the `async` from this function
    = help: for further information visit https://rust-lang.github.io/rust-clippy/rust-1.97.0/index.html#unused_async

warning: missing documentation for a variant
  --> crates/agentverify-observe/src/postgres.rs:48:5
   |
48 |     Config(String),
   |     ^^^^^^
   |
   = note: requested on the command line with `-W missing-docs`

warning: missing documentation for a variant
  --> crates/agentverify-observe/src/postgres.rs:51:5
   |
51 |     PoolCreation(String),
   |     ^^^^^^^^^^^^

warning: missing documentation for a variant
  --> crates/agentverify-observe/src/postgres.rs:54:5
   |
54 |     QueryError(String),
   |     ^^^^^^^^^^

warning: missing documentation for a variant
  --> crates/agentverify-observe/src/postgres.rs:57:5
   |
57 |     QueryBuildError(String),
   |     ^^^^^^^^^^^^^^^

warning: missing documentation for a variant
  --> crates/agentverify-observe/src/postgres.rs:60:5
   |
60 |     ParseError(String),
   |     ^^^^^^^^^^

warning: missing documentation for a variant
  --> crates/agentverify-observe/src/postgres.rs:63:5
   |
63 |     Timeout,
   |     ^^^^^^^

warning: missing documentation for a variant
  --> crates/agentverify-observe/src/postgres.rs:66:5
   |
66 |     NoPostconditions,
   |     ^^^^^^^^^^^^^^^^

warning: missing documentation for a variant
  --> crates/agentverify-observe/src/redis_observer.rs:15:5
   |
15 |     ConnectionFailed(String),
   |     ^^^^^^^^^^^^^^^^

warning: missing documentation for a variant
  --> crates/agentverify-observe/src/redis_observer.rs:18:5
   |
18 |     RedisOperation(String),
   |     ^^^^^^^^^^^^^^

warning: missing documentation for a variant
  --> crates/agentverify-observe/src/redis_observer.rs:21:5
   |
21 |     KeyNotFound(String),
   |     ^^^^^^^^^^^

warning: missing documentation for a variant
  --> crates/agentverify-observe/src/redis_observer.rs:24:5
   |
24 |     InvalidKeyPattern(String),
   |     ^^^^^^^^^^^^^^^^^

warning: missing documentation for a variant
  --> crates/agentverify-observe/src/redis_observer.rs:27:5
   |
27 |     InvalidObservationSpec(String),
   |     ^^^^^^^^^^^^^^^^^^^^^^

warning: missing documentation for a variant
  --> crates/agentverify-observe/src/redis_observer.rs:30:5
   |
30 |     PoolError(#[from] deadpool_redis::PoolError),
   |     ^^^^^^^^^

warning: missing documentation for a variant
  --> crates/agentverify-observe/src/redis_observer.rs:33:5
   |
33 |     PoolCreate(String),
   |     ^^^^^^^^^^

warning: missing documentation for a variant
  --> crates/agentverify-observe/src/redis_observer.rs:36:5
   |
36 |     RedisError(#[from] redis::RedisError),
   |     ^^^^^^^^^^

warning: `agentverify-observe` (lib test) generated 35 warnings
