Diff in /nas/Temp/repos/AgentVerify/crates/agentverify-cli/src/main.rs:190:
     let (shutdown_tx, mut shutdown_rx) = oneshot::channel::<()>();
     tokio::spawn(async move {
         // Setup SIGTERM signal stream
[31m-        let mut sigterm = match
(B[m[31m-            tokio::signal::unix::signal(tokio::signal::unix::SignalKind::terminate())
(B[m[31m-        {
(B[m[31m-            Ok(stream) => stream,
(B[m[31m-            Err(error) => {
(B[m[31m-                tracing::warn!("Failed to create SIGTERM signal handler: {error}");
(B[m[31m-                return;
(B[m[31m-            }
(B[m[31m-        };
(B[m[32m+        let mut sigterm =
(B[m[32m+            match tokio::signal::unix::signal(tokio::signal::unix::SignalKind::terminate()) {
(B[m[32m+                Ok(stream) => stream,
(B[m[32m+                Err(error) => {
(B[m[32m+                    tracing::warn!("Failed to create SIGTERM signal handler: {error}");
(B[m[32m+                    return;
(B[m[32m+                }
(B[m[32m+            };
(B[m 
         // Wait for shutdown signal (SIGINT or SIGTERM)
         tokio::select! {
Diff in /nas/Temp/repos/AgentVerify/crates/agentverify-cli/src/main.rs:335:
 
     // Validate observer URL
     let observer_base_url = Url::parse(&observer_url).with_context(|| {
[31m-        format!(
(B[m[31m-            "Invalid observer URL '{observer_url}': must be a valid HTTP/HTTPS URL"
(B[m[31m-        )
(B[m[32m+        format!("Invalid observer URL '{observer_url}': must be a valid HTTP/HTTPS URL")
(B[m     })?;
     if !matches!(observer_base_url.scheme(), "http" | "https") {
         anyhow::bail!(
Diff in /nas/Temp/repos/AgentVerify/crates/agentverify-cli/src/main.rs:348:
 
     // Load contract
     let path = std::path::Path::new(contract_path);
[31m-    let contract = load_file(path)
(B[m[31m-        .with_context(|| format!("Failed to load contract from {contract_path}"))?;
(B[m[32m+    let contract =
(B[m[32m+        load_file(path).with_context(|| format!("Failed to load contract from {contract_path}"))?;
(B[m 
     // Parse action arguments
     let args: serde_json::Value = serde_json::from_str(args_json)
Diff in /nas/Temp/repos/AgentVerify/crates/agentverify-core/src/receipt.rs:468:
             // Update index
             let index_store = Self::new(base_path.clone())
                 .map_err(|e| ReceiptStoreError::Persist(e.to_string()))?;
[31m-            let mut index = index_store
(B[m[31m-                .read_index_async()
(B[m[31m-                .await
(B[m[31m-                .unwrap_or_default();
(B[m[32m+            let mut index = index_store.read_index_async().await.unwrap_or_default();
(B[m             index.entry(action_id).or_default().push(receipt_id);
             index_store
                 .write_index_async(&index)
Diff in /nas/Temp/repos/AgentVerify/crates/agentverify-engine/src/engine.rs:61:
             Predicate::NotEquals { path, value } => {
                 Ok(Self::eval_not_equals(state, path, value, args))
             }
[31m-            Predicate::Contains { path, value } => Ok(Self::eval_contains(state, path, value, args)),
(B[m[32m+            Predicate::Contains { path, value } => {
(B[m[32m+                Ok(Self::eval_contains(state, path, value, args))
(B[m[32m+            }
(B[m             Predicate::Matches { path, pattern } => self.eval_matches(state, path, pattern),
             Predicate::GreaterThan { path, value } => {
                 Ok(Self::eval_greater_than(state, path, value, args))
Diff in /nas/Temp/repos/AgentVerify/crates/agentverify-engine/src/engine.rs:68:
             }
[31m-            Predicate::LessThan { path, value } => Ok(Self::eval_less_than(state, path, value, args)),
(B[m[32m+            Predicate::LessThan { path, value } => {
(B[m[32m+                Ok(Self::eval_less_than(state, path, value, args))
(B[m[32m+            }
(B[m             Predicate::Count {
                 path,
                 operator,
Diff in /nas/Temp/repos/AgentVerify/crates/agentverify-engine/src/engine.rs:130:
         }
     }
 
[31m-    fn eval_contains(
(B[m[31m-        state: &Value,
(B[m[31m-        path: &str,
(B[m[31m-        value: &Value,
(B[m[31m-        args: &Value,
(B[m[31m-    ) -> VerificationResult {
(B[m[32m+    fn eval_contains(state: &Value, path: &str, value: &Value, args: &Value) -> VerificationResult {
(B[m         let actual = get_path(state, path);
         let value = resolve_value(value, args);
 
Diff in /nas/Temp/repos/AgentVerify/crates/agentverify-observe/src/postgres.rs:342:
         query: &str,
         params: &[Value],
     ) -> Result<Value, PostgresObserverError> {
[31m-        let client =
(B[m[31m-            self.pool.get().await.map_err(|e| {
(B[m[31m-                PostgresObserverError::QueryError(format!("Pool get failed: {e}"))
(B[m[31m-            })?;
(B[m[32m+        let client = self
(B[m[32m+            .pool
(B[m[32m+            .get()
(B[m[32m+            .await
(B[m[32m+            .map_err(|e| PostgresObserverError::QueryError(format!("Pool get failed: {e}")))?;
(B[m 
         // Convert JSON values to strings for postgres query
         let string_params: Vec<String> = params
Diff in /nas/Temp/repos/AgentVerify/crates/agentverify-observe/src/postgres.rs:462:
 
     /// Check connectivity by executing a simple query
     pub async fn health_check(&self) -> Result<(), PostgresObserverError> {
[31m-        let client =
(B[m[31m-            self.pool.get().await.map_err(|e| {
(B[m[31m-                PostgresObserverError::QueryError(format!("Pool get failed: {e}"))
(B[m[31m-            })?;
(B[m[32m+        let client = self
(B[m[32m+            .pool
(B[m[32m+            .get()
(B[m[32m+            .await
(B[m[32m+            .map_err(|e| PostgresObserverError::QueryError(format!("Pool get failed: {e}")))?;
(B[m 
         client
             .query_one("SELECT 1", &[])
Diff in /nas/Temp/repos/AgentVerify/crates/agentverify-otel/src/lib.rs:298:
             receipt.contract_id.to_string(),
         ));
         span.set_attribute(KeyValue::new("receipt.result", receipt.result.to_string()));
[31m-        span.set_attribute(KeyValue::new("receipt.attempts", i64::from(receipt.attempts)));
(B[m[32m+        span.set_attribute(KeyValue::new(
(B[m[32m+            "receipt.attempts",
(B[m[32m+            i64::from(receipt.attempts),
(B[m[32m+        ));
(B[m         span.set_attribute(KeyValue::new(
             "receipt.timestamp",
             receipt.timestamp.to_rfc3339(),
Diff in /nas/Temp/repos/AgentVerify/crates/agentverify-policy/src/engine.rs:208:
                 current: b.count,
                 limit: limit.max_count,
                 remaining: limit.max_count.saturating_sub(b.count),
[31m-                window_secs_remaining: limit.window.checked_sub(b.window_start.elapsed()).unwrap().as_secs(),
(B[m[32m+                window_secs_remaining: limit
(B[m[32m+                    .window
(B[m[32m+                    .checked_sub(b.window_start.elapsed())
(B[m[32m+                    .unwrap()
(B[m[32m+                    .as_secs(),
(B[m             },
             _ => RateLimitStatus {
                 current: 0,
Diff in /nas/Temp/repos/AgentVerify/crates/agentverify-policy/src/engine.rs:229:
         *self
             .idempotency_tracker
             .lock()
[31m-            .unwrap_or_else(std::sync::PoisonError::into_inner) = IdempotencyRateLimitTracker::new();
(B[m[32m+            .unwrap_or_else(std::sync::PoisonError::into_inner) =
(B[m[32m+            IdempotencyRateLimitTracker::new();
(B[m     }
 
     /// Clean up expired rate limit buckets
Diff in /nas/Temp/repos/AgentVerify/crates/agentverify-policy/src/policy.rs:89:
             Self::Exact(name) => action_name == name,
             Self::Prefix(prefix) => action_name.starts_with(prefix),
             Self::Suffix(suffix) => action_name.ends_with(suffix),
[31m-            Self::Regex { regex, .. } => regex
(B[m[31m-                .as_ref()
(B[m[31m-                .is_some_and(|r| r.is_match(action_name)),
(B[m[32m+            Self::Regex { regex, .. } => regex.as_ref().is_some_and(|r| r.is_match(action_name)),
(B[m         }
     }
 }
Diff in /nas/Temp/repos/AgentVerify/crates/agentverify-recovery/src/lib.rs:141:
             BackoffType::Linear => {
                 self.initial
                     + Duration::milliseconds(
[31m-                        (self.initial.num_milliseconds() as f64 * self.multiplier * f64::from(attempt))
(B[m[31m-                            as i64,
(B[m[32m+                        (self.initial.num_milliseconds() as f64
(B[m[32m+                            * self.multiplier
(B[m[32m+                            * f64::from(attempt)) as i64,
(B[m                     )
             }
             BackoffType::Exponential => {
Diff in /nas/Temp/repos/AgentVerify/crates/agentverify-recovery/src/lib.rs:301:
                     // Durations here are always positive, so the cast is lossless.
                     #[allow(clippy::cast_sign_loss)]
                     let millis = delay.num_milliseconds() as u64;
[31m-                    tokio::time::sleep(tokio::time::Duration::from_millis(millis))
(B[m[31m-                    .await;
(B[m[32m+                    tokio::time::sleep(tokio::time::Duration::from_millis(millis)).await;
(B[m                 }
 
                 // Execute the operation
Diff in /nas/Temp/repos/AgentVerify/crates/agentverify-recovery/src/lib.rs:543:
 impl Debug for CircuitBreaker {
     fn fmt(&self, f: &mut std::fmt::Formatter<'_>) -> std::fmt::Result {
         f.debug_struct("CircuitBreaker")
[31m-            .field("state", &self.state.read().unwrap_or_else(PoisonError::into_inner))
(B[m[32m+            .field(
(B[m[32m+                "state",
(B[m[32m+                &self.state.read().unwrap_or_else(PoisonError::into_inner),
(B[m[32m+            )
(B[m             .field("failure_count", &self.failure_count.load(Ordering::SeqCst))
             .field("success_count", &self.success_count.load(Ordering::SeqCst))
[31m-            .field("last_failure", &self.last_failure.read().unwrap_or_else(PoisonError::into_inner))
(B[m[32m+            .field(
(B[m[32m+                "last_failure",
(B[m[32m+                &self
(B[m[32m+                    .last_failure
(B[m[32m+                    .read()
(B[m[32m+                    .unwrap_or_else(PoisonError::into_inner),
(B[m[32m+            )
(B[m             .field("config", &self.config)
             .finish()
     }
Diff in /nas/Temp/repos/AgentVerify/crates/agentverify-recovery/src/lib.rs:578:
 
     /// Record a failure
     pub fn record_failure(&self) {
[31m-        let mut last = self.last_failure.write().unwrap_or_else(PoisonError::into_inner);
(B[m[32m+        let mut last = self
(B[m[32m+            .last_failure
(B[m[32m+            .write()
(B[m[32m+            .unwrap_or_else(PoisonError::into_inner);
(B[m         *last = Some(Utc::now());
 
         let state = self.state();
Diff in /nas/Temp/repos/AgentVerify/crates/agentverify-recovery/src/lib.rs:586:
             CircuitState::Closed => {
                 let failures = self.failure_count.fetch_add(1, Ordering::SeqCst) + 1;
                 if failures >= self.config.failure_threshold {
[31m-                    *self.state.write().unwrap_or_else(PoisonError::into_inner) = CircuitState::Open;
(B[m[32m+                    *self.state.write().unwrap_or_else(PoisonError::into_inner) =
(B[m[32m+                        CircuitState::Open;
(B[m                     tracing::warn!(failures, "Circuit breaker opened");
                 }
             }
Diff in /nas/Temp/repos/AgentVerify/crates/agentverify-recovery/src/lib.rs:609:
             CircuitState::HalfOpen => {
                 let successes = self.success_count.fetch_add(1, Ordering::SeqCst) + 1;
                 if successes >= self.config.success_threshold {
[31m-                    *self.state.write().unwrap_or_else(PoisonError::into_inner) = CircuitState::Closed;
(B[m[32m+                    *self.state.write().unwrap_or_else(PoisonError::into_inner) =
(B[m[32m+                        CircuitState::Closed;
(B[m                     self.failure_count.store(0, Ordering::SeqCst);
                     self.success_count.store(0, Ordering::SeqCst);
                     tracing::info!("Circuit breaker closed");
Diff in /nas/Temp/repos/AgentVerify/crates/agentverify-recovery/src/lib.rs:623:
     pub fn is_allowed(&self) -> bool {
         let state = self.state();
         if state == CircuitState::Open {
[31m-            let last = self.last_failure.read().unwrap_or_else(PoisonError::into_inner);
(B[m[32m+            let last = self
(B[m[32m+                .last_failure
(B[m[32m+                .read()
(B[m[32m+                .unwrap_or_else(PoisonError::into_inner);
(B[m             if let Some(last_failure) = *last {
                 if Utc::now() - last_failure >= self.config.recovery_timeout {
[31m-                    *self.state.write().unwrap_or_else(PoisonError::into_inner) = CircuitState::HalfOpen;
(B[m[32m+                    *self.state.write().unwrap_or_else(PoisonError::into_inner) =
(B[m[32m+                        CircuitState::HalfOpen;
(B[m                     tracing::info!("Circuit breaker entering half-open state");
                     return true;
                 }
Diff in /nas/Temp/repos/AgentVerify/crates/agentverify-runtime/src/executor.rs:495:
                     );
                     // Only retry on Failed if verify_before_retry is enabled AND should_retry says to
                     if self.config.verify_before_retry
[31m-                        && Self::should_retry(attempts, contract.recovery.as_ref(), self.config.max_retries)
(B[m[32m+                        && Self::should_retry(
(B[m[32m+                            attempts,
(B[m[32m+                            contract.recovery.as_ref(),
(B[m[32m+                            self.config.max_retries,
(B[m[32m+                        )
(B[m                     {
                         tokio::time::sleep(std::time::Duration::from_millis(backoff_ms)).await;
                         continue;
Diff in /nas/Temp/repos/AgentVerify/crates/agentverify-runtime/src/executor.rs:514:
                         5000, // default_max
                         2.0,  // default_multiplier
                     );
[31m-                    if Self::should_retry(attempts, contract.recovery.as_ref(), self.config.max_retries) {
(B[m[32m+                    if Self::should_retry(
(B[m[32m+                        attempts,
(B[m[32m+                        contract.recovery.as_ref(),
(B[m[32m+                        self.config.max_retries,
(B[m[32m+                    ) {
(B[m                         tokio::time::sleep(std::time::Duration::from_millis(backoff_ms)).await;
                         continue;
                     }
Diff in /nas/Temp/repos/AgentVerify/crates/agentverify-runtime/src/executor.rs:790:
                         2.0,  // default_multiplier
                     );
                     if self.config.verify_before_retry
[31m-                        && Self::should_retry(attempts, contract.recovery.as_ref(), self.config.max_retries)
(B[m[32m+                        && Self::should_retry(
(B[m[32m+                            attempts,
(B[m[32m+                            contract.recovery.as_ref(),
(B[m[32m+                            self.config.max_retries,
(B[m[32m+                        )
(B[m                     {
                         sleep(std::time::Duration::from_millis(backoff_ms)).await;
                         continue;
Diff in /nas/Temp/repos/AgentVerify/crates/agentverify-runtime/src/executor.rs:809:
                         5000, // default_max
                         2.0,  // default_multiplier
                     );
[31m-                    if Self::should_retry(attempts, contract.recovery.as_ref(), self.config.max_retries) {
(B[m[32m+                    if Self::should_retry(
(B[m[32m+                        attempts,
(B[m[32m+                        contract.recovery.as_ref(),
(B[m[32m+                        self.config.max_retries,
(B[m[32m+                    ) {
(B[m                         sleep(std::time::Duration::from_millis(backoff_ms)).await;
                         continue;
                     }
fmt exit: 1
