   Compiling proc-macro2 v1.0.107
   Compiling quote v1.0.47
   Compiling unicode-ident v1.0.24
   Compiling version_check v0.9.5
    Checking cfg-if v1.0.4
   Compiling generic-array v0.14.7
   Compiling serde_core v1.0.229
   Compiling syn v2.0.119
    Checking typenum v1.20.1
   Compiling syn v3.0.4
    Checking memchr v2.8.3
    Checking block-buffer v0.10.4
    Checking crypto-common v0.1.7
   Compiling autocfg v1.5.1
   Compiling serde v1.0.229
   Compiling zmij v1.0.23
   Compiling num-traits v0.2.19
    Checking digest v0.10.7
   Compiling serde_json v1.0.151
   Compiling thiserror v1.0.69
    Checking itoa v1.0.18
   Compiling serde_derive v1.0.229
   Compiling getrandom v0.4.3
   Compiling thiserror-impl v1.0.69
    Checking pin-project-lite v0.2.17
    Checking once_cell v1.21.4
   Compiling anyhow v1.0.104
    Checking tracing-core v0.1.36
   Compiling tokio-macros v2.7.2
    Checking sha2 v0.10.9
   Compiling tracing-attributes v0.1.31
   Compiling zerocopy v0.8.56
    Checking wasi v0.11.1+wasi-snapshot-preview1
   Compiling ucd-trie v0.1.7
   Compiling semver v1.0.28
   Compiling rustc_version v0.4.1
   Compiling pest v2.9.0
    Checking tracing v0.1.44
    Checking getrandom v0.2.17
    Checking tokio v1.53.1
    Checking chrono v0.4.45
    Checking uuid v1.25.0
    Checking aho-corasick v1.1.5
    Checking hex v0.4.3
    Checking regex-syntax v0.8.11
    Checking agentverify-core v0.1.0 (/nas/Temp/repos/AgentVerify/crates/agentverify-core)
    Checking regex-automata v0.4.18
warning: missing documentation for a struct field
  --> crates/agentverify-core/src/contract.rs:20:5
   |
20 |     pub major: u32,
   |     ^^^^^^^^^^^^^^
   |
   = note: requested on the command line with `-W missing-docs`

warning: missing documentation for a struct field
  --> crates/agentverify-core/src/contract.rs:21:5
   |
21 |     pub minor: u32,
   |     ^^^^^^^^^^^^^^

warning: missing documentation for an associated function
  --> crates/agentverify-core/src/contract.rs:26:5
   |
26 |     pub fn new(version: &str) -> Option<Self> {
   |     ^^^^^^^^^^^^^^^^^^^^^^^^^^^^^^^^^^^^^^^^^

warning: missing documentation for a struct field
   --> crates/agentverify-core/src/contract.rs:171:9
    |
171 |         interval: chrono::Duration,
    |         ^^^^^^^^^^^^^^^^^^^^^^^^^^

warning: missing documentation for a struct field
   --> crates/agentverify-core/src/contract.rs:172:9
    |
172 |         max_attempts: u32,
    |         ^^^^^^^^^^^^^^^^^

warning: missing documentation for a struct field
   --> crates/agentverify-core/src/contract.rs:175:13
    |
175 |     Alert { severity: AlertSeverity },
    |             ^^^^^^^^^^^^^^^^^^^^^^^

warning: missing documentation for a variant
   --> crates/agentverify-core/src/contract.rs:411:5
    |
411 |     InvalidSchemaVersion(String),
    |     ^^^^^^^^^^^^^^^^^^^^

warning: missing documentation for a variant
   --> crates/agentverify-core/src/contract.rs:414:5
    |
414 |     IncompatibleSchemaVersion { expected: String, actual: String },
    |     ^^^^^^^^^^^^^^^^^^^^^^^^^

warning: missing documentation for a struct field
   --> crates/agentverify-core/src/contract.rs:414:33
    |
414 |     IncompatibleSchemaVersion { expected: String, actual: String },
    |                                 ^^^^^^^^^^^^^^^^

warning: missing documentation for a struct field
   --> crates/agentverify-core/src/contract.rs:414:51
    |
414 |     IncompatibleSchemaVersion { expected: String, actual: String },
    |                                                   ^^^^^^^^^^^^^^

warning: missing documentation for a variant
   --> crates/agentverify-core/src/contract.rs:417:5
    |
417 |     EmptyActionName,
    |     ^^^^^^^^^^^^^^^

warning: missing documentation for a variant
   --> crates/agentverify-core/src/contract.rs:420:5
    |
420 |     NoPostconditions,
    |     ^^^^^^^^^^^^^^^^

warning: missing documentation for a variant
   --> crates/agentverify-core/src/contract.rs:423:5
    |
423 |     DuplicatePostconditionPath(String),
    |     ^^^^^^^^^^^^^^^^^^^^^^^^^^

warning: missing documentation for a variant
   --> crates/agentverify-core/src/contract.rs:426:5
    |
426 |     InvalidMaxAttempts,
    |     ^^^^^^^^^^^^^^^^^^

warning: missing documentation for a variant
   --> crates/agentverify-core/src/contract.rs:429:5
    |
429 |     InvalidBackoff {
    |     ^^^^^^^^^^^^^^

warning: missing documentation for a struct field
   --> crates/agentverify-core/src/contract.rs:430:9
    |
430 |         initial: chrono::Duration,
    |         ^^^^^^^^^^^^^^^^^^^^^^^^^

warning: missing documentation for a struct field
   --> crates/agentverify-core/src/contract.rs:431:9
    |
431 |         max: chrono::Duration,
    |         ^^^^^^^^^^^^^^^^^^^^^

warning: missing documentation for a variant
   --> crates/agentverify-core/src/contract.rs:435:5
    |
435 |     InvalidBackoffMultiplier(f64),
    |     ^^^^^^^^^^^^^^^^^^^^^^^^

warning: missing documentation for a struct field
  --> crates/agentverify-core/src/predicate.rs:12:14
   |
12 |     Exists { path: String },
   |              ^^^^^^^^^^^^

warning: missing documentation for a struct field
  --> crates/agentverify-core/src/predicate.rs:14:17
   |
14 |     NotExists { path: String },
   |                 ^^^^^^^^^^^^

warning: missing documentation for a struct field
  --> crates/agentverify-core/src/predicate.rs:16:14
   |
16 |     Equals { path: String, value: Value },
   |              ^^^^^^^^^^^^

warning: missing documentation for a struct field
  --> crates/agentverify-core/src/predicate.rs:16:28
   |
16 |     Equals { path: String, value: Value },
   |                            ^^^^^^^^^^^^

warning: missing documentation for a struct field
  --> crates/agentverify-core/src/predicate.rs:18:17
   |
18 |     NotEquals { path: String, value: Value },
   |                 ^^^^^^^^^^^^

warning: missing documentation for a struct field
  --> crates/agentverify-core/src/predicate.rs:18:31
   |
18 |     NotEquals { path: String, value: Value },
   |                               ^^^^^^^^^^^^

warning: missing documentation for a struct field
  --> crates/agentverify-core/src/predicate.rs:20:16
   |
20 |     Contains { path: String, value: Value },
   |                ^^^^^^^^^^^^

warning: missing documentation for a struct field
  --> crates/agentverify-core/src/predicate.rs:20:30
   |
20 |     Contains { path: String, value: Value },
   |                              ^^^^^^^^^^^^

warning: missing documentation for a struct field
  --> crates/agentverify-core/src/predicate.rs:22:15
   |
22 |     Matches { path: String, pattern: String },
   |               ^^^^^^^^^^^^

warning: missing documentation for a struct field
  --> crates/agentverify-core/src/predicate.rs:22:29
   |
22 |     Matches { path: String, pattern: String },
   |                             ^^^^^^^^^^^^^^^

warning: missing documentation for a struct field
  --> crates/agentverify-core/src/predicate.rs:24:19
   |
24 |     GreaterThan { path: String, value: Value },
   |                   ^^^^^^^^^^^^

warning: missing documentation for a struct field
  --> crates/agentverify-core/src/predicate.rs:24:33
   |
24 |     GreaterThan { path: String, value: Value },
   |                                 ^^^^^^^^^^^^

warning: missing documentation for a struct field
  --> crates/agentverify-core/src/predicate.rs:26:16
   |
26 |     LessThan { path: String, value: Value },
   |                ^^^^^^^^^^^^

warning: missing documentation for a struct field
  --> crates/agentverify-core/src/predicate.rs:26:30
   |
26 |     LessThan { path: String, value: Value },
   |                              ^^^^^^^^^^^^

warning: missing documentation for a struct field
  --> crates/agentverify-core/src/predicate.rs:31:9
   |
31 |         path: String,
   |         ^^^^^^^^^^^^

warning: missing documentation for a struct field
  --> crates/agentverify-core/src/predicate.rs:32:9
   |
32 |         operator: CountOperator,
   |         ^^^^^^^^^^^^^^^^^^^^^^^

warning: missing documentation for a struct field
  --> crates/agentverify-core/src/predicate.rs:33:9
   |
33 |         value: i64,
   |         ^^^^^^^^^^

warning: missing documentation for a struct field
  --> crates/agentverify-core/src/predicate.rs:36:15
   |
36 |     IsEmpty { path: String },
   |               ^^^^^^^^^^^^

warning: missing documentation for a struct field
  --> crates/agentverify-core/src/predicate.rs:38:18
   |
38 |     IsNotEmpty { path: String },
   |                  ^^^^^^^^^^^^

warning: missing documentation for a struct field
  --> crates/agentverify-core/src/predicate.rs:42:11
   |
42 |     All { predicates: Vec<Predicate> },
   |           ^^^^^^^^^^^^^^^^^^^^^^^^^^

warning: missing documentation for a struct field
  --> crates/agentverify-core/src/predicate.rs:44:11
   |
44 |     Any { predicates: Vec<Predicate> },
   |           ^^^^^^^^^^^^^^^^^^^^^^^^^^

warning: missing documentation for a struct field
  --> crates/agentverify-core/src/predicate.rs:46:11
   |
46 |     Not { predicate: Box<Predicate> },
   |           ^^^^^^^^^^^^^^^^^^^^^^^^^

warning: missing documentation for a struct field
  --> crates/agentverify-core/src/predicate.rs:49:9
   |
49 |         antecedent: Box<Predicate>,
   |         ^^^^^^^^^^^^^^^^^^^^^^^^^^

warning: missing documentation for a struct field
  --> crates/agentverify-core/src/predicate.rs:50:9
   |
50 |         consequent: Box<Predicate>,
   |         ^^^^^^^^^^^^^^^^^^^^^^^^^^

warning: missing documentation for a variant
   --> crates/agentverify-core/src/predicate.rs:157:5
    |
157 |     Eq,
    |     ^^

warning: missing documentation for a variant
   --> crates/agentverify-core/src/predicate.rs:158:5
    |
158 |     Ne,
    |     ^^

warning: missing documentation for a variant
   --> crates/agentverify-core/src/predicate.rs:159:5
    |
159 |     Lt,
    |     ^^

warning: missing documentation for a variant
   --> crates/agentverify-core/src/predicate.rs:160:5
    |
160 |     Le,
    |     ^^

warning: missing documentation for a variant
   --> crates/agentverify-core/src/predicate.rs:161:5
    |
161 |     Gt,
    |     ^^

warning: missing documentation for a variant
   --> crates/agentverify-core/src/predicate.rs:162:5
    |
162 |     Ge,
    |     ^^

warning: missing documentation for a trait
   --> crates/agentverify-core/src/receipt.rs:268:1
    |
268 | pub trait ReceiptStore: Send + Sync {
    | ^^^^^^^^^^^^^^^^^^^^^^^^^^^^^^^^^^^

warning: missing documentation for an associated function
   --> crates/agentverify-core/src/receipt.rs:312:5
    |
312 |     pub fn new() -> Self {
    |     ^^^^^^^^^^^^^^^^^^^^

warning: `agentverify-core` (lib) generated 50 warnings
   Compiling pest_meta v2.9.0
    Checking rand_core v0.6.4
   Compiling curve25519-dalek v4.1.3
    Checking regex v1.13.1
   Compiling pest_generator v2.9.0
    Checking equivalent v1.0.2
    Checking hashbrown v0.17.1
    Checking signature v2.2.0
    Checking subtle v2.6.1
    Checking zeroize v1.9.0
    Checking ed25519 v2.2.3
    Checking ppv-lite86 v0.2.21
    Checking rand_chacha v0.3.1
    Checking indexmap v2.14.0
   Compiling pest_derive v2.9.0
    Checking unsafe-libyaml v0.2.11
    Checking ryu v1.0.23
    Checking jsonpath-rust v0.6.1
    Checking serde_yaml v0.9.34+deprecated
    Checking rand v0.8.7
    Checking ed25519-dalek v2.2.0
    Checking base64 v0.22.1
    Checking agentverify-contract v0.1.0 (/nas/Temp/repos/AgentVerify/crates/agentverify-contract)
    Checking agentverify-receipt v0.1.0 (/nas/Temp/repos/AgentVerify/crates/agentverify-receipt)
warning: missing documentation for an enum
   --> crates/agentverify-contract/src/contract.rs:125:1
    |
125 | pub enum ContractError {
    | ^^^^^^^^^^^^^^^^^^^^^^
    |
    = note: requested on the command line with `-W missing-docs`

warning: missing documentation for a variant
   --> crates/agentverify-contract/src/contract.rs:126:5
    |
126 |     JsonError {
    |     ^^^^^^^^^

warning: missing documentation for a struct field
   --> crates/agentverify-contract/src/contract.rs:127:9
    |
127 |         source: serde_json::Error,
    |         ^^^^^^^^^^^^^^^^^^^^^^^^^

warning: missing documentation for a struct field
   --> crates/agentverify-contract/src/contract.rs:128:9
    |
128 |         location: Option<SourceLocation>,
    |         ^^^^^^^^^^^^^^^^^^^^^^^^^^^^^^^^

warning: missing documentation for a struct field
   --> crates/agentverify-contract/src/contract.rs:129:9
    |
129 |         context: Option<ContractContext>,
    |         ^^^^^^^^^^^^^^^^^^^^^^^^^^^^^^^^

warning: missing documentation for a variant
   --> crates/agentverify-contract/src/contract.rs:131:5
    |
131 |     YamlError {
    |     ^^^^^^^^^

warning: missing documentation for a struct field
   --> crates/agentverify-contract/src/contract.rs:132:9
    |
132 |         source: serde_yaml::Error,
    |         ^^^^^^^^^^^^^^^^^^^^^^^^^

warning: missing documentation for a struct field
   --> crates/agentverify-contract/src/contract.rs:133:9
    |
133 |         location: Option<SourceLocation>,
    |         ^^^^^^^^^^^^^^^^^^^^^^^^^^^^^^^^

warning: missing documentation for a struct field
   --> crates/agentverify-contract/src/contract.rs:134:9
    |
134 |         context: Option<ContractContext>,
    |         ^^^^^^^^^^^^^^^^^^^^^^^^^^^^^^^^

warning: missing documentation for a variant
   --> crates/agentverify-contract/src/contract.rs:136:5
    |
136 |     IoError {
    |     ^^^^^^^

warning: missing documentation for a struct field
   --> crates/agentverify-contract/src/contract.rs:137:9
    |
137 |         source: std::io::Error,
    |         ^^^^^^^^^^^^^^^^^^^^^^

warning: missing documentation for a struct field
   --> crates/agentverify-contract/src/contract.rs:138:9
    |
138 |         location: Option<SourceLocation>,
    |         ^^^^^^^^^^^^^^^^^^^^^^^^^^^^^^^^

warning: missing documentation for a struct field
   --> crates/agentverify-contract/src/contract.rs:139:9
    |
139 |         context: Option<ContractContext>,
    |         ^^^^^^^^^^^^^^^^^^^^^^^^^^^^^^^^

warning: missing documentation for a variant
   --> crates/agentverify-contract/src/contract.rs:141:5
    |
141 |     InvalidContract {
    |     ^^^^^^^^^^^^^^^

warning: missing documentation for a struct field
   --> crates/agentverify-contract/src/contract.rs:142:9
    |
142 |         reason: String,
    |         ^^^^^^^^^^^^^^

warning: missing documentation for a struct field
   --> crates/agentverify-contract/src/contract.rs:143:9
    |
143 |         location: Option<SourceLocation>,
    |         ^^^^^^^^^^^^^^^^^^^^^^^^^^^^^^^^

warning: missing documentation for a struct field
   --> crates/agentverify-contract/src/contract.rs:144:9
    |
144 |         context: Option<ContractContext>,
    |         ^^^^^^^^^^^^^^^^^^^^^^^^^^^^^^^^

warning: missing documentation for a variant
   --> crates/agentverify-contract/src/contract.rs:146:5
    |
146 |     InvalidPredicate {
    |     ^^^^^^^^^^^^^^^^

warning: missing documentation for a struct field
   --> crates/agentverify-contract/src/contract.rs:147:9
    |
147 |         reason: String,
    |         ^^^^^^^^^^^^^^

warning: missing documentation for a struct field
   --> crates/agentverify-contract/src/contract.rs:148:9
    |
148 |         path: PredicatePath,
    |         ^^^^^^^^^^^^^^^^^^^

warning: missing documentation for a struct field
   --> crates/agentverify-contract/src/contract.rs:149:9
    |
149 |         context: Option<ContractContext>,
    |         ^^^^^^^^^^^^^^^^^^^^^^^^^^^^^^^^

warning: missing documentation for a variant
   --> crates/agentverify-contract/src/contract.rs:151:5
    |
151 |     SchemaVersionMismatch {
    |     ^^^^^^^^^^^^^^^^^^^^^

warning: missing documentation for a struct field
   --> crates/agentverify-contract/src/contract.rs:152:9
    |
152 |         expected: String,
    |         ^^^^^^^^^^^^^^^^

warning: missing documentation for a struct field
   --> crates/agentverify-contract/src/contract.rs:153:9
    |
153 |         actual: String,
    |         ^^^^^^^^^^^^^^

warning: missing documentation for a struct field
   --> crates/agentverify-contract/src/contract.rs:154:9
    |
154 |         context: Option<ContractContext>,
    |         ^^^^^^^^^^^^^^^^^^^^^^^^^^^^^^^^

warning: missing documentation for a variant
   --> crates/agentverify-contract/src/contract.rs:156:5
    |
156 |     UnknownFileExtension {
    |     ^^^^^^^^^^^^^^^^^^^^

warning: missing documentation for a struct field
   --> crates/agentverify-contract/src/contract.rs:157:9
    |
157 |         extension: String,
    |         ^^^^^^^^^^^^^^^^^

warning: missing documentation for a struct field
   --> crates/agentverify-contract/src/contract.rs:158:9
    |
158 |         location: Option<SourceLocation>,
    |         ^^^^^^^^^^^^^^^^^^^^^^^^^^^^^^^^

warning: missing documentation for a struct field
   --> crates/agentverify-contract/src/contract.rs:159:9
    |
159 |         context: Option<ContractContext>,
    |         ^^^^^^^^^^^^^^^^^^^^^^^^^^^^^^^^

warning: `agentverify-contract` (lib) generated 29 warnings
    Checking agentverify-engine v0.1.0 (/nas/Temp/repos/AgentVerify/crates/agentverify-engine)
warning: missing documentation for a variant
  --> crates/agentverify-receipt/src/signing.rs:14:5
   |
14 |     MissingKey,
   |     ^^^^^^^^^^
   |
   = note: requested on the command line with `-W missing-docs`

warning: missing documentation for a variant
  --> crates/agentverify-receipt/src/signing.rs:17:5
   |
17 |     SigningFailed(String),
   |     ^^^^^^^^^^^^^

warning: missing documentation for a variant
  --> crates/agentverify-receipt/src/signing.rs:20:5
   |
20 |     VerificationFailed(String),
   |     ^^^^^^^^^^^^^^^^^^

warning: missing documentation for a variant
  --> crates/agentverify-receipt/src/signing.rs:23:5
   |
23 |     KeyError(String),
   |     ^^^^^^^^

warning: `agentverify-receipt` (lib) generated 4 warnings
    Checking agentverify-policy v0.1.0 (/nas/Temp/repos/AgentVerify/crates/agentverify-policy)
warning: missing documentation for a variant
  --> crates/agentverify-policy/src/error.rs:10:5
   |
10 |     EvaluationFailed(String),
   |     ^^^^^^^^^^^^^^^^
   |
   = note: requested on the command line with `-W missing-docs`

warning: missing documentation for a variant
  --> crates/agentverify-policy/src/error.rs:13:5
   |
13 |     InvalidRateLimit(String),
   |     ^^^^^^^^^^^^^^^^

warning: missing documentation for a variant
  --> crates/agentverify-policy/src/error.rs:16:5
   |
16 |     InvalidPattern(String),
   |     ^^^^^^^^^^^^^^

warning: missing documentation for a variant
  --> crates/agentverify-policy/src/error.rs:19:5
   |
19 |     ContractValidation(String),
   |     ^^^^^^^^^^^^^^^^^^

warning: missing documentation for a struct field
  --> crates/agentverify-policy/src/policy.rs:46:9
   |
46 |         pattern: String,
   |         ^^^^^^^^^^^^^^^

warning: missing documentation for a struct field
  --> crates/agentverify-policy/src/policy.rs:49:9
   |
49 |         regex: Option<::regex::Regex>,
   |         ^^^^^^^^^^^^^^^^^^^^^^^^^^^^^

warning: `agentverify-policy` (lib) generated 6 warnings
    Finished `dev` profile [unoptimized + debuginfo] target(s) in 36.11s
wasm exit: 0
