info: syncing channel updates for 1.88-x86_64-unknown-linux-gnu
info: latest update on 2025-06-26 for version 1.88.0 (6b00bc388 2025-06-23)
info: downloading 3 components

  1.88-x86_64-unknown-linux-gnu installed - rustc 1.88.0 (6b00bc388 2025-06-23)

info: checking for self-update (current version: 1.29.0)
   Compiling proc-macro2 v1.0.107
   Compiling quote v1.0.47
   Compiling unicode-ident v1.0.24
    Checking cfg-if v1.0.4
   Compiling libc v0.2.189
   Compiling syn v2.0.119
   Compiling syn v3.0.4
    Checking pin-project-lite v0.2.17
    Checking bytes v1.12.1
    Checking smallvec v1.15.2
    Checking memchr v2.8.3
   Compiling parking_lot_core v0.9.12
    Checking scopeguard v1.2.0
    Checking lock_api v0.4.14
    Checking errno v0.3.14
    Checking itoa v1.0.18
    Checking once_cell v1.21.4
    Checking signal-hook-registry v1.4.8
    Checking parking_lot v0.12.5
   Compiling tokio-macros v2.7.2
    Checking socket2 v0.6.5
    Checking mio v1.2.2
    Checking log v0.4.34
    Checking tracing-core v0.1.36
    Checking tokio v1.53.1
   Compiling tracing-attributes v0.1.31
    Checking tracing v0.1.44
   Compiling serde_core v1.0.229
    Checking typenum v1.20.1
    Checking futures-core v0.3.34
   Compiling serde v1.0.229
   Compiling serde_derive v1.0.229
    Checking rand_core v0.10.1
   Compiling getrandom v0.4.3
   Compiling zmij v1.0.23
   Compiling serde_json v1.0.151
   Compiling anyhow v1.0.104
   Compiling version_check v0.9.5
   Compiling generic-array v0.14.7
    Checking futures-sink v0.3.34
   Compiling autocfg v1.5.1
   Compiling num-traits v0.2.19
    Checking block-buffer v0.10.4
    Checking crypto-common v0.1.7
    Checking hashbrown v0.17.1
    Checking slab v0.4.12
    Checking equivalent v1.0.2
    Checking digest v0.10.7
    Checking indexmap v2.14.0
    Checking futures-channel v0.3.34
    Checking cpufeatures v0.2.17
   Compiling thiserror v1.0.69
   Compiling futures-macro v0.3.34
   Compiling thiserror-impl v1.0.69
   Compiling synstructure v0.13.2
    Checking futures-task v0.3.34
    Checking futures-io v0.3.34
    Checking futures-util v0.3.34
    Checking sha2 v0.10.9
    Checking iana-time-zone v0.1.65
    Checking chrono v0.4.45
   Compiling zerofrom-derive v0.1.7
    Checking tokio-util v0.7.19
    Checking uuid v1.25.0
    Checking hex v0.4.3
    Checking percent-encoding v2.3.2
    Checking zerofrom v0.1.8
   Compiling yoke-derive v0.8.2
    Checking stable_deref_trait v1.2.1
    Checking agentverify-core v0.1.0 (/nas/Temp/repos/AgentVerify/crates/agentverify-core)
warning: missing documentation for a struct field
  --> crates/agentverify-core/src/contract.rs:20:5
   |
20 |     pub major: u32,
   |     ^^^^^^^^^^^^^^
   |
   = note: requested on the command line with `-W missing-docs`

warning: missing documentation for a struct field
  --> crates/agentverify-core/src/contract.rs:21:5
   |
21 |     pub minor: u32,
   |     ^^^^^^^^^^^^^^

warning: missing documentation for an associated function
  --> crates/agentverify-core/src/contract.rs:26:5
   |
26 |     pub fn new(version: &str) -> Option<Self> {
   |     ^^^^^^^^^^^^^^^^^^^^^^^^^^^^^^^^^^^^^^^^^

warning: missing documentation for a struct field
   --> crates/agentverify-core/src/contract.rs:171:9
    |
171 |         interval: chrono::Duration,
    |         ^^^^^^^^^^^^^^^^^^^^^^^^^^

warning: missing documentation for a struct field
   --> crates/agentverify-core/src/contract.rs:172:9
    |
172 |         max_attempts: u32,
    |         ^^^^^^^^^^^^^^^^^

warning: missing documentation for a struct field
   --> crates/agentverify-core/src/contract.rs:175:13
    |
175 |     Alert { severity: AlertSeverity },
    |             ^^^^^^^^^^^^^^^^^^^^^^^

warning: missing documentation for a variant
   --> crates/agentverify-core/src/contract.rs:411:5
    |
411 |     InvalidSchemaVersion(String),
    |     ^^^^^^^^^^^^^^^^^^^^

warning: missing documentation for a variant
   --> crates/agentverify-core/src/contract.rs:414:5
    |
414 |     IncompatibleSchemaVersion { expected: String, actual: String },
    |     ^^^^^^^^^^^^^^^^^^^^^^^^^

warning: missing documentation for a struct field
   --> crates/agentverify-core/src/contract.rs:414:33
    |
414 |     IncompatibleSchemaVersion { expected: String, actual: String },
    |                                 ^^^^^^^^^^^^^^^^

warning: missing documentation for a struct field
   --> crates/agentverify-core/src/contract.rs:414:51
    |
414 |     IncompatibleSchemaVersion { expected: String, actual: String },
    |                                                   ^^^^^^^^^^^^^^

warning: missing documentation for a variant
   --> crates/agentverify-core/src/contract.rs:417:5
    |
417 |     EmptyActionName,
    |     ^^^^^^^^^^^^^^^

warning: missing documentation for a variant
   --> crates/agentverify-core/src/contract.rs:420:5
    |
420 |     NoPostconditions,
    |     ^^^^^^^^^^^^^^^^

warning: missing documentation for a variant
   --> crates/agentverify-core/src/contract.rs:423:5
    |
423 |     DuplicatePostconditionPath(String),
    |     ^^^^^^^^^^^^^^^^^^^^^^^^^^

warning: missing documentation for a variant
   --> crates/agentverify-core/src/contract.rs:426:5
    |
426 |     InvalidMaxAttempts,
    |     ^^^^^^^^^^^^^^^^^^

warning: missing documentation for a variant
   --> crates/agentverify-core/src/contract.rs:429:5
    |
429 |     InvalidBackoff {
    |     ^^^^^^^^^^^^^^

warning: missing documentation for a struct field
   --> crates/agentverify-core/src/contract.rs:430:9
    |
430 |         initial: chrono::Duration,
    |         ^^^^^^^^^^^^^^^^^^^^^^^^^

warning: missing documentation for a struct field
   --> crates/agentverify-core/src/contract.rs:431:9
    |
431 |         max: chrono::Duration,
    |         ^^^^^^^^^^^^^^^^^^^^^

warning: missing documentation for a variant
   --> crates/agentverify-core/src/contract.rs:435:5
    |
435 |     InvalidBackoffMultiplier(f64),
    |     ^^^^^^^^^^^^^^^^^^^^^^^^

warning: missing documentation for a struct field
  --> crates/agentverify-core/src/predicate.rs:12:14
   |
12 |     Exists { path: String },
   |              ^^^^^^^^^^^^

warning: missing documentation for a struct field
  --> crates/agentverify-core/src/predicate.rs:14:17
   |
14 |     NotExists { path: String },
   |                 ^^^^^^^^^^^^

warning: missing documentation for a struct field
  --> crates/agentverify-core/src/predicate.rs:16:14
   |
16 |     Equals { path: String, value: Value },
   |              ^^^^^^^^^^^^

warning: missing documentation for a struct field
  --> crates/agentverify-core/src/predicate.rs:16:28
   |
16 |     Equals { path: String, value: Value },
   |                            ^^^^^^^^^^^^

warning: missing documentation for a struct field
  --> crates/agentverify-core/src/predicate.rs:18:17
   |
18 |     NotEquals { path: String, value: Value },
   |                 ^^^^^^^^^^^^

warning: missing documentation for a struct field
  --> crates/agentverify-core/src/predicate.rs:18:31
   |
18 |     NotEquals { path: String, value: Value },
   |                               ^^^^^^^^^^^^

warning: missing documentation for a struct field
  --> crates/agentverify-core/src/predicate.rs:20:16
   |
20 |     Contains { path: String, value: Value },
   |                ^^^^^^^^^^^^

warning: missing documentation for a struct field
  --> crates/agentverify-core/src/predicate.rs:20:30
   |
20 |     Contains { path: String, value: Value },
   |                              ^^^^^^^^^^^^

warning: missing documentation for a struct field
  --> crates/agentverify-core/src/predicate.rs:22:15
   |
22 |     Matches { path: String, pattern: String },
   |               ^^^^^^^^^^^^

warning: missing documentation for a struct field
  --> crates/agentverify-core/src/predicate.rs:22:29
   |
22 |     Matches { path: String, pattern: String },
   |                             ^^^^^^^^^^^^^^^

warning: missing documentation for a struct field
  --> crates/agentverify-core/src/predicate.rs:24:19
   |
24 |     GreaterThan { path: String, value: Value },
   |                   ^^^^^^^^^^^^

warning: missing documentation for a struct field
  --> crates/agentverify-core/src/predicate.rs:24:33
   |
24 |     GreaterThan { path: String, value: Value },
   |                                 ^^^^^^^^^^^^

warning: missing documentation for a struct field
  --> crates/agentverify-core/src/predicate.rs:26:16
   |
26 |     LessThan { path: String, value: Value },
   |                ^^^^^^^^^^^^

warning: missing documentation for a struct field
  --> crates/agentverify-core/src/predicate.rs:26:30
   |
26 |     LessThan { path: String, value: Value },
   |                              ^^^^^^^^^^^^

warning: missing documentation for a struct field
  --> crates/agentverify-core/src/predicate.rs:31:9
   |
31 |         path: String,
   |         ^^^^^^^^^^^^

warning: missing documentation for a struct field
  --> crates/agentverify-core/src/predicate.rs:32:9
   |
32 |         operator: CountOperator,
   |         ^^^^^^^^^^^^^^^^^^^^^^^

warning: missing documentation for a struct field
  --> crates/agentverify-core/src/predicate.rs:33:9
   |
33 |         value: i64,
   |         ^^^^^^^^^^

warning: missing documentation for a struct field
  --> crates/agentverify-core/src/predicate.rs:36:15
   |
36 |     IsEmpty { path: String },
   |               ^^^^^^^^^^^^

warning: missing documentation for a struct field
  --> crates/agentverify-core/src/predicate.rs:38:18
   |
38 |     IsNotEmpty { path: String },
   |                  ^^^^^^^^^^^^

warning: missing documentation for a struct field
  --> crates/agentverify-core/src/predicate.rs:42:11
   |
42 |     All { predicates: Vec<Predicate> },
   |           ^^^^^^^^^^^^^^^^^^^^^^^^^^

warning: missing documentation for a struct field
  --> crates/agentverify-core/src/predicate.rs:44:11
   |
44 |     Any { predicates: Vec<Predicate> },
   |           ^^^^^^^^^^^^^^^^^^^^^^^^^^

warning: missing documentation for a struct field
  --> crates/agentverify-core/src/predicate.rs:46:11
   |
46 |     Not { predicate: Box<Predicate> },
   |           ^^^^^^^^^^^^^^^^^^^^^^^^^

warning: missing documentation for a struct field
  --> crates/agentverify-core/src/predicate.rs:49:9
   |
49 |         antecedent: Box<Predicate>,
   |         ^^^^^^^^^^^^^^^^^^^^^^^^^^

warning: missing documentation for a struct field
  --> crates/agentverify-core/src/predicate.rs:50:9
   |
50 |         consequent: Box<Predicate>,
   |         ^^^^^^^^^^^^^^^^^^^^^^^^^^

warning: missing documentation for a variant
   --> crates/agentverify-core/src/predicate.rs:157:5
    |
157 |     Eq,
    |     ^^

warning: missing documentation for a variant
   --> crates/agentverify-core/src/predicate.rs:158:5
    |
158 |     Ne,
    |     ^^

warning: missing documentation for a variant
   --> crates/agentverify-core/src/predicate.rs:159:5
    |
159 |     Lt,
    |     ^^

warning: missing documentation for a variant
   --> crates/agentverify-core/src/predicate.rs:160:5
    |
160 |     Le,
    |     ^^

warning: missing documentation for a variant
   --> crates/agentverify-core/src/predicate.rs:161:5
    |
161 |     Gt,
    |     ^^

warning: missing documentation for a variant
   --> crates/agentverify-core/src/predicate.rs:162:5
    |
162 |     Ge,
    |     ^^

warning: missing documentation for a trait
   --> crates/agentverify-core/src/receipt.rs:268:1
    |
268 | pub trait ReceiptStore: Send + Sync {
    | ^^^^^^^^^^^^^^^^^^^^^^^^^^^^^^^^^^^

warning: missing documentation for an associated function
   --> crates/agentverify-core/src/receipt.rs:312:5
    |
312 |     pub fn new() -> Self {
    |     ^^^^^^^^^^^^^^^^^^^^

warning: `agentverify-core` (lib) generated 50 warnings
   Compiling zerovec-derive v0.11.6
    Checking yoke v0.8.3
    Checking bitflags v2.13.1
    Checking regex-syntax v0.8.11
    Checking base64 v0.22.1
    Checking zerovec v0.11.8
    Checking http v1.5.0
   Compiling async-trait v0.1.92
   Compiling displaydoc v0.2.7
    Checking fnv v1.0.7
    Checking aho-corasick v1.1.5
    Checking http-body v1.1.0
    Checking tower-service v0.3.3
    Checking tinystr v0.8.4
    Checking writeable v0.6.4
    Checking litemap v0.8.3
    Checking regex-automata v0.4.18
    Checking icu_locale_core v2.3.0
    Checking zerotrie v0.2.5
    Checking potential_utf v0.1.6
   Compiling icu_properties_data v2.3.0
    Checking utf8_iter v1.0.4
   Compiling icu_normalizer_data v2.3.0
   Compiling httparse v1.10.1
    Checking icu_collections v2.3.0
    Checking icu_provider v2.3.1
    Checking try-lock v0.2.5
    Checking atomic-waker v1.1.2
    Checking want v0.3.1
    Checking h2 v0.4.18
    Checking tower-layer v0.3.3
    Checking httpdate v1.0.3
   Compiling zerocopy v0.8.56
    Checking icu_normalizer v2.3.0
    Checking icu_properties v2.3.0
    Checking regex v1.13.1
    Checking http-body-util v0.1.5
    Checking form_urlencoded v1.2.2
   Compiling zerocopy-derive v0.8.56
    Checking hyper v1.11.0
    Checking ipnet v2.12.1
    Checking ryu v1.0.23
   Compiling ucd-trie v0.1.7
    Checking hyper-util v0.1.20
   Compiling pest v2.9.0
    Checking idna_adapter v1.2.2
    Checking sync_wrapper v1.0.2
    Checking idna v1.1.0
   Compiling pest_meta v2.9.0
   Compiling pest_generator v2.9.0
    Checking url v2.5.8
    Checking tower v0.5.3
   Compiling pest_derive v2.9.0
   Compiling shlex v2.0.1
   Compiling find-msvc-tools v0.1.11
    Checking jsonpath-rust v0.6.1
   Compiling cc v1.4.4
    Checking unsafe-libyaml v0.2.11
   Compiling vcpkg v0.2.15
   Compiling pkg-config v0.3.34
    Checking serde_yaml v0.9.34+deprecated
   Compiling openssl-sys v0.9.117
    Checking ppv-lite86 v0.2.21
   Compiling getrandom v0.3.4
    Checking agentverify-engine v0.1.0 (/nas/Temp/repos/AgentVerify/crates/agentverify-engine)
   Compiling heck v0.5.0
    Checking agentverify-contract v0.1.0 (/nas/Temp/repos/AgentVerify/crates/agentverify-contract)
    Checking futures-executor v0.3.34
error[E0308]: arguments to this function are incorrect
   --> crates/agentverify-contract/src/contract.rs:219:17
    |
219 |                 fmt_ctx(f, location, context)
    |                 ^^^^^^^
    |
note: expected `Option<&SourceLocation>`, found `&Option<SourceLocation>`
   --> crates/agentverify-contract/src/contract.rs:219:28
    |
219 |                 fmt_ctx(f, location, context)
    |                            ^^^^^^^^
    = note:   expected enum `Option<&SourceLocation>`
            found reference `&Option<SourceLocation>`
note: expected `Option<&ContractContext>`, found `&Option<ContractContext>`
   --> crates/agentverify-contract/src/contract.rs:219:38
    |
219 |                 fmt_ctx(f, location, context)
    |                                      ^^^^^^^
    = note:   expected enum `Option<&ContractContext>`
            found reference `&Option<ContractContext>`
note: function defined here
   --> crates/agentverify-contract/src/contract.rs:106:4
    |
106 | fn fmt_ctx(
    |    ^^^^^^^
107 |     f: &mut std::fmt::Formatter<'_>,
108 |     location: Option<&SourceLocation>,
    |     ---------------------------------
109 |     context: Option<&ContractContext>,
    |     ---------------------------------
help: try using `.as_ref()` to convert `&Option<SourceLocation>` to `Option<&SourceLocation>`
    |
219 |                 fmt_ctx(f, location.as_ref(), context)
    |                                    +++++++++
help: try using `.as_ref()` to convert `&Option<ContractContext>` to `Option<&ContractContext>`
    |
219 |                 fmt_ctx(f, location, context.as_ref())
    |                                             +++++++++

error[E0308]: arguments to this function are incorrect
   --> crates/agentverify-contract/src/contract.rs:253:17
    |
253 |                 fmt_ctx(f, &None, context)
    |                 ^^^^^^^
    |
note: expected `Option<&SourceLocation>`, found `&Option<_>`
   --> crates/agentverify-contract/src/contract.rs:253:28
    |
253 |                 fmt_ctx(f, &None, context)
    |                            ^^^^^
    = note:   expected enum `Option<&SourceLocation>`
            found reference `&Option<_>`
note: expected `Option<&ContractContext>`, found `&Option<ContractContext>`
   --> crates/agentverify-contract/src/contract.rs:253:35
    |
253 |                 fmt_ctx(f, &None, context)
    |                                   ^^^^^^^
    = note:   expected enum `Option<&ContractContext>`
            found reference `&Option<ContractContext>`
note: function defined here
   --> crates/agentverify-contract/src/contract.rs:106:4
    |
106 | fn fmt_ctx(
    |    ^^^^^^^
107 |     f: &mut std::fmt::Formatter<'_>,
108 |     location: Option<&SourceLocation>,
    |     ---------------------------------
109 |     context: Option<&ContractContext>,
    |     ---------------------------------
help: consider removing the borrow
    |
253 -                 fmt_ctx(f, &None, context)
253 +                 fmt_ctx(f, None, context)
    |
help: try using `.as_ref()` to convert `&Option<ContractContext>` to `Option<&ContractContext>`
    |
253 |                 fmt_ctx(f, &None, context.as_ref())
    |                                          +++++++++

error[E0308]: arguments to this function are incorrect
   --> crates/agentverify-contract/src/contract.rs:261:17
    |
261 |                 fmt_ctx(f, location, context)
    |                 ^^^^^^^
    |
note: expected `Option<&SourceLocation>`, found `&Option<SourceLocation>`
   --> crates/agentverify-contract/src/contract.rs:261:28
    |
261 |                 fmt_ctx(f, location, context)
    |                            ^^^^^^^^
    = note:   expected enum `Option<&SourceLocation>`
            found reference `&Option<SourceLocation>`
note: expected `Option<&ContractContext>`, found `&Option<ContractContext>`
   --> crates/agentverify-contract/src/contract.rs:261:38
    |
261 |                 fmt_ctx(f, location, context)
    |                                      ^^^^^^^
    = note:   expected enum `Option<&ContractContext>`
            found reference `&Option<ContractContext>`
note: function defined here
   --> crates/agentverify-contract/src/contract.rs:106:4
    |
106 | fn fmt_ctx(
    |    ^^^^^^^
107 |     f: &mut std::fmt::Formatter<'_>,
108 |     location: Option<&SourceLocation>,
    |     ---------------------------------
109 |     context: Option<&ContractContext>,
    |     ---------------------------------
help: try using `.as_ref()` to convert `&Option<SourceLocation>` to `Option<&SourceLocation>`
    |
261 |                 fmt_ctx(f, location.as_ref(), context)
    |                                    +++++++++
help: try using `.as_ref()` to convert `&Option<ContractContext>` to `Option<&ContractContext>`
    |
261 |                 fmt_ctx(f, location, context.as_ref())
    |                                             +++++++++

    Checking lazy_static v1.5.0
For more information about this error, try `rustc --explain E0308`.
error: could not compile `agentverify-contract` (lib) due to 3 previous errors
warning: build failed, waiting for other jobs to finish...
msrv-1.88 exit: 101
