error: rustc 1.85.1 is not supported by the following packages:
  icu_collections@2.3.0 requires rustc 1.88
  icu_locale_core@2.3.0 requires rustc 1.88
  icu_normalizer@2.3.0 requires rustc 1.88
  icu_normalizer_data@2.3.0 requires rustc 1.88
  icu_normalizer_data@2.3.0 requires rustc 1.88
  icu_normalizer_data@2.3.0 requires rustc 1.88
  icu_properties@2.3.0 requires rustc 1.88
  icu_properties_data@2.3.0 requires rustc 1.88
  icu_properties_data@2.3.0 requires rustc 1.88
  icu_properties_data@2.3.0 requires rustc 1.88
  icu_provider@2.3.1 requires rustc 1.88
  idna_adapter@1.2.2 requires rustc 1.86
  tonic@0.14.6 requires rustc 1.88
  tonic-prost@0.14.6 requires rustc 1.88
  tonic-types@0.14.6 requires rustc 1.88
Either upgrade rustc or select compatible dependency versions with
`cargo update <name>@<current-ver> --precise <compatible-ver>`
where `<compatible-ver>` is the latest version supporting rustc 1.85.1

msrv-1.85 exit: 101
