   Compiling wasm-bindgen-shared v0.2.127
   Compiling syn v2.0.119
    Checking cfg-if v1.0.4
   Compiling serde_core v1.0.229
   Compiling generic-array v0.14.7
    Checking typenum v1.20.1
   Compiling rustversion v1.0.23
    Checking memchr v2.8.3
   Compiling bumpalo v3.20.3
    Checking pin-project-lite v0.2.17
    Checking once_cell v1.21.4
   Compiling wasm-bindgen-macro-support v0.2.127
   Compiling wasm-bindgen v0.2.127
    Checking block-buffer v0.10.4
    Checking crypto-common v0.1.7
    Checking unicode-ident v1.0.24
   Compiling zmij v1.0.23
   Compiling serde v1.0.229
    Checking digest v0.10.7
    Checking itoa v1.0.18
    Checking slab v0.4.12
    Checking futures-task v0.3.34
    Checking futures-core v0.3.34
    Checking futures-util v0.3.34
   Compiling serde_json v1.0.151
   Compiling thiserror v1.0.69
   Compiling num-traits v0.2.19
   Compiling thiserror-impl v1.0.69
   Compiling anyhow v1.0.104
   Compiling wasm-bindgen-macro v0.2.127
    Checking sha2 v0.10.9
    Checking tracing-core v0.1.36
   Compiling tracing-attributes v0.1.31
    Checking js-sys v0.3.104
   Compiling zerocopy v0.8.56
    Checking tokio v1.53.1
    Checking tracing v0.1.44
    Checking aho-corasick v1.1.5
    Checking uuid v1.25.0
error: to use `uuid` on `wasm32-unknown-unknown`, specify a source of randomness using one of the `js`, `rng-getrandom`, or `rng-rand` features
   --> /home/mkinney/.cargo/registry/src/index.crates.io-1949cf8c6b5b557f/uuid-1.25.0/src/rng.rs:104:5
    |
104 |     compile_error!("to use `uuid` on `wasm32-unknown-unknown`, specify a source of randomness using one of the `js`, `rng-getrandom`, or `rng-rand` features");
    |     ^^^^^^^^^^^^^^^^^^^^^^^^^^^^^^^^^^^^^^^^^^^^^^^^^^^^^^^^^^^^^^^^^^^^^^^^^^^^^^^^^^^^^^^^^^^^^^^^^^^^^^^^^^^^^^^^^^^^^^^^^^^^^^^^^^^^^^^^^^^^^^^^^^^^^^^^^^

error: could not compile `uuid` (lib) due to 1 previous error
warning: build failed, waiting for other jobs to finish...
wasm32-unknown-unknown exit: 101
