warning: the MSRV in `clippy.toml` and `Cargo.toml` differ; using `1.75.0` from `clippy.toml`

warning: missing `#[must_use]` attribute on a method returning `Self`
   --> crates/agentverify-core/src/contract.rs:270:5
    |
270 | /     pub fn with_precondition(
271 | |         mut self,
272 | |         predicate: Predicate,
273 | |         description: impl Into<String>,
...   |
279 | |         self
280 | |     }
    | |_____^
    |
    = help: consider adding the `#[must_use]` attribute to the method or directly to the `Self` type
    = help: for further information visit https://rust-lang.github.io/rust-clippy/rust-1.97.0/index.html#return_self_not_must_use
    = note: `-W clippy::return-self-not-must-use` implied by `-W clippy::pedantic`
    = help: to override `-W clippy::pedantic` add `#[allow(clippy::return_self_not_must_use)]`

warning: missing `#[must_use]` attribute on a method returning `Self`
   --> crates/agentverify-core/src/contract.rs:283:5
    |
283 | /     pub fn with_postcondition(
284 | |         mut self,
285 | |         predicate: Predicate,
286 | |         description: impl Into<String>,
...   |
293 | |         self
294 | |     }
    | |_____^
    |
    = help: consider adding the `#[must_use]` attribute to the method or directly to the `Self` type
    = help: for further information visit https://rust-lang.github.io/rust-clippy/rust-1.97.0/index.html#return_self_not_must_use

warning: docs for function returning `Result` missing `# Errors` section
   --> crates/agentverify-core/src/contract.rs:320:5
    |
320 |     pub fn validate(&self) -> Result<(), ContractValidationError> {
    |     ^^^^^^^^^^^^^^^^^^^^^^^^^^^^^^^^^^^^^^^^^^^^^^^^^^^^^^^^^^^^^
    |
    = help: for further information visit https://rust-lang.github.io/rust-clippy/rust-1.97.0/index.html#missing_errors_doc
    = note: `-W clippy::missing-errors-doc` implied by `-W clippy::pedantic`
    = help: to override `-W clippy::pedantic` add `#[allow(clippy::missing_errors_doc)]`

warning: these match arms have identical bodies
   --> crates/agentverify-core/src/contract.rs:383:9
    |
383 |         Predicate::Exists { path } => path.clone(),
    |         ^^^^^^^^^^^^^^^^^^^^^^^^^^^^^^^^^^^^^^^^^^
384 |         Predicate::NotExists { path } => path.clone(),
    |         ^^^^^^^^^^^^^^^^^^^^^^^^^^^^^^^^^^^^^^^^^^^^^
385 |         Predicate::Equals { path, .. } => path.clone(),
    |         ^^^^^^^^^^^^^^^^^^^^^^^^^^^^^^^^^^^^^^^^^^^^^^
386 |         Predicate::NotEquals { path, .. } => path.clone(),
    |         ^^^^^^^^^^^^^^^^^^^^^^^^^^^^^^^^^^^^^^^^^^^^^^^^^
387 |         Predicate::Contains { path, .. } => path.clone(),
    |         ^^^^^^^^^^^^^^^^^^^^^^^^^^^^^^^^^^^^^^^^^^^^^^^^
388 |         Predicate::Matches { path, .. } => path.clone(),
    |         ^^^^^^^^^^^^^^^^^^^^^^^^^^^^^^^^^^^^^^^^^^^^^^^
389 |         Predicate::GreaterThan { path, .. } => path.clone(),
    |         ^^^^^^^^^^^^^^^^^^^^^^^^^^^^^^^^^^^^^^^^^^^^^^^^^^^
390 |         Predicate::LessThan { path, .. } => path.clone(),
    |         ^^^^^^^^^^^^^^^^^^^^^^^^^^^^^^^^^^^^^^^^^^^^^^^^
391 |         Predicate::Count { path, .. } => path.clone(),
    |         ^^^^^^^^^^^^^^^^^^^^^^^^^^^^^^^^^^^^^^^^^^^^^
392 |         Predicate::IsEmpty { path } => path.clone(),
    |         ^^^^^^^^^^^^^^^^^^^^^^^^^^^^^^^^^^^^^^^^^^^
393 |         Predicate::IsNotEmpty { path } => path.clone(),
    |         ^^^^^^^^^^^^^^^^^^^^^^^^^^^^^^^^^^^^^^^^^^^^^^
    |
    = help: if this is unintentional make the arms return different values
    = help: for further information visit https://rust-lang.github.io/rust-clippy/rust-1.97.0/index.html#match_same_arms
    = note: `-W clippy::match-same-arms` implied by `-W clippy::pedantic`
    = help: to override `-W clippy::pedantic` add `#[allow(clippy::match_same_arms)]`
help: otherwise merge the patterns into a single arm
    |
383 -         Predicate::Exists { path } => path.clone(),
384 -         Predicate::NotExists { path } => path.clone(),
385 -         Predicate::Equals { path, .. } => path.clone(),
386 -         Predicate::NotEquals { path, .. } => path.clone(),
387 -         Predicate::Contains { path, .. } => path.clone(),
388 -         Predicate::Matches { path, .. } => path.clone(),
389 -         Predicate::GreaterThan { path, .. } => path.clone(),
390 -         Predicate::LessThan { path, .. } => path.clone(),
391 -         Predicate::Count { path, .. } => path.clone(),
392 -         Predicate::IsEmpty { path } => path.clone(),
393 -         Predicate::IsNotEmpty { path } => path.clone(),
383 +         Predicate::Exists { path } | Predicate::NotExists { path } | Predicate::Equals { path, .. } | Predicate::NotEquals { path, .. } | Predicate::Contains { path, .. } | Predicate::Matches { path, .. } | Predicate::GreaterThan { path, .. } | Predicate::LessThan { path, .. } | Predicate::Count { path, .. } | Predicate::IsEmpty { path } | Predicate::IsNotEmpty { path } => path.clone(),
    |

warning: these match arms have identical bodies
   --> crates/agentverify-core/src/contract.rs:394:9
    |
394 | /         Predicate::All { predicates } => predicates
395 | |             .first()
396 | |             .map(extract_predicate_path)
397 | |             .unwrap_or_default(),
    | |________________________________^
398 | /         Predicate::Any { predicates } => predicates
399 | |             .first()
400 | |             .map(extract_predicate_path)
401 | |             .unwrap_or_default(),
    | |________________________________^
    |
    = help: if this is unintentional make the arms return different values
    = help: for further information visit https://rust-lang.github.io/rust-clippy/rust-1.97.0/index.html#match_same_arms
help: otherwise merge the patterns into a single arm
    |
394 ~         Predicate::All { predicates } | Predicate::Any { predicates } => predicates
395 |             .first()
396 |             .map(extract_predicate_path)
397 |             .unwrap_or_default(),
398 ~         Predicate::Not { predicate } => extract_predicate_path(predicate),
    |

warning: this argument is passed by value, but not consumed in the function body
   --> crates/agentverify-core/src/receipt.rs:138:26
    |
138 |         idempotency_key: Option<String>,
    |                          ^^^^^^^^^^^^^^
    |
    = help: for further information visit https://rust-lang.github.io/rust-clippy/rust-1.97.0/index.html#needless_pass_by_value
    = note: `-W clippy::needless-pass-by-value` implied by `-W clippy::pedantic`
    = help: to override `-W clippy::pedantic` add `#[allow(clippy::needless_pass_by_value)]`
help: consider taking a reference instead
    |
138 |         idempotency_key: Option<&String>,
    |                                 +

warning: missing `#[must_use]` attribute on a method returning `Self`
   --> crates/agentverify-core/src/receipt.rs:208:5
    |
208 | /     pub fn with_key_id(mut self, key_id: impl Into<String>) -> Self {
209 | |         self.key_id = Some(key_id.into());
210 | |         self
211 | |     }
    | |_____^
    |
    = help: consider adding the `#[must_use]` attribute to the method or directly to the `Self` type
    = help: for further information visit https://rust-lang.github.io/rust-clippy/rust-1.97.0/index.html#return_self_not_must_use

warning: doc list item without indentation
   --> crates/agentverify-core/src/receipt.rs:256:5
    |
256 | /// Errors that can occur while persisting a receipt.
    |     ^
    |
    = help: if this is supposed to be its own paragraph, add a blank line
    = help: for further information visit https://rust-lang.github.io/rust-clippy/rust-1.97.0/index.html#doc_lazy_continuation
    = note: `#[warn(clippy::doc_lazy_continuation)]` on by default
help: indent this line
    |
256 | ///   Errors that can occur while persisting a receipt.
    |     ++

warning: this could be rewritten as `let...else`
   --> crates/agentverify-core/src/receipt.rs:505:13
    |
505 | /             let store = match Self::new(base_path.clone()) {
506 | |                 Ok(s) => s,
507 | |                 Err(_) => return Vec::new(),
508 | |             };
    | |______________^ help: consider writing: `let Ok(store) = Self::new(base_path.clone()) else { return Vec::new() };`
    |
    = help: for further information visit https://rust-lang.github.io/rust-clippy/rust-1.97.0/index.html#manual_let_else
    = note: `-W clippy::manual-let-else` implied by `-W clippy::pedantic`
    = help: to override `-W clippy::pedantic` add `#[allow(clippy::manual_let_else)]`

warning: this could be rewritten as `let...else`
   --> crates/agentverify-core/src/receipt.rs:509:13
    |
509 | /             let index = match store.read_index_async().await {
510 | |                 Ok(i) => i,
511 | |                 Err(_) => return Vec::new(),
512 | |             };
    | |______________^ help: consider writing: `let Ok(index) = store.read_index_async().await else { return Vec::new() };`
    |
    = help: for further information visit https://rust-lang.github.io/rust-clippy/rust-1.97.0/index.html#manual_let_else

warning: these match arms have identical bodies
   --> crates/agentverify-core/src/state_machine.rs:97:13
    |
 97 |             State::Rejected => vec![], // Terminal
    |             ^^^^^^^^^^^^^^^^^^^^^^^^^
...
115 |             State::Escalated => vec![], // Terminal
    |             ^^^^^^^^^^^^^^^^^^^^^^^^^^
116 |             State::Committed => vec![], // Terminal
    |             ^^^^^^^^^^^^^^^^^^^^^^^^^^
    |
    = help: if this is unintentional make the arms return different values
    = help: for further information visit https://rust-lang.github.io/rust-clippy/rust-1.97.0/index.html#match_same_arms
help: otherwise merge the patterns into a single arm
    |
 97 ~             State::Rejected | State::Escalated | State::Committed => vec![], // Terminal
 98 |             State::Authorized => vec![State::Executing],
...
114 |             State::Recovered => vec![State::Verifying],
115 ~             // Terminal
116 ~             // Terminal
    |

warning: these match arms have identical bodies
   --> crates/agentverify-core/src/state_machine.rs:105:13
    |
105 |             State::Executed => vec![State::Observing],
    |             ^^^^^^^^^^^^^^^^^^^^^^^^^^^^^^^^^^^^^^^^^
106 |             State::Failed => vec![State::Verifying],
107 |             State::Timeout => vec![State::Observing],
    |             ^^^^^^^^^^^^^^^^^^^^^^^^^^^^^^^^^^^^^^^^
108 |             State::Unknown => vec![State::Observing],
    |             ^^^^^^^^^^^^^^^^^^^^^^^^^^^^^^^^^^^^^^^^
    |
    = help: if this is unintentional make the arms return different values
    = help: for further information visit https://rust-lang.github.io/rust-clippy/rust-1.97.0/index.html#match_same_arms
help: otherwise merge the patterns into a single arm
    |
105 ~             State::Executed | State::Timeout | State::Unknown => vec![State::Observing],
106 |             State::Failed => vec![State::Verifying],
107 ~             State::Observing => vec![State::Verifying],
    |

warning: these match arms have identical bodies
   --> crates/agentverify-core/src/state_machine.rs:106:13
    |
106 |             State::Failed => vec![State::Verifying],
    |             ^^^^^^^^^^^^^^^^^^^^^^^^^^^^^^^^^^^^^^^
...
109 |             State::Observing => vec![State::Verifying],
    |             ^^^^^^^^^^^^^^^^^^^^^^^^^^^^^^^^^^^^^^^^^^
...
114 |             State::Recovered => vec![State::Verifying],
    |             ^^^^^^^^^^^^^^^^^^^^^^^^^^^^^^^^^^^^^^^^^^
    |
    = help: if this is unintentional make the arms return different values
    = help: for further information visit https://rust-lang.github.io/rust-clippy/rust-1.97.0/index.html#match_same_arms
help: otherwise merge the patterns into a single arm
    |
106 ~             State::Failed | State::Observing | State::Recovered => vec![State::Verifying],
107 |             State::Timeout => vec![State::Observing],
108 |             State::Unknown => vec![State::Observing],
109 ~             State::Verifying => vec![State::Verified, State::VerificationFailed],
110 |             State::Verified => vec![State::Committed],
111 |             State::VerificationFailed => vec![State::Recovering],
112 |             State::Recovering => vec![State::Recovered, State::Escalated],
113 ~             State::Escalated => vec![], // Terminal
    |

warning: docs for function returning `Result` missing `# Errors` section
   --> crates/agentverify-core/src/state_machine.rs:121:5
    |
121 |     pub fn transition(&self, next: State) -> Result<State, StateError> {
    |     ^^^^^^^^^^^^^^^^^^^^^^^^^^^^^^^^^^^^^^^^^^^^^^^^^^^^^^^^^^^^^^^^^^
    |
    = help: for further information visit https://rust-lang.github.io/rust-clippy/rust-1.97.0/index.html#missing_errors_doc

warning: docs for function returning `Result` missing `# Errors` section
   --> crates/agentverify-core/src/state_machine.rs:164:5
    |
164 |     pub fn advance(&mut self, next: State) -> Result<State, StateError> {
    |     ^^^^^^^^^^^^^^^^^^^^^^^^^^^^^^^^^^^^^^^^^^^^^^^^^^^^^^^^^^^^^^^^^^^
    |
    = help: for further information visit https://rust-lang.github.io/rust-clippy/rust-1.97.0/index.html#missing_errors_doc

warning: missing documentation for a struct field
  --> crates/agentverify-core/src/contract.rs:20:5
   |
20 |     pub major: u32,
   |     ^^^^^^^^^^^^^^
   |
   = note: requested on the command line with `-W missing-docs`

warning: missing documentation for a struct field
  --> crates/agentverify-core/src/contract.rs:21:5
   |
21 |     pub minor: u32,
   |     ^^^^^^^^^^^^^^

warning: missing documentation for an associated function
  --> crates/agentverify-core/src/contract.rs:26:5
   |
26 |     pub fn new(version: &str) -> Option<Self> {
   |     ^^^^^^^^^^^^^^^^^^^^^^^^^^^^^^^^^^^^^^^^^

warning: missing documentation for a struct field
   --> crates/agentverify-core/src/contract.rs:171:9
    |
171 |         interval: chrono::Duration,
    |         ^^^^^^^^^^^^^^^^^^^^^^^^^^

warning: missing documentation for a struct field
   --> crates/agentverify-core/src/contract.rs:172:9
    |
172 |         max_attempts: u32,
    |         ^^^^^^^^^^^^^^^^^

warning: missing documentation for a struct field
   --> crates/agentverify-core/src/contract.rs:175:13
    |
175 |     Alert { severity: AlertSeverity },
    |             ^^^^^^^^^^^^^^^^^^^^^^^

warning: missing documentation for a variant
   --> crates/agentverify-core/src/contract.rs:411:5
    |
411 |     InvalidSchemaVersion(String),
    |     ^^^^^^^^^^^^^^^^^^^^

warning: missing documentation for a variant
   --> crates/agentverify-core/src/contract.rs:414:5
    |
414 |     IncompatibleSchemaVersion { expected: String, actual: String },
    |     ^^^^^^^^^^^^^^^^^^^^^^^^^

warning: missing documentation for a struct field
   --> crates/agentverify-core/src/contract.rs:414:33
    |
414 |     IncompatibleSchemaVersion { expected: String, actual: String },
    |                                 ^^^^^^^^^^^^^^^^

warning: missing documentation for a struct field
   --> crates/agentverify-core/src/contract.rs:414:51
    |
414 |     IncompatibleSchemaVersion { expected: String, actual: String },
    |                                                   ^^^^^^^^^^^^^^

warning: missing documentation for a variant
   --> crates/agentverify-core/src/contract.rs:417:5
    |
417 |     EmptyActionName,
    |     ^^^^^^^^^^^^^^^

warning: missing documentation for a variant
   --> crates/agentverify-core/src/contract.rs:420:5
    |
420 |     NoPostconditions,
    |     ^^^^^^^^^^^^^^^^

warning: missing documentation for a variant
   --> crates/agentverify-core/src/contract.rs:423:5
    |
423 |     DuplicatePostconditionPath(String),
    |     ^^^^^^^^^^^^^^^^^^^^^^^^^^

warning: missing documentation for a variant
   --> crates/agentverify-core/src/contract.rs:426:5
    |
426 |     InvalidMaxAttempts,
    |     ^^^^^^^^^^^^^^^^^^

warning: missing documentation for a variant
   --> crates/agentverify-core/src/contract.rs:429:5
    |
429 |     InvalidBackoff {
    |     ^^^^^^^^^^^^^^

warning: missing documentation for a struct field
   --> crates/agentverify-core/src/contract.rs:430:9
    |
430 |         initial: chrono::Duration,
    |         ^^^^^^^^^^^^^^^^^^^^^^^^^

warning: missing documentation for a struct field
   --> crates/agentverify-core/src/contract.rs:431:9
    |
431 |         max: chrono::Duration,
    |         ^^^^^^^^^^^^^^^^^^^^^

warning: missing documentation for a variant
   --> crates/agentverify-core/src/contract.rs:435:5
    |
435 |     InvalidBackoffMultiplier(f64),
    |     ^^^^^^^^^^^^^^^^^^^^^^^^

warning: missing documentation for a struct field
  --> crates/agentverify-core/src/predicate.rs:12:14
   |
12 |     Exists { path: String },
   |              ^^^^^^^^^^^^

warning: missing documentation for a struct field
  --> crates/agentverify-core/src/predicate.rs:14:17
   |
14 |     NotExists { path: String },
   |                 ^^^^^^^^^^^^

warning: missing documentation for a struct field
  --> crates/agentverify-core/src/predicate.rs:16:14
   |
16 |     Equals { path: String, value: Value },
   |              ^^^^^^^^^^^^

warning: missing documentation for a struct field
  --> crates/agentverify-core/src/predicate.rs:16:28
   |
16 |     Equals { path: String, value: Value },
   |                            ^^^^^^^^^^^^

warning: missing documentation for a struct field
  --> crates/agentverify-core/src/predicate.rs:18:17
   |
18 |     NotEquals { path: String, value: Value },
   |                 ^^^^^^^^^^^^

warning: missing documentation for a struct field
  --> crates/agentverify-core/src/predicate.rs:18:31
   |
18 |     NotEquals { path: String, value: Value },
   |                               ^^^^^^^^^^^^

warning: missing documentation for a struct field
  --> crates/agentverify-core/src/predicate.rs:20:16
   |
20 |     Contains { path: String, value: Value },
   |                ^^^^^^^^^^^^

warning: missing documentation for a struct field
  --> crates/agentverify-core/src/predicate.rs:20:30
   |
20 |     Contains { path: String, value: Value },
   |                              ^^^^^^^^^^^^

warning: missing documentation for a struct field
  --> crates/agentverify-core/src/predicate.rs:22:15
   |
22 |     Matches { path: String, pattern: String },
   |               ^^^^^^^^^^^^

warning: missing documentation for a struct field
  --> crates/agentverify-core/src/predicate.rs:22:29
   |
22 |     Matches { path: String, pattern: String },
   |                             ^^^^^^^^^^^^^^^

warning: missing documentation for a struct field
  --> crates/agentverify-core/src/predicate.rs:24:19
   |
24 |     GreaterThan { path: String, value: Value },
   |                   ^^^^^^^^^^^^

warning: missing documentation for a struct field
  --> crates/agentverify-core/src/predicate.rs:24:33
   |
24 |     GreaterThan { path: String, value: Value },
   |                                 ^^^^^^^^^^^^

warning: missing documentation for a struct field
  --> crates/agentverify-core/src/predicate.rs:26:16
   |
26 |     LessThan { path: String, value: Value },
   |                ^^^^^^^^^^^^

warning: missing documentation for a struct field
  --> crates/agentverify-core/src/predicate.rs:26:30
   |
26 |     LessThan { path: String, value: Value },
   |                              ^^^^^^^^^^^^

warning: missing documentation for a struct field
  --> crates/agentverify-core/src/predicate.rs:31:9
   |
31 |         path: String,
   |         ^^^^^^^^^^^^

warning: missing documentation for a struct field
  --> crates/agentverify-core/src/predicate.rs:32:9
   |
32 |         operator: CountOperator,
   |         ^^^^^^^^^^^^^^^^^^^^^^^

warning: missing documentation for a struct field
  --> crates/agentverify-core/src/predicate.rs:33:9
   |
33 |         value: i64,
   |         ^^^^^^^^^^

warning: missing documentation for a struct field
  --> crates/agentverify-core/src/predicate.rs:36:15
   |
36 |     IsEmpty { path: String },
   |               ^^^^^^^^^^^^

warning: missing documentation for a struct field
  --> crates/agentverify-core/src/predicate.rs:38:18
   |
38 |     IsNotEmpty { path: String },
   |                  ^^^^^^^^^^^^

warning: missing documentation for a struct field
  --> crates/agentverify-core/src/predicate.rs:42:11
   |
42 |     All { predicates: Vec<Predicate> },
   |           ^^^^^^^^^^^^^^^^^^^^^^^^^^

warning: missing documentation for a struct field
  --> crates/agentverify-core/src/predicate.rs:44:11
   |
44 |     Any { predicates: Vec<Predicate> },
   |           ^^^^^^^^^^^^^^^^^^^^^^^^^^

warning: missing documentation for a struct field
  --> crates/agentverify-core/src/predicate.rs:46:11
   |
46 |     Not { predicate: Box<Predicate> },
   |           ^^^^^^^^^^^^^^^^^^^^^^^^^

warning: missing documentation for a struct field
  --> crates/agentverify-core/src/predicate.rs:49:9
   |
49 |         antecedent: Box<Predicate>,
   |         ^^^^^^^^^^^^^^^^^^^^^^^^^^

warning: missing documentation for a struct field
  --> crates/agentverify-core/src/predicate.rs:50:9
   |
50 |         consequent: Box<Predicate>,
   |         ^^^^^^^^^^^^^^^^^^^^^^^^^^

warning: missing documentation for a variant
   --> crates/agentverify-core/src/predicate.rs:157:5
    |
157 |     Eq,
    |     ^^

warning: missing documentation for a variant
   --> crates/agentverify-core/src/predicate.rs:158:5
    |
158 |     Ne,
    |     ^^

warning: missing documentation for a variant
   --> crates/agentverify-core/src/predicate.rs:159:5
    |
159 |     Lt,
    |     ^^

warning: missing documentation for a variant
   --> crates/agentverify-core/src/predicate.rs:160:5
    |
160 |     Le,
    |     ^^

warning: missing documentation for a variant
   --> crates/agentverify-core/src/predicate.rs:161:5
    |
161 |     Gt,
    |     ^^

warning: missing documentation for a variant
   --> crates/agentverify-core/src/predicate.rs:162:5
    |
162 |     Ge,
    |     ^^

warning: missing documentation for a trait
   --> crates/agentverify-core/src/receipt.rs:268:1
    |
268 | pub trait ReceiptStore: Send + Sync {
    | ^^^^^^^^^^^^^^^^^^^^^^^^^^^^^^^^^^^

warning: missing documentation for an associated function
   --> crates/agentverify-core/src/receipt.rs:312:5
    |
312 |     pub fn new() -> Self {
    |     ^^^^^^^^^^^^^^^^^^^^

warning: `agentverify-core` (lib) generated 66 warnings
warning: `agentverify-engine` (lib) generated 1 warning (1 duplicate)
warning: `agentverify-contract` (lib) generated 1 warning (1 duplicate)
    Checking agentverify-runtime v0.1.0 (/nas/Temp/repos/AgentVerify/crates/agentverify-runtime)
warning: docs for function returning `Result` missing `# Errors` section
   --> crates/agentverify-runtime/src/executor.rs:619:5
    |
619 | /     pub async fn execute_with_executor(
620 | |         &self,
621 | |         action: Action,
622 | |         contract: Contract,
623 | |         action_executor: Arc<dyn ActionExecutor>,
624 | |         observer: Option<Arc<dyn Observer>>,
625 | |     ) -> Result<(VerificationResult, Receipt), ExecutorError> {
    | |_____________________________________________________________^
    |
    = help: for further information visit https://rust-lang.github.io/rust-clippy/rust-1.97.0/index.html#missing_errors_doc
    = note: `-W clippy::missing-errors-doc` implied by `-W clippy::pedantic`
    = help: to override `-W clippy::pedantic` add `#[allow(clippy::missing_errors_doc)]`

warning: this function has too many lines (174/100)
   --> crates/agentverify-runtime/src/executor.rs:619:5
    |
619 | /     pub async fn execute_with_executor(
620 | |         &self,
621 | |         action: Action,
622 | |         contract: Contract,
623 | |         action_executor: Arc<dyn ActionExecutor>,
624 | |         observer: Option<Arc<dyn Observer>>,
625 | |     ) -> Result<(VerificationResult, Receipt), ExecutorError> {
    | |_____________________________________________________________^
    |
    = help: for further information visit https://rust-lang.github.io/rust-clippy/rust-1.97.0/index.html#too_many_lines
    = note: `-W clippy::too-many-lines` implied by `-W clippy::pedantic`
    = help: to override `-W clippy::pedantic` add `#[allow(clippy::too_many_lines)]`

warning: missing documentation for a variant
  --> crates/agentverify-runtime/src/action_executor.rs:12:5
   |
12 |     ActionNotSupported(String),
   |     ^^^^^^^^^^^^^^^^^^
   |
   = note: requested on the command line with `-W missing-docs`

warning: missing documentation for a variant
  --> crates/agentverify-runtime/src/action_executor.rs:15:5
   |
15 |     TransportError(String),
   |     ^^^^^^^^^^^^^^

warning: missing documentation for a variant
  --> crates/agentverify-runtime/src/action_executor.rs:18:5
   |
18 |     TimeoutBeforeDispatch,
   |     ^^^^^^^^^^^^^^^^^^^^^

warning: missing documentation for a variant
  --> crates/agentverify-runtime/src/action_executor.rs:21:5
   |
21 |     TimeoutAfterDispatch,
   |     ^^^^^^^^^^^^^^^^^^^^

warning: missing documentation for a variant
  --> crates/agentverify-runtime/src/action_executor.rs:24:5
   |
24 |     Rejected(String),
   |     ^^^^^^^^

warning: missing documentation for a variant
  --> crates/agentverify-runtime/src/action_executor.rs:27:5
   |
27 |     Ambiguous(String),
   |     ^^^^^^^^^

warning: `agentverify-runtime` (lib) generated 9 warnings (1 duplicate)
    Finished `dev` profile [unoptimized + debuginfo] target(s) in 0.64s
