    Checking agentverify-core v0.1.0 (/nas/Temp/repos/AgentVerify/crates/agentverify-core)
warning: missing `#[must_use]` attribute on a method returning `Self`
   --> crates/agentverify-core/src/contract.rs:270:5
    |
270 | /     pub fn with_precondition(
271 | |         mut self,
272 | |         predicate: Predicate,
273 | |         description: impl Into<String>,
...   |
279 | |         self
280 | |     }
    | |_____^
    |
    = help: consider adding the `#[must_use]` attribute to the method or directly to the `Self` type
    = help: for further information visit https://rust-lang.github.io/rust-clippy/rust-1.97.0/index.html#return_self_not_must_use
    = note: `-W clippy::return-self-not-must-use` implied by `-W clippy::pedantic`
    = help: to override `-W clippy::pedantic` add `#[allow(clippy::return_self_not_must_use)]`

warning: missing `#[must_use]` attribute on a method returning `Self`
   --> crates/agentverify-core/src/contract.rs:283:5
    |
283 | /     pub fn with_postcondition(
284 | |         mut self,
285 | |         predicate: Predicate,
286 | |         description: impl Into<String>,
...   |
293 | |         self
294 | |     }
    | |_____^
    |
    = help: consider adding the `#[must_use]` attribute to the method or directly to the `Self` type
    = help: for further information visit https://rust-lang.github.io/rust-clippy/rust-1.97.0/index.html#return_self_not_must_use

warning: docs for function returning `Result` missing `# Errors` section
   --> crates/agentverify-core/src/contract.rs:320:5
    |
320 |     pub fn validate(&self) -> Result<(), ContractValidationError> {
    |     ^^^^^^^^^^^^^^^^^^^^^^^^^^^^^^^^^^^^^^^^^^^^^^^^^^^^^^^^^^^^^
    |
    = help: for further information visit https://rust-lang.github.io/rust-clippy/rust-1.97.0/index.html#missing_errors_doc
    = note: `-W clippy::missing-errors-doc` implied by `-W clippy::pedantic`
    = help: to override `-W clippy::pedantic` add `#[allow(clippy::missing_errors_doc)]`

warning: these match arms have identical bodies
   --> crates/agentverify-core/src/contract.rs:383:9
    |
383 |         Predicate::Exists { path } => path.clone(),
    |         ^^^^^^^^^^^^^^^^^^^^^^^^^^^^^^^^^^^^^^^^^^
384 |         Predicate::NotExists { path } => path.clone(),
    |         ^^^^^^^^^^^^^^^^^^^^^^^^^^^^^^^^^^^^^^^^^^^^^
385 |         Predicate::Equals { path, .. } => path.clone(),
    |         ^^^^^^^^^^^^^^^^^^^^^^^^^^^^^^^^^^^^^^^^^^^^^^
386 |         Predicate::NotEquals { path, .. } => path.clone(),
    |         ^^^^^^^^^^^^^^^^^^^^^^^^^^^^^^^^^^^^^^^^^^^^^^^^^
387 |         Predicate::Contains { path, .. } => path.clone(),
    |         ^^^^^^^^^^^^^^^^^^^^^^^^^^^^^^^^^^^^^^^^^^^^^^^^
388 |         Predicate::Matches { path, .. } => path.clone(),
    |         ^^^^^^^^^^^^^^^^^^^^^^^^^^^^^^^^^^^^^^^^^^^^^^^
389 |         Predicate::GreaterThan { path, .. } => path.clone(),
    |         ^^^^^^^^^^^^^^^^^^^^^^^^^^^^^^^^^^^^^^^^^^^^^^^^^^^
390 |         Predicate::LessThan { path, .. } => path.clone(),
    |         ^^^^^^^^^^^^^^^^^^^^^^^^^^^^^^^^^^^^^^^^^^^^^^^^
391 |         Predicate::Count { path, .. } => path.clone(),
    |         ^^^^^^^^^^^^^^^^^^^^^^^^^^^^^^^^^^^^^^^^^^^^^
392 |         Predicate::IsEmpty { path } => path.clone(),
    |         ^^^^^^^^^^^^^^^^^^^^^^^^^^^^^^^^^^^^^^^^^^^
393 |         Predicate::IsNotEmpty { path } => path.clone(),
    |         ^^^^^^^^^^^^^^^^^^^^^^^^^^^^^^^^^^^^^^^^^^^^^^
    |
    = help: if this is unintentional make the arms return different values
    = help: for further information visit https://rust-lang.github.io/rust-clippy/rust-1.97.0/index.html#match_same_arms
    = note: `-W clippy::match-same-arms` implied by `-W clippy::pedantic`
    = help: to override `-W clippy::pedantic` add `#[allow(clippy::match_same_arms)]`
help: otherwise merge the patterns into a single arm
    |
383 -         Predicate::Exists { path } => path.clone(),
384 -         Predicate::NotExists { path } => path.clone(),
385 -         Predicate::Equals { path, .. } => path.clone(),
386 -         Predicate::NotEquals { path, .. } => path.clone(),
387 -         Predicate::Contains { path, .. } => path.clone(),
388 -         Predicate::Matches { path, .. } => path.clone(),
389 -         Predicate::GreaterThan { path, .. } => path.clone(),
390 -         Predicate::LessThan { path, .. } => path.clone(),
391 -         Predicate::Count { path, .. } => path.clone(),
392 -         Predicate::IsEmpty { path } => path.clone(),
393 -         Predicate::IsNotEmpty { path } => path.clone(),
383 +         Predicate::Exists { path } | Predicate::NotExists { path } | Predicate::Equals { path, .. } | Predicate::NotEquals { path, .. } | Predicate::Contains { path, .. } | Predicate::Matches { path, .. } | Predicate::GreaterThan { path, .. } | Predicate::LessThan { path, .. } | Predicate::Count { path, .. } | Predicate::IsEmpty { path } | Predicate::IsNotEmpty { path } => path.clone(),
    |

warning: these match arms have identical bodies
   --> crates/agentverify-core/src/contract.rs:394:9
    |
394 | /         Predicate::All { predicates } => predicates
395 | |             .first()
396 | |             .map(extract_predicate_path)
397 | |             .unwrap_or_default(),
    | |________________________________^
398 | /         Predicate::Any { predicates } => predicates
399 | |             .first()
400 | |             .map(extract_predicate_path)
401 | |             .unwrap_or_default(),
    | |________________________________^
    |
    = help: if this is unintentional make the arms return different values
    = help: for further information visit https://rust-lang.github.io/rust-clippy/rust-1.97.0/index.html#match_same_arms
help: otherwise merge the patterns into a single arm
    |
394 ~         Predicate::All { predicates } | Predicate::Any { predicates } => predicates
395 |             .first()
396 |             .map(extract_predicate_path)
397 |             .unwrap_or_default(),
398 ~         Predicate::Not { predicate } => extract_predicate_path(predicate),
    |

warning: this argument is passed by value, but not consumed in the function body
   --> crates/agentverify-core/src/receipt.rs:138:26
    |
138 |         idempotency_key: Option<String>,
    |                          ^^^^^^^^^^^^^^
    |
    = help: for further information visit https://rust-lang.github.io/rust-clippy/rust-1.97.0/index.html#needless_pass_by_value
    = note: `-W clippy::needless-pass-by-value` implied by `-W clippy::pedantic`
    = help: to override `-W clippy::pedantic` add `#[allow(clippy::needless_pass_by_value)]`
help: consider taking a reference instead
    |
138 |         idempotency_key: Option<&String>,
    |                                 +

warning: missing `#[must_use]` attribute on a method returning `Self`
   --> crates/agentverify-core/src/receipt.rs:208:5
    |
208 | /     pub fn with_key_id(mut self, key_id: impl Into<String>) -> Self {
209 | |         self.key_id = Some(key_id.into());
210 | |         self
211 | |     }
    | |_____^
    |
    = help: consider adding the `#[must_use]` attribute to the method or directly to the `Self` type
    = help: for further information visit https://rust-lang.github.io/rust-clippy/rust-1.97.0/index.html#return_self_not_must_use

warning: doc list item without indentation
   --> crates/agentverify-core/src/receipt.rs:256:5
    |
256 | /// Errors that can occur while persisting a receipt.
    |     ^
    |
    = help: if this is supposed to be its own paragraph, add a blank line
    = help: for further information visit https://rust-lang.github.io/rust-clippy/rust-1.97.0/index.html#doc_lazy_continuation
    = note: `#[warn(clippy::doc_lazy_continuation)]` on by default
help: indent this line
    |
256 | ///   Errors that can occur while persisting a receipt.
    |     ++

warning: this could be rewritten as `let...else`
   --> crates/agentverify-core/src/receipt.rs:505:13
    |
505 | /             let store = match Self::new(base_path.clone()) {
506 | |                 Ok(s) => s,
507 | |                 Err(_) => return Vec::new(),
508 | |             };
    | |______________^ help: consider writing: `let Ok(store) = Self::new(base_path.clone()) else { return Vec::new() };`
    |
    = help: for further information visit https://rust-lang.github.io/rust-clippy/rust-1.97.0/index.html#manual_let_else
    = note: `-W clippy::manual-let-else` implied by `-W clippy::pedantic`
    = help: to override `-W clippy::pedantic` add `#[allow(clippy::manual_let_else)]`

warning: this could be rewritten as `let...else`
   --> crates/agentverify-core/src/receipt.rs:509:13
    |
509 | /             let index = match store.read_index_async().await {
510 | |                 Ok(i) => i,
511 | |                 Err(_) => return Vec::new(),
512 | |             };
    | |______________^ help: consider writing: `let Ok(index) = store.read_index_async().await else { return Vec::new() };`
    |
    = help: for further information visit https://rust-lang.github.io/rust-clippy/rust-1.97.0/index.html#manual_let_else

warning: these match arms have identical bodies
   --> crates/agentverify-core/src/state_machine.rs:97:13
    |
 97 |             State::Rejected => vec![], // Terminal
    |             ^^^^^^^^^^^^^^^^^^^^^^^^^
...
115 |             State::Escalated => vec![], // Terminal
    |             ^^^^^^^^^^^^^^^^^^^^^^^^^^
116 |             State::Committed => vec![], // Terminal
    |             ^^^^^^^^^^^^^^^^^^^^^^^^^^
    |
    = help: if this is unintentional make the arms return different values
    = help: for further information visit https://rust-lang.github.io/rust-clippy/rust-1.97.0/index.html#match_same_arms
help: otherwise merge the patterns into a single arm
    |
 97 ~             State::Rejected | State::Escalated | State::Committed => vec![], // Terminal
 98 |             State::Authorized => vec![State::Executing],
...
114 |             State::Recovered => vec![State::Verifying],
115 ~             // Terminal
116 ~             // Terminal
    |

warning: these match arms have identical bodies
   --> crates/agentverify-core/src/state_machine.rs:105:13
    |
105 |             State::Executed => vec![State::Observing],
    |             ^^^^^^^^^^^^^^^^^^^^^^^^^^^^^^^^^^^^^^^^^
106 |             State::Failed => vec![State::Verifying],
107 |             State::Timeout => vec![State::Observing],
    |             ^^^^^^^^^^^^^^^^^^^^^^^^^^^^^^^^^^^^^^^^
108 |             State::Unknown => vec![State::Observing],
    |             ^^^^^^^^^^^^^^^^^^^^^^^^^^^^^^^^^^^^^^^^
    |
    = help: if this is unintentional make the arms return different values
    = help: for further information visit https://rust-lang.github.io/rust-clippy/rust-1.97.0/index.html#match_same_arms
help: otherwise merge the patterns into a single arm
    |
105 ~             State::Executed | State::Timeout | State::Unknown => vec![State::Observing],
106 |             State::Failed => vec![State::Verifying],
107 ~             State::Observing => vec![State::Verifying],
    |

warning: these match arms have identical bodies
   --> crates/agentverify-core/src/state_machine.rs:106:13
    |
106 |             State::Failed => vec![State::Verifying],
    |             ^^^^^^^^^^^^^^^^^^^^^^^^^^^^^^^^^^^^^^^
...
109 |             State::Observing => vec![State::Verifying],
    |             ^^^^^^^^^^^^^^^^^^^^^^^^^^^^^^^^^^^^^^^^^^
...
114 |             State::Recovered => vec![State::Verifying],
    |             ^^^^^^^^^^^^^^^^^^^^^^^^^^^^^^^^^^^^^^^^^^
    |
    = help: if this is unintentional make the arms return different values
    = help: for further information visit https://rust-lang.github.io/rust-clippy/rust-1.97.0/index.html#match_same_arms
help: otherwise merge the patterns into a single arm
    |
106 ~             State::Failed | State::Observing | State::Recovered => vec![State::Verifying],
107 |             State::Timeout => vec![State::Observing],
108 |             State::Unknown => vec![State::Observing],
109 ~             State::Verifying => vec![State::Verified, State::VerificationFailed],
110 |             State::Verified => vec![State::Committed],
111 |             State::VerificationFailed => vec![State::Recovering],
112 |             State::Recovering => vec![State::Recovered, State::Escalated],
113 ~             State::Escalated => vec![], // Terminal
    |

warning: docs for function returning `Result` missing `# Errors` section
   --> crates/agentverify-core/src/state_machine.rs:121:5
    |
121 |     pub fn transition(&self, next: State) -> Result<State, StateError> {
    |     ^^^^^^^^^^^^^^^^^^^^^^^^^^^^^^^^^^^^^^^^^^^^^^^^^^^^^^^^^^^^^^^^^^
    |
    = help: for further information visit https://rust-lang.github.io/rust-clippy/rust-1.97.0/index.html#missing_errors_doc

warning: docs for function returning `Result` missing `# Errors` section
   --> crates/agentverify-core/src/state_machine.rs:164:5
    |
164 |     pub fn advance(&mut self, next: State) -> Result<State, StateError> {
    |     ^^^^^^^^^^^^^^^^^^^^^^^^^^^^^^^^^^^^^^^^^^^^^^^^^^^^^^^^^^^^^^^^^^^
    |
    = help: for further information visit https://rust-lang.github.io/rust-clippy/rust-1.97.0/index.html#missing_errors_doc

warning: missing documentation for a struct field
  --> crates/agentverify-core/src/contract.rs:20:5
   |
20 |     pub major: u32,
   |     ^^^^^^^^^^^^^^
   |
   = note: requested on the command line with `-W missing-docs`

warning: missing documentation for a struct field
  --> crates/agentverify-core/src/contract.rs:21:5
   |
21 |     pub minor: u32,
   |     ^^^^^^^^^^^^^^

warning: missing documentation for an associated function
  --> crates/agentverify-core/src/contract.rs:26:5
   |
26 |     pub fn new(version: &str) -> Option<Self> {
   |     ^^^^^^^^^^^^^^^^^^^^^^^^^^^^^^^^^^^^^^^^^

warning: missing documentation for a struct field
   --> crates/agentverify-core/src/contract.rs:171:9
    |
171 |         interval: chrono::Duration,
    |         ^^^^^^^^^^^^^^^^^^^^^^^^^^

warning: missing documentation for a struct field
   --> crates/agentverify-core/src/contract.rs:172:9
    |
172 |         max_attempts: u32,
    |         ^^^^^^^^^^^^^^^^^

warning: missing documentation for a struct field
   --> crates/agentverify-core/src/contract.rs:175:13
    |
175 |     Alert { severity: AlertSeverity },
    |             ^^^^^^^^^^^^^^^^^^^^^^^

warning: missing documentation for a variant
   --> crates/agentverify-core/src/contract.rs:411:5
    |
411 |     InvalidSchemaVersion(String),
    |     ^^^^^^^^^^^^^^^^^^^^

warning: missing documentation for a variant
   --> crates/agentverify-core/src/contract.rs:414:5
    |
414 |     IncompatibleSchemaVersion { expected: String, actual: String },
    |     ^^^^^^^^^^^^^^^^^^^^^^^^^

warning: missing documentation for a struct field
   --> crates/agentverify-core/src/contract.rs:414:33
    |
414 |     IncompatibleSchemaVersion { expected: String, actual: String },
    |                                 ^^^^^^^^^^^^^^^^

warning: missing documentation for a struct field
   --> crates/agentverify-core/src/contract.rs:414:51
    |
414 |     IncompatibleSchemaVersion { expected: String, actual: String },
    |                                                   ^^^^^^^^^^^^^^

warning: missing documentation for a variant
   --> crates/agentverify-core/src/contract.rs:417:5
    |
417 |     EmptyActionName,
    |     ^^^^^^^^^^^^^^^

warning: missing documentation for a variant
   --> crates/agentverify-core/src/contract.rs:420:5
    |
420 |     NoPostconditions,
    |     ^^^^^^^^^^^^^^^^

warning: missing documentation for a variant
   --> crates/agentverify-core/src/contract.rs:423:5
    |
423 |     DuplicatePostconditionPath(String),
    |     ^^^^^^^^^^^^^^^^^^^^^^^^^^

warning: missing documentation for a variant
   --> crates/agentverify-core/src/contract.rs:426:5
    |
426 |     InvalidMaxAttempts,
    |     ^^^^^^^^^^^^^^^^^^

warning: missing documentation for a variant
   --> crates/agentverify-core/src/contract.rs:429:5
    |
429 |     InvalidBackoff {
    |     ^^^^^^^^^^^^^^

warning: missing documentation for a struct field
   --> crates/agentverify-core/src/contract.rs:430:9
    |
430 |         initial: chrono::Duration,
    |         ^^^^^^^^^^^^^^^^^^^^^^^^^

warning: missing documentation for a struct field
   --> crates/agentverify-core/src/contract.rs:431:9
    |
431 |         max: chrono::Duration,
    |         ^^^^^^^^^^^^^^^^^^^^^

warning: missing documentation for a variant
   --> crates/agentverify-core/src/contract.rs:435:5
    |
435 |     InvalidBackoffMultiplier(f64),
    |     ^^^^^^^^^^^^^^^^^^^^^^^^

warning: missing documentation for a struct field
  --> crates/agentverify-core/src/predicate.rs:12:14
   |
12 |     Exists { path: String },
   |              ^^^^^^^^^^^^

warning: missing documentation for a struct field
  --> crates/agentverify-core/src/predicate.rs:14:17
   |
14 |     NotExists { path: String },
   |                 ^^^^^^^^^^^^

warning: missing documentation for a struct field
  --> crates/agentverify-core/src/predicate.rs:16:14
   |
16 |     Equals { path: String, value: Value },
   |              ^^^^^^^^^^^^

warning: missing documentation for a struct field
  --> crates/agentverify-core/src/predicate.rs:16:28
   |
16 |     Equals { path: String, value: Value },
   |                            ^^^^^^^^^^^^

warning: missing documentation for a struct field
  --> crates/agentverify-core/src/predicate.rs:18:17
   |
18 |     NotEquals { path: String, value: Value },
   |                 ^^^^^^^^^^^^

warning: missing documentation for a struct field
  --> crates/agentverify-core/src/predicate.rs:18:31
   |
18 |     NotEquals { path: String, value: Value },
   |                               ^^^^^^^^^^^^

warning: missing documentation for a struct field
  --> crates/agentverify-core/src/predicate.rs:20:16
   |
20 |     Contains { path: String, value: Value },
   |                ^^^^^^^^^^^^

warning: missing documentation for a struct field
  --> crates/agentverify-core/src/predicate.rs:20:30
   |
20 |     Contains { path: String, value: Value },
   |                              ^^^^^^^^^^^^

warning: missing documentation for a struct field
  --> crates/agentverify-core/src/predicate.rs:22:15
   |
22 |     Matches { path: String, pattern: String },
   |               ^^^^^^^^^^^^

warning: missing documentation for a struct field
  --> crates/agentverify-core/src/predicate.rs:22:29
   |
22 |     Matches { path: String, pattern: String },
   |                             ^^^^^^^^^^^^^^^

warning: missing documentation for a struct field
  --> crates/agentverify-core/src/predicate.rs:24:19
   |
24 |     GreaterThan { path: String, value: Value },
   |                   ^^^^^^^^^^^^

warning: missing documentation for a struct field
  --> crates/agentverify-core/src/predicate.rs:24:33
   |
24 |     GreaterThan { path: String, value: Value },
   |                                 ^^^^^^^^^^^^

warning: missing documentation for a struct field
  --> crates/agentverify-core/src/predicate.rs:26:16
   |
26 |     LessThan { path: String, value: Value },
   |                ^^^^^^^^^^^^

warning: missing documentation for a struct field
  --> crates/agentverify-core/src/predicate.rs:26:30
   |
26 |     LessThan { path: String, value: Value },
   |                              ^^^^^^^^^^^^

warning: missing documentation for a struct field
  --> crates/agentverify-core/src/predicate.rs:31:9
   |
31 |         path: String,
   |         ^^^^^^^^^^^^

warning: missing documentation for a struct field
  --> crates/agentverify-core/src/predicate.rs:32:9
   |
32 |         operator: CountOperator,
   |         ^^^^^^^^^^^^^^^^^^^^^^^

warning: missing documentation for a struct field
  --> crates/agentverify-core/src/predicate.rs:33:9
   |
33 |         value: i64,
   |         ^^^^^^^^^^

warning: missing documentation for a struct field
  --> crates/agentverify-core/src/predicate.rs:36:15
   |
36 |     IsEmpty { path: String },
   |               ^^^^^^^^^^^^

warning: missing documentation for a struct field
  --> crates/agentverify-core/src/predicate.rs:38:18
   |
38 |     IsNotEmpty { path: String },
   |                  ^^^^^^^^^^^^

warning: missing documentation for a struct field
  --> crates/agentverify-core/src/predicate.rs:42:11
   |
42 |     All { predicates: Vec<Predicate> },
   |           ^^^^^^^^^^^^^^^^^^^^^^^^^^

warning: missing documentation for a struct field
  --> crates/agentverify-core/src/predicate.rs:44:11
   |
44 |     Any { predicates: Vec<Predicate> },
   |           ^^^^^^^^^^^^^^^^^^^^^^^^^^

warning: missing documentation for a struct field
  --> crates/agentverify-core/src/predicate.rs:46:11
   |
46 |     Not { predicate: Box<Predicate> },
   |           ^^^^^^^^^^^^^^^^^^^^^^^^^

warning: missing documentation for a struct field
  --> crates/agentverify-core/src/predicate.rs:49:9
   |
49 |         antecedent: Box<Predicate>,
   |         ^^^^^^^^^^^^^^^^^^^^^^^^^^

warning: missing documentation for a struct field
  --> crates/agentverify-core/src/predicate.rs:50:9
   |
50 |         consequent: Box<Predicate>,
   |         ^^^^^^^^^^^^^^^^^^^^^^^^^^

warning: missing documentation for a variant
   --> crates/agentverify-core/src/predicate.rs:157:5
    |
157 |     Eq,
    |     ^^

warning: missing documentation for a variant
   --> crates/agentverify-core/src/predicate.rs:158:5
    |
158 |     Ne,
    |     ^^

warning: missing documentation for a variant
   --> crates/agentverify-core/src/predicate.rs:159:5
    |
159 |     Lt,
    |     ^^

warning: missing documentation for a variant
   --> crates/agentverify-core/src/predicate.rs:160:5
    |
160 |     Le,
    |     ^^

warning: missing documentation for a variant
   --> crates/agentverify-core/src/predicate.rs:161:5
    |
161 |     Gt,
    |     ^^

warning: missing documentation for a variant
   --> crates/agentverify-core/src/predicate.rs:162:5
    |
162 |     Ge,
    |     ^^

warning: missing documentation for a trait
   --> crates/agentverify-core/src/receipt.rs:268:1
    |
268 | pub trait ReceiptStore: Send + Sync {
    | ^^^^^^^^^^^^^^^^^^^^^^^^^^^^^^^^^^^

warning: missing documentation for an associated function
   --> crates/agentverify-core/src/receipt.rs:312:5
    |
312 |     pub fn new() -> Self {
    |     ^^^^^^^^^^^^^^^^^^^^

warning: `agentverify-core` (lib) generated 65 warnings
    Checking agentverify-engine v0.1.0 (/nas/Temp/repos/AgentVerify/crates/agentverify-engine)
    Checking agentverify-contract v0.1.0 (/nas/Temp/repos/AgentVerify/crates/agentverify-contract)
warning: unused `std::result::Result` that must be used
   --> crates/agentverify-core/src/receipt.rs:692:9
    |
692 |         rt.block_on(store_ref.store(receipt_ref));
    |         ^^^^^^^^^^^^^^^^^^^^^^^^^^^^^^^^^^^^^^^^^
    |
    = note: this `Result` may be an `Err` variant, which should be handled
    = note: `#[warn(unused_must_use)]` (part of `#[warn(unused)]`) on by default
help: use `let _ = ...` to ignore the resulting value
    |
692 |         let _ = rt.block_on(store_ref.store(receipt_ref));
    |         +++++++

warning: unused `std::result::Result` that must be used
   --> crates/agentverify-core/src/receipt.rs:718:9
    |
718 |         rt.block_on(store_ref.store(receipt_ref));
    |         ^^^^^^^^^^^^^^^^^^^^^^^^^^^^^^^^^^^^^^^^^
    |
    = note: this `Result` may be an `Err` variant, which should be handled
help: use `let _ = ...` to ignore the resulting value
    |
718 |         let _ = rt.block_on(store_ref.store(receipt_ref));
    |         +++++++

warning: `agentverify-core` (lib test) generated 67 warnings (65 duplicates)
warning: it is more idiomatic to use `Option<&T>` instead of `&Option<T>`
   --> crates/agentverify-contract/src/contract.rs:106:1
    |
106 | / fn fmt_ctx(
107 | |     f: &mut std::fmt::Formatter<'_>,
108 | |     location: &Option<SourceLocation>,
109 | |     context: &Option<ContractContext>,
...   |
121 | |     write!(f, "{}", ctx_parts.join(""))
122 | | }
    | |_^
    |
    = help: for further information visit https://rust-lang.github.io/rust-clippy/rust-1.97.0/index.html#ref_option
    = note: `-W clippy::ref-option` implied by `-W clippy::pedantic`
    = help: to override `-W clippy::pedantic` add `#[allow(clippy::ref_option)]`
help: change this to
    |
108 ~     location: Option<&SourceLocation>,
109 ~     context: Option<&ContractContext>,
    |

warning: missing documentation for a function
 --> crates/agentverify-engine/benches/predicate.rs:7:1
  |
7 | pub fn predicate_equals_benchmark(c: &mut Criterion) {
  | ^^^^^^^^^^^^^^^^^^^^^^^^^^^^^^^^^^^^^^^^^^^^^^^^^^^^
  |
  = note: requested on the command line with `-W missing-docs`

warning: missing documentation for a function
  --> crates/agentverify-engine/benches/predicate.rs:32:1
   |
32 | pub fn predicate_exists_benchmark(c: &mut Criterion) {
   | ^^^^^^^^^^^^^^^^^^^^^^^^^^^^^^^^^^^^^^^^^^^^^^^^^^^^

warning: missing documentation for a function
  --> crates/agentverify-engine/benches/predicate.rs:57:1
   |
57 | pub fn predicate_regex_benchmark(c: &mut Criterion) {
   | ^^^^^^^^^^^^^^^^^^^^^^^^^^^^^^^^^^^^^^^^^^^^^^^^^^^

warning: missing documentation for a function
  --> crates/agentverify-engine/benches/predicate.rs:80:1
   |
80 | / criterion_group!(
81 | |     benches,
82 | |     predicate_equals_benchmark,
83 | |     predicate_exists_benchmark,
84 | |     predicate_regex_benchmark
85 | | );
   | |_^
   |
   = note: this warning originates in the macro `$crate::criterion_group` which comes from the expansion of the macro `criterion_group` (in Nightly builds, run with -Z macro-backtrace for more info)

warning: docs for function returning `Result` missing `# Errors` section
   --> crates/agentverify-contract/src/contract.rs:408:1
    |
408 | pub fn parse_json(json: &str) -> Result<Contract, ContractError> {
    | ^^^^^^^^^^^^^^^^^^^^^^^^^^^^^^^^^^^^^^^^^^^^^^^^^^^^^^^^^^^^^^^^
    |
    = help: for further information visit https://rust-lang.github.io/rust-clippy/rust-1.97.0/index.html#missing_errors_doc
    = note: `-W clippy::missing-errors-doc` implied by `-W clippy::pedantic`
    = help: to override `-W clippy::pedantic` add `#[allow(clippy::missing_errors_doc)]`

warning: docs for function returning `Result` missing `# Errors` section
   --> crates/agentverify-contract/src/contract.rs:419:1
    |
419 | pub fn parse_yaml(yaml: &str) -> Result<Contract, ContractError> {
    | ^^^^^^^^^^^^^^^^^^^^^^^^^^^^^^^^^^^^^^^^^^^^^^^^^^^^^^^^^^^^^^^^
    |
    = help: for further information visit https://rust-lang.github.io/rust-clippy/rust-1.97.0/index.html#missing_errors_doc

warning: docs for function returning `Result` missing `# Errors` section
   --> crates/agentverify-contract/src/contract.rs:430:1
    |
430 | pub fn load_file(path: impl AsRef<Path>) -> Result<Contract, ContractError> {
    | ^^^^^^^^^^^^^^^^^^^^^^^^^^^^^^^^^^^^^^^^^^^^^^^^^^^^^^^^^^^^^^^^^^^^^^^^^^^
    |
    = help: for further information visit https://rust-lang.github.io/rust-clippy/rust-1.97.0/index.html#missing_errors_doc

warning: `agentverify-engine` (bench "predicate") generated 4 warnings
    Checking agentverify-recovery v0.1.0 (/nas/Temp/repos/AgentVerify/crates/agentverify-recovery)
warning: docs for function returning `Result` missing `# Errors` section
   --> crates/agentverify-contract/src/contract.rs:459:1
    |
459 | pub fn validate_contract(contract: &Contract) -> Result<(), ContractError> {
    | ^^^^^^^^^^^^^^^^^^^^^^^^^^^^^^^^^^^^^^^^^^^^^^^^^^^^^^^^^^^^^^^^^^^^^^^^^^
    |
    = help: for further information visit https://rust-lang.github.io/rust-clippy/rust-1.97.0/index.html#missing_errors_doc

warning: these match arms have identical bodies
   --> crates/agentverify-contract/src/contract.rs:524:9
    |
524 | /         Predicate::All { predicates } => {
525 | |             for (i, p) in predicates.iter().enumerate() {
526 | |                 validate_predicate(
527 | |                     p,
...   |
534 | |             Ok(())
535 | |         }
    | |_________^
536 | /         Predicate::Any { predicates } => {
537 | |             for (i, p) in predicates.iter().enumerate() {
538 | |                 validate_predicate(
539 | |                     p,
...   |
546 | |             Ok(())
547 | |         }
    | |_________^
    |
    = help: if this is unintentional make the arms return different values
    = help: for further information visit https://rust-lang.github.io/rust-clippy/rust-1.97.0/index.html#match_same_arms
    = note: `-W clippy::match-same-arms` implied by `-W clippy::pedantic`
    = help: to override `-W clippy::pedantic` add `#[allow(clippy::match_same_arms)]`
help: otherwise merge the patterns into a single arm
    |
524 ~         Predicate::All { predicates } | Predicate::Any { predicates } => {
525 |             for (i, p) in predicates.iter().enumerate() {
...
535 |         }
536 ~         Predicate::Not { predicate } => validate_predicate(
    |

warning: docs for function returning `Result` missing `# Errors` section
   --> crates/agentverify-contract/src/contract.rs:579:1
    |
579 | pub fn to_json(contract: &Contract) -> Result<String, ContractError> {
    | ^^^^^^^^^^^^^^^^^^^^^^^^^^^^^^^^^^^^^^^^^^^^^^^^^^^^^^^^^^^^^^^^^^^^
    |
    = help: for further information visit https://rust-lang.github.io/rust-clippy/rust-1.97.0/index.html#missing_errors_doc

warning: docs for function returning `Result` missing `# Errors` section
   --> crates/agentverify-contract/src/contract.rs:588:1
    |
588 | pub fn to_yaml(contract: &Contract) -> Result<String, ContractError> {
    | ^^^^^^^^^^^^^^^^^^^^^^^^^^^^^^^^^^^^^^^^^^^^^^^^^^^^^^^^^^^^^^^^^^^^
    |
    = help: for further information visit https://rust-lang.github.io/rust-clippy/rust-1.97.0/index.html#missing_errors_doc

warning: missing documentation for an enum
   --> crates/agentverify-contract/src/contract.rs:125:1
    |
125 | pub enum ContractError {
    | ^^^^^^^^^^^^^^^^^^^^^^
    |
    = note: requested on the command line with `-W missing-docs`

warning: missing documentation for a variant
   --> crates/agentverify-contract/src/contract.rs:126:5
    |
126 |     JsonError {
    |     ^^^^^^^^^

warning: missing documentation for a struct field
   --> crates/agentverify-contract/src/contract.rs:127:9
    |
127 |         source: serde_json::Error,
    |         ^^^^^^^^^^^^^^^^^^^^^^^^^

warning: missing documentation for a struct field
   --> crates/agentverify-contract/src/contract.rs:128:9
    |
128 |         location: Option<SourceLocation>,
    |         ^^^^^^^^^^^^^^^^^^^^^^^^^^^^^^^^

warning: missing documentation for a struct field
   --> crates/agentverify-contract/src/contract.rs:129:9
    |
129 |         context: Option<ContractContext>,
    |         ^^^^^^^^^^^^^^^^^^^^^^^^^^^^^^^^

warning: missing documentation for a variant
   --> crates/agentverify-contract/src/contract.rs:131:5
    |
131 |     YamlError {
    |     ^^^^^^^^^

warning: missing documentation for a struct field
   --> crates/agentverify-contract/src/contract.rs:132:9
    |
132 |         source: serde_yaml::Error,
    |         ^^^^^^^^^^^^^^^^^^^^^^^^^

warning: missing documentation for a struct field
   --> crates/agentverify-contract/src/contract.rs:133:9
    |
133 |         location: Option<SourceLocation>,
    |         ^^^^^^^^^^^^^^^^^^^^^^^^^^^^^^^^

warning: missing documentation for a struct field
   --> crates/agentverify-contract/src/contract.rs:134:9
    |
134 |         context: Option<ContractContext>,
    |         ^^^^^^^^^^^^^^^^^^^^^^^^^^^^^^^^

warning: missing documentation for a variant
   --> crates/agentverify-contract/src/contract.rs:136:5
    |
136 |     IoError {
    |     ^^^^^^^

warning: missing documentation for a struct field
   --> crates/agentverify-contract/src/contract.rs:137:9
    |
137 |         source: std::io::Error,
    |         ^^^^^^^^^^^^^^^^^^^^^^

warning: missing documentation for a struct field
   --> crates/agentverify-contract/src/contract.rs:138:9
    |
138 |         location: Option<SourceLocation>,
    |         ^^^^^^^^^^^^^^^^^^^^^^^^^^^^^^^^

warning: missing documentation for a struct field
   --> crates/agentverify-contract/src/contract.rs:139:9
    |
139 |         context: Option<ContractContext>,
    |         ^^^^^^^^^^^^^^^^^^^^^^^^^^^^^^^^

warning: missing documentation for a variant
   --> crates/agentverify-contract/src/contract.rs:141:5
    |
141 |     InvalidContract {
    |     ^^^^^^^^^^^^^^^

warning: missing documentation for a struct field
   --> crates/agentverify-contract/src/contract.rs:142:9
    |
142 |         reason: String,
    |         ^^^^^^^^^^^^^^

warning: missing documentation for a struct field
   --> crates/agentverify-contract/src/contract.rs:143:9
    |
143 |         location: Option<SourceLocation>,
    |         ^^^^^^^^^^^^^^^^^^^^^^^^^^^^^^^^

warning: missing documentation for a struct field
   --> crates/agentverify-contract/src/contract.rs:144:9
    |
144 |         context: Option<ContractContext>,
    |         ^^^^^^^^^^^^^^^^^^^^^^^^^^^^^^^^

warning: missing documentation for a variant
   --> crates/agentverify-contract/src/contract.rs:146:5
    |
146 |     InvalidPredicate {
    |     ^^^^^^^^^^^^^^^^

warning: missing documentation for a struct field
   --> crates/agentverify-contract/src/contract.rs:147:9
    |
147 |         reason: String,
    |         ^^^^^^^^^^^^^^

warning: missing documentation for a struct field
   --> crates/agentverify-contract/src/contract.rs:148:9
    |
148 |         path: PredicatePath,
    |         ^^^^^^^^^^^^^^^^^^^

warning: missing documentation for a struct field
   --> crates/agentverify-contract/src/contract.rs:149:9
    |
149 |         context: Option<ContractContext>,
    |         ^^^^^^^^^^^^^^^^^^^^^^^^^^^^^^^^

warning: missing documentation for a variant
   --> crates/agentverify-contract/src/contract.rs:151:5
    |
151 |     SchemaVersionMismatch {
    |     ^^^^^^^^^^^^^^^^^^^^^

warning: missing documentation for a struct field
   --> crates/agentverify-contract/src/contract.rs:152:9
    |
152 |         expected: String,
    |         ^^^^^^^^^^^^^^^^

warning: missing documentation for a struct field
   --> crates/agentverify-contract/src/contract.rs:153:9
    |
153 |         actual: String,
    |         ^^^^^^^^^^^^^^

warning: missing documentation for a struct field
   --> crates/agentverify-contract/src/contract.rs:154:9
    |
154 |         context: Option<ContractContext>,
    |         ^^^^^^^^^^^^^^^^^^^^^^^^^^^^^^^^

warning: missing documentation for a variant
   --> crates/agentverify-contract/src/contract.rs:156:5
    |
156 |     UnknownFileExtension {
    |     ^^^^^^^^^^^^^^^^^^^^

warning: missing documentation for a struct field
   --> crates/agentverify-contract/src/contract.rs:157:9
    |
157 |         extension: String,
    |         ^^^^^^^^^^^^^^^^^

warning: missing documentation for a struct field
   --> crates/agentverify-contract/src/contract.rs:158:9
    |
158 |         location: Option<SourceLocation>,
    |         ^^^^^^^^^^^^^^^^^^^^^^^^^^^^^^^^

warning: missing documentation for a struct field
   --> crates/agentverify-contract/src/contract.rs:159:9
    |
159 |         context: Option<ContractContext>,
    |         ^^^^^^^^^^^^^^^^^^^^^^^^^^^^^^^^

warning: `agentverify-contract` (lib) generated 37 warnings
    Checking agentverify-runtime v0.1.0 (/nas/Temp/repos/AgentVerify/crates/agentverify-runtime)
warning: it is more idiomatic to use `Option<&T>` instead of `&Option<T>`
   --> crates/agentverify-runtime/src/executor.rs:293:5
    |
293 | /     fn calculate_backoff(
294 | |         attempt: u32,
295 | |         recovery: &Option<RecoveryConfig>,
296 | |         default_initial: u64,
...   |
317 | |         delay.min(default_max)
318 | |     }
    | |_____^
    |
    = help: for further information visit https://rust-lang.github.io/rust-clippy/rust-1.97.0/index.html#ref_option
    = note: `-W clippy::ref-option` implied by `-W clippy::pedantic`
    = help: to override `-W clippy::pedantic` add `#[allow(clippy::ref_option)]`
help: change this to
    |
295 -         recovery: &Option<RecoveryConfig>,
295 +         recovery: Option<&RecoveryConfig>,
    |

warning: casting `i64` to `u64` may lose the sign of the value
   --> crates/agentverify-runtime/src/executor.rs:302:34
    |
302 |                 let initial_ms = backoff.initial.num_milliseconds() as u64;
    |                                  ^^^^^^^^^^^^^^^^^^^^^^^^^^^^^^^^^^^^^^^^^
    |
    = help: for further information visit https://rust-lang.github.io/rust-clippy/rust-1.97.0/index.html#cast_sign_loss
    = note: `-W clippy::cast-sign-loss` implied by `-W clippy::pedantic`
    = help: to override `-W clippy::pedantic` add `#[allow(clippy::cast_sign_loss)]`

warning: casting `i64` to `u64` may lose the sign of the value
   --> crates/agentverify-runtime/src/executor.rs:303:30
    |
303 |                 let max_ms = backoff.max.num_milliseconds() as u64;
    |                              ^^^^^^^^^^^^^^^^^^^^^^^^^^^^^^^^^^^^^
    |
    = help: for further information visit https://rust-lang.github.io/rust-clippy/rust-1.97.0/index.html#cast_sign_loss

warning: casting `f64` to `u64` may truncate the value
   --> crates/agentverify-runtime/src/executor.rs:309:25
    |
309 |                         (initial_ms as f64 * multiplier.powi(attempt as i32 - 1)) as u64
    |                         ^^^^^^^^^^^^^^^^^^^^^^^^^^^^^^^^^^^^^^^^^^^^^^^^^^^^^^^^^^^^^^^^
    |
    = help: if this is intentional allow the lint with `#[allow(clippy::cast_possible_truncation)]` ...
    = help: for further information visit https://rust-lang.github.io/rust-clippy/rust-1.97.0/index.html#cast_possible_truncation
    = note: `-W clippy::cast-possible-truncation` implied by `-W clippy::pedantic`
    = help: to override `-W clippy::pedantic` add `#[allow(clippy::cast_possible_truncation)]`

warning: casting `f64` to `u64` may lose the sign of the value
   --> crates/agentverify-runtime/src/executor.rs:309:25
    |
309 |                         (initial_ms as f64 * multiplier.powi(attempt as i32 - 1)) as u64
    |                         ^^^^^^^^^^^^^^^^^^^^^^^^^^^^^^^^^^^^^^^^^^^^^^^^^^^^^^^^^^^^^^^^
    |
    = help: for further information visit https://rust-lang.github.io/rust-clippy/rust-1.97.0/index.html#cast_sign_loss

warning: casting `u64` to `f64` may cause a loss of precision (`u64` is 64 bits wide, but `f64`'s mantissa is only 52 bits wide)
   --> crates/agentverify-runtime/src/executor.rs:309:26
    |
309 |                         (initial_ms as f64 * multiplier.powi(attempt as i32 - 1)) as u64
    |                          ^^^^^^^^^^^^^^^^^
    |
    = help: for further information visit https://rust-lang.github.io/rust-clippy/rust-1.97.0/index.html#cast_precision_loss
    = note: `-W clippy::cast-precision-loss` implied by `-W clippy::pedantic`
    = help: to override `-W clippy::pedantic` add `#[allow(clippy::cast_precision_loss)]`

warning: casting `u32` to `i32` may wrap around the value
   --> crates/agentverify-runtime/src/executor.rs:309:62
    |
309 |                         (initial_ms as f64 * multiplier.powi(attempt as i32 - 1)) as u64
    |                                                              ^^^^^^^^^^^^^^
    |
    = help: for further information visit https://rust-lang.github.io/rust-clippy/rust-1.97.0/index.html#cast_possible_wrap
    = note: `-W clippy::cast-possible-wrap` implied by `-W clippy::pedantic`
    = help: to override `-W clippy::pedantic` add `#[allow(clippy::cast_possible_wrap)]`

warning: casting `f64` to `u64` may truncate the value
   --> crates/agentverify-runtime/src/executor.rs:316:21
    |
316 |         let delay = (default_initial as f64 * default_multiplier.powi(attempt as i32 - 1)) as u64;
    |                     ^^^^^^^^^^^^^^^^^^^^^^^^^^^^^^^^^^^^^^^^^^^^^^^^^^^^^^^^^^^^^^^^^^^^^^^^^^^^^
    |
    = help: if this is intentional allow the lint with `#[allow(clippy::cast_possible_truncation)]` ...
    = help: for further information visit https://rust-lang.github.io/rust-clippy/rust-1.97.0/index.html#cast_possible_truncation

warning: casting `f64` to `u64` may lose the sign of the value
   --> crates/agentverify-runtime/src/executor.rs:316:21
    |
316 |         let delay = (default_initial as f64 * default_multiplier.powi(attempt as i32 - 1)) as u64;
    |                     ^^^^^^^^^^^^^^^^^^^^^^^^^^^^^^^^^^^^^^^^^^^^^^^^^^^^^^^^^^^^^^^^^^^^^^^^^^^^^
    |
    = help: for further information visit https://rust-lang.github.io/rust-clippy/rust-1.97.0/index.html#cast_sign_loss

warning: casting `u64` to `f64` may cause a loss of precision (`u64` is 64 bits wide, but `f64`'s mantissa is only 52 bits wide)
   --> crates/agentverify-runtime/src/executor.rs:316:22
    |
316 |         let delay = (default_initial as f64 * default_multiplier.powi(attempt as i32 - 1)) as u64;
    |                      ^^^^^^^^^^^^^^^^^^^^^^
    |
    = help: for further information visit https://rust-lang.github.io/rust-clippy/rust-1.97.0/index.html#cast_precision_loss

warning: casting `u32` to `i32` may wrap around the value
   --> crates/agentverify-runtime/src/executor.rs:316:71
    |
316 |         let delay = (default_initial as f64 * default_multiplier.powi(attempt as i32 - 1)) as u64;
    |                                                                       ^^^^^^^^^^^^^^
    |
    = help: for further information visit https://rust-lang.github.io/rust-clippy/rust-1.97.0/index.html#cast_possible_wrap

warning: it is more idiomatic to use `Option<&T>` instead of `&Option<T>`
   --> crates/agentverify-runtime/src/executor.rs:324:5
    |
324 | /     fn should_retry(
325 | |         attempts: u32,
326 | |         recovery: &Option<RecoveryConfig>,
327 | |         default_max_retries: u32,
...   |
337 | |         attempts < default_max_retries
338 | |     }
    | |_____^
    |
    = help: for further information visit https://rust-lang.github.io/rust-clippy/rust-1.97.0/index.html#ref_option
help: change this to
    |
326 -         recovery: &Option<RecoveryConfig>,
326 +         recovery: Option<&RecoveryConfig>,
    |

warning: docs for function returning `Result` missing `# Errors` section
   --> crates/agentverify-runtime/src/executor.rs:352:5
    |
352 | /     pub async fn execute(
353 | |         &self,
354 | |         action: Action,
355 | |         contract: Contract,
356 | |         observer: Option<Arc<dyn Observer>>,
357 | |     ) -> Result<(VerificationResult, Receipt), ExecutorError> {
    | |_____________________________________________________________^
    |
    = help: for further information visit https://rust-lang.github.io/rust-clippy/rust-1.97.0/index.html#missing_errors_doc
    = note: `-W clippy::missing-errors-doc` implied by `-W clippy::pedantic`
    = help: to override `-W clippy::pedantic` add `#[allow(clippy::missing_errors_doc)]`

warning: this function has too many lines (130/100)
   --> crates/agentverify-runtime/src/executor.rs:352:5
    |
352 | /     pub async fn execute(
353 | |         &self,
354 | |         action: Action,
355 | |         contract: Contract,
356 | |         observer: Option<Arc<dyn Observer>>,
357 | |     ) -> Result<(VerificationResult, Receipt), ExecutorError> {
    | |_____________________________________________________________^
    |
    = help: for further information visit https://rust-lang.github.io/rust-clippy/rust-1.97.0/index.html#too_many_lines
    = note: `-W clippy::too-many-lines` implied by `-W clippy::pedantic`
    = help: to override `-W clippy::pedantic` add `#[allow(clippy::too_many_lines)]`

warning: unused `self` argument
   --> crates/agentverify-runtime/src/executor.rs:520:31
    |
520 |     fn validate_preconditions(&self, _action: &Action, contract: &Contract) -> Result<(), String> {
    |                               ^^^^^
    |
    = help: consider refactoring to an associated function
    = help: for further information visit https://rust-lang.github.io/rust-clippy/rust-1.97.0/index.html#unused_self
    = note: `-W clippy::unused-self` implied by `-W clippy::pedantic`
    = help: to override `-W clippy::pedantic` add `#[allow(clippy::unused_self)]`

warning: unused `self` argument
   --> crates/agentverify-runtime/src/executor.rs:539:9
    |
539 |         &self,
    |         ^^^^^
    |
    = help: consider refactoring to an associated function
    = help: for further information visit https://rust-lang.github.io/rust-clippy/rust-1.97.0/index.html#unused_self

warning: docs for function returning `Result` missing `# Errors` section
   --> crates/agentverify-runtime/src/executor.rs:589:5
    |
589 | /     pub async fn execute_with_executor(
590 | |         &self,
591 | |         action: Action,
592 | |         contract: Contract,
593 | |         action_executor: Arc<dyn ActionExecutor>,
594 | |         observer: Option<Arc<dyn Observer>>,
595 | |     ) -> Result<(VerificationResult, Receipt), ExecutorError> {
    | |_____________________________________________________________^
    |
    = help: for further information visit https://rust-lang.github.io/rust-clippy/rust-1.97.0/index.html#missing_errors_doc

warning: this function has too many lines (174/100)
   --> crates/agentverify-runtime/src/executor.rs:589:5
    |
589 | /     pub async fn execute_with_executor(
590 | |         &self,
591 | |         action: Action,
592 | |         contract: Contract,
593 | |         action_executor: Arc<dyn ActionExecutor>,
594 | |         observer: Option<Arc<dyn Observer>>,
595 | |     ) -> Result<(VerificationResult, Receipt), ExecutorError> {
    | |_____________________________________________________________^
    |
    = help: for further information visit https://rust-lang.github.io/rust-clippy/rust-1.97.0/index.html#too_many_lines

warning: casting `f64` to `i64` may truncate the value
   --> crates/agentverify-recovery/src/lib.rs:124:25
    |
124 | /                         (self.initial.num_milliseconds() as f64 * self.multiplier * f64::from(attempt))
125 | |                             as i64,
    | |__________________________________^
    |
    = help: if this is intentional allow the lint with `#[allow(clippy::cast_possible_truncation)]` ...
    = help: for further information visit https://rust-lang.github.io/rust-clippy/rust-1.97.0/index.html#cast_possible_truncation
    = note: `-W clippy::cast-possible-truncation` implied by `-W clippy::pedantic`
    = help: to override `-W clippy::pedantic` add `#[allow(clippy::cast_possible_truncation)]`

warning: casting `i64` to `f64` may cause a loss of precision (`i64` is 64 bits wide, but `f64`'s mantissa is only 52 bits wide)
   --> crates/agentverify-recovery/src/lib.rs:124:26
    |
124 |                         (self.initial.num_milliseconds() as f64 * self.multiplier * f64::from(attempt))
    |                          ^^^^^^^^^^^^^^^^^^^^^^^^^^^^^^^^^^^^^^
    |
    = help: for further information visit https://rust-lang.github.io/rust-clippy/rust-1.97.0/index.html#cast_precision_loss
    = note: `-W clippy::cast-precision-loss` implied by `-W clippy::pedantic`
    = help: to override `-W clippy::pedantic` add `#[allow(clippy::cast_precision_loss)]`

warning: casting `i64` to `f64` may cause a loss of precision (`i64` is 64 bits wide, but `f64`'s mantissa is only 52 bits wide)
   --> crates/agentverify-recovery/src/lib.rs:130:21
    |
130 |                     self.initial.num_milliseconds() as f64 * self.multiplier.powi(attempt as i32);
    |                     ^^^^^^^^^^^^^^^^^^^^^^^^^^^^^^^^^^^^^^
    |
    = help: for further information visit https://rust-lang.github.io/rust-clippy/rust-1.97.0/index.html#cast_precision_loss

warning: casting `u32` to `i32` may wrap around the value
   --> crates/agentverify-recovery/src/lib.rs:130:83
    |
130 |                     self.initial.num_milliseconds() as f64 * self.multiplier.powi(attempt as i32);
    |                                                                                   ^^^^^^^^^^^^^^
    |
    = help: for further information visit https://rust-lang.github.io/rust-clippy/rust-1.97.0/index.html#cast_possible_wrap
    = note: `-W clippy::cast-possible-wrap` implied by `-W clippy::pedantic`
    = help: to override `-W clippy::pedantic` add `#[allow(clippy::cast_possible_wrap)]`

warning: casting `f64` to `i64` may truncate the value
   --> crates/agentverify-recovery/src/lib.rs:131:40
    |
131 |                 Duration::milliseconds(millis as i64)
    |                                        ^^^^^^^^^^^^^
    |
    = help: if this is intentional allow the lint with `#[allow(clippy::cast_possible_truncation)]` ...
    = help: for further information visit https://rust-lang.github.io/rust-clippy/rust-1.97.0/index.html#cast_possible_truncation

warning: unused `self` argument
   --> crates/agentverify-runtime/src/executor.rs:809:9
    |
809 |         &self,
    |         ^^^^^
    |
    = help: consider refactoring to an associated function
    = help: for further information visit https://rust-lang.github.io/rust-clippy/rust-1.97.0/index.html#unused_self

warning: unused `self` argument
   --> crates/agentverify-runtime/src/executor.rs:828:9
    |
828 |         &self,
    |         ^^^^^
    |
    = help: consider refactoring to an associated function
    = help: for further information visit https://rust-lang.github.io/rust-clippy/rust-1.97.0/index.html#unused_self

warning: casting `i64` to `u64` may lose the sign of the value
   --> crates/agentverify-recovery/src/lib.rs:282:25
    |
282 |                         delay.num_milliseconds() as u64,
    |                         ^^^^^^^^^^^^^^^^^^^^^^^^^^^^^^^
    |
    = help: for further information visit https://rust-lang.github.io/rust-clippy/rust-1.97.0/index.html#cast_sign_loss
    = note: `-W clippy::cast-sign-loss` implied by `-W clippy::pedantic`
    = help: to override `-W clippy::pedantic` add `#[allow(clippy::cast_sign_loss)]`

warning: missing `#[must_use]` attribute on a method returning `Self`
   --> crates/agentverify-recovery/src/lib.rs:409:5
    |
409 | /     pub fn add_fallback(mut self, fallback: Fallback) -> Self {
410 | |         self.fallbacks.push(fallback);
411 | |         self
412 | |     }
    | |_____^
    |
    = help: consider adding the `#[must_use]` attribute to the method or directly to the `Self` type
    = help: for further information visit https://rust-lang.github.io/rust-clippy/rust-1.97.0/index.html#return_self_not_must_use
    = note: `-W clippy::return-self-not-must-use` implied by `-W clippy::pedantic`
    = help: to override `-W clippy::pedantic` add `#[allow(clippy::return_self_not_must_use)]`

warning: missing `#[must_use]` attribute on a method returning `Self`
   --> crates/agentverify-recovery/src/lib.rs:415:5
    |
415 | /     pub fn with_fallback(mut self, name: impl Into<String>) -> Self {
416 | |         self.fallbacks.push(Fallback::new(name));
417 | |         self
418 | |     }
    | |_____^
    |
    = help: consider adding the `#[must_use]` attribute to the method or directly to the `Self` type
    = help: for further information visit https://rust-lang.github.io/rust-clippy/rust-1.97.0/index.html#return_self_not_must_use

warning: docs for function returning `Result` missing `# Errors` section
   --> crates/agentverify-recovery/src/lib.rs:444:1
    |
444 | / pub async fn execute_fallback_chain<Fut>(
445 | |     fallbacks: Vec<(String, impl Fn() -> Fut)>,
446 | | ) -> Result<VerificationResult, RecoveryError>
447 | | where
448 | |     Fut: Future<Output = Result<VerificationResult, RecoveryError>>,
    | |____________________________________________________________________^
    |
    = help: for further information visit https://rust-lang.github.io/rust-clippy/rust-1.97.0/index.html#missing_errors_doc
    = note: `-W clippy::missing-errors-doc` implied by `-W clippy::pedantic`
    = help: to override `-W clippy::pedantic` add `#[allow(clippy::missing_errors_doc)]`

error: used `unwrap()` on a `Result` value
   --> crates/agentverify-runtime/src/idempotency_store.rs:160:29
    |
160 |                 let cache = self.cache.lock().unwrap();
    |                             ^^^^^^^^^^^^^^^^^^^^^^^^^^
    |
    = note: if this value is an `Err`, it will panic
    = help: for further information visit https://rust-lang.github.io/rust-clippy/rust-1.97.0/index.html#unwrap_used
    = note: requested on the command line with `-D clippy::unwrap-used`

error: used `unwrap()` on a `Result` value
   --> crates/agentverify-runtime/src/idempotency_store.rs:176:37
    |
176 |                     let mut cache = self.cache.lock().unwrap();
    |                                     ^^^^^^^^^^^^^^^^^^^^^^^^^^
    |
    = note: if this value is an `Err`, it will panic
    = help: for further information visit https://rust-lang.github.io/rust-clippy/rust-1.97.0/index.html#unwrap_used

error: use of `eprintln!`
   --> crates/agentverify-runtime/src/idempotency_store.rs:187:21
    |
187 |                     eprintln!("warning: failed to persist claim: {e}");
    |                     ^^^^^^^^^^^^^^^^^^^^^^^^^^^^^^^^^^^^^^^^^^^^^^^^^^
    |
    = help: for further information visit https://rust-lang.github.io/rust-clippy/rust-1.97.0/index.html#print_stderr
    = note: requested on the command line with `-D clippy::print-stderr`

error: used `unwrap()` on a `Result` value
   --> crates/agentverify-runtime/src/idempotency_store.rs:190:37
    |
190 |                     let mut cache = self.cache.lock().unwrap();
    |                                     ^^^^^^^^^^^^^^^^^^^^^^^^^^
    |
    = note: if this value is an `Err`, it will panic
    = help: for further information visit https://rust-lang.github.io/rust-clippy/rust-1.97.0/index.html#unwrap_used

error: use of `eprintln!`
   --> crates/agentverify-runtime/src/idempotency_store.rs:206:17
    |
206 |                 eprintln!("warning: failed to persist completion: {e}");
    |                 ^^^^^^^^^^^^^^^^^^^^^^^^^^^^^^^^^^^^^^^^^^^^^^^^^^^^^^^
    |
    = help: for further information visit https://rust-lang.github.io/rust-clippy/rust-1.97.0/index.html#print_stderr

error: used `unwrap()` on a `Result` value
   --> crates/agentverify-runtime/src/idempotency_store.rs:209:33
    |
209 |                 let mut cache = self.cache.lock().unwrap();
    |                                 ^^^^^^^^^^^^^^^^^^^^^^^^^^
    |
    = note: if this value is an `Err`, it will panic
    = help: for further information visit https://rust-lang.github.io/rust-clippy/rust-1.97.0/index.html#unwrap_used

error: use of `eprintln!`
   --> crates/agentverify-runtime/src/idempotency_store.rs:224:21
    |
224 |                     eprintln!("warning: failed to remove entry: {e}");
    |                     ^^^^^^^^^^^^^^^^^^^^^^^^^^^^^^^^^^^^^^^^^^^^^^^^^
    |
    = help: for further information visit https://rust-lang.github.io/rust-clippy/rust-1.97.0/index.html#print_stderr

error: used `unwrap()` on a `Result` value
   --> crates/agentverify-runtime/src/idempotency_store.rs:228:35
    |
228 |             let mut cache_guard = cache.lock().unwrap();
    |                                   ^^^^^^^^^^^^^^^^^^^^^
    |
    = note: if this value is an `Err`, it will panic
    = help: for further information visit https://rust-lang.github.io/rust-clippy/rust-1.97.0/index.html#unwrap_used

warning: manual `Debug` impl does not include all fields
   --> crates/agentverify-runtime/src/idempotency_store.rs:235:1
    |
235 | / impl std::fmt::Debug for FileIdempotencyStore {
236 | |     fn fmt(&self, f: &mut std::fmt::Formatter<'_>) -> std::fmt::Result {
237 | |         f.debug_struct("FileIdempotencyStore")
238 | |             .field("base_path", &self.base_path)
...   |
241 | | }
    | |_^
    |
note: this field is unused
   --> crates/agentverify-runtime/src/idempotency_store.rs:94:5
    |
 94 |     cache: Mutex<HashMap<String, PersistedEntry>>,
    |     ^^^^^^^^^^^^^^^^^^^^^^^^^^^^^^^^^^^^^^^^^^^^^
    = help: consider including all fields in this `Debug` impl
    = help: consider calling `.finish_non_exhaustive()` if you intend to ignore fields
    = help: for further information visit https://rust-lang.github.io/rust-clippy/rust-1.97.0/index.html#missing_fields_in_debug
    = note: `-W clippy::missing-fields-in-debug` implied by `-W clippy::pedantic`
    = help: to override `-W clippy::pedantic` add `#[allow(clippy::missing_fields_in_debug)]`

warning: missing documentation for a variant
  --> crates/agentverify-runtime/src/action_executor.rs:12:5
   |
12 |     ActionNotSupported(String),
   |     ^^^^^^^^^^^^^^^^^^
   |
   = note: requested on the command line with `-W missing-docs`

warning: missing documentation for a variant
  --> crates/agentverify-runtime/src/action_executor.rs:15:5
   |
15 |     TransportError(String),
   |     ^^^^^^^^^^^^^^

warning: missing documentation for a variant
  --> crates/agentverify-runtime/src/action_executor.rs:18:5
   |
18 |     TimeoutBeforeDispatch,
   |     ^^^^^^^^^^^^^^^^^^^^^

warning: missing documentation for a variant
  --> crates/agentverify-runtime/src/action_executor.rs:21:5
   |
21 |     TimeoutAfterDispatch,
   |     ^^^^^^^^^^^^^^^^^^^^

warning: missing documentation for a variant
  --> crates/agentverify-runtime/src/action_executor.rs:24:5
   |
24 |     Rejected(String),
   |     ^^^^^^^^

warning: missing documentation for a variant
  --> crates/agentverify-runtime/src/action_executor.rs:27:5
   |
27 |     Ambiguous(String),
   |     ^^^^^^^^^

warning: docs for function which may panic missing `# Panics` section
   --> crates/agentverify-recovery/src/lib.rs:548:5
    |
548 |     pub fn state(&self) -> CircuitState {
    |     ^^^^^^^^^^^^^^^^^^^^^^^^^^^^^^^^^^^
    |
note: first possible panic found here
   --> crates/agentverify-recovery/src/lib.rs:549:10
    |
549 |         *self.state.read().unwrap()
    |          ^^^^^^^^^^^^^^^^^^^^^^^^^^
    = help: for further information visit https://rust-lang.github.io/rust-clippy/rust-1.97.0/index.html#missing_panics_doc
    = note: `-W clippy::missing-panics-doc` implied by `-W clippy::pedantic`
    = help: to override `-W clippy::pedantic` add `#[allow(clippy::missing_panics_doc)]`

warning: missing documentation for an enum
  --> crates/agentverify-runtime/src/executor.rs:22:1
   |
22 | pub enum ExecutorError {
   | ^^^^^^^^^^^^^^^^^^^^^^

warning: missing documentation for a variant
  --> crates/agentverify-runtime/src/executor.rs:24:5
   |
24 |     ContractNotFound(String),
   |     ^^^^^^^^^^^^^^^^

warning: missing documentation for a variant
  --> crates/agentverify-runtime/src/executor.rs:26:5
   |
26 |     PreconditionFailed(String),
   |     ^^^^^^^^^^^^^^^^^^

warning: missing documentation for a variant
  --> crates/agentverify-runtime/src/executor.rs:28:5
   |
28 |     ExecutionFailed(String),
   |     ^^^^^^^^^^^^^^^

warning: missing documentation for a variant
  --> crates/agentverify-runtime/src/executor.rs:30:5
   |
30 |     VerificationFailed(String),
   |     ^^^^^^^^^^^^^^^^^^

warning: missing documentation for a variant
  --> crates/agentverify-runtime/src/executor.rs:32:5
   |
32 |     Timeout(String),
   |     ^^^^^^^

warning: missing documentation for a variant
  --> crates/agentverify-runtime/src/executor.rs:34:5
   |
34 |     Unknown(String),
   |     ^^^^^^^

warning: missing documentation for a variant
  --> crates/agentverify-runtime/src/executor.rs:36:5
   |
36 |     IdempotencyConflict,
   |     ^^^^^^^^^^^^^^^^^^^

warning: missing documentation for a variant
  --> crates/agentverify-runtime/src/executor.rs:38:5
   |
38 |     RetryExhausted { attempts: u32 },
   |     ^^^^^^^^^^^^^^

warning: missing documentation for a struct field
  --> crates/agentverify-runtime/src/executor.rs:38:22
   |
38 |     RetryExhausted { attempts: u32 },
   |                      ^^^^^^^^^^^^^

warning: missing documentation for a variant
  --> crates/agentverify-runtime/src/executor.rs:40:5
   |
40 |     ActionExecutor(String),
   |     ^^^^^^^^^^^^^^

warning: docs for function which may panic missing `# Panics` section
   --> crates/agentverify-recovery/src/lib.rs:553:5
    |
553 |     pub fn record_failure(&self) {
    |     ^^^^^^^^^^^^^^^^^^^^^^^^^^^^
    |
note: first possible panic found here
   --> crates/agentverify-recovery/src/lib.rs:554:24
    |
554 |         let mut last = self.last_failure.write().unwrap();
    |                        ^^^^^^^^^^^^^^^^^^^^^^^^^^^^^^^^^^
    = help: for further information visit https://rust-lang.github.io/rust-clippy/rust-1.97.0/index.html#missing_panics_doc

warning: missing documentation for an associated function
   --> crates/agentverify-runtime/src/executor.rs:159:5
    |
159 |     pub fn new() -> Self {
    |     ^^^^^^^^^^^^^^^^^^^^

warning: docs for function which may panic missing `# Panics` section
   --> crates/agentverify-recovery/src/lib.rs:576:5
    |
576 |     pub fn record_success(&self) {
    |     ^^^^^^^^^^^^^^^^^^^^^^^^^^^^
    |
note: first possible panic found here
   --> crates/agentverify-recovery/src/lib.rs:585:22
    |
585 |                     *self.state.write().unwrap() = CircuitState::Closed;
    |                      ^^^^^^^^^^^^^^^^^^^^^^^^^^^
    = help: for further information visit https://rust-lang.github.io/rust-clippy/rust-1.97.0/index.html#missing_panics_doc

warning: docs for function which may panic missing `# Panics` section
   --> crates/agentverify-recovery/src/lib.rs:596:5
    |
596 |     pub fn is_allowed(&self) -> bool {
    |     ^^^^^^^^^^^^^^^^^^^^^^^^^^^^^^^^
    |
note: first possible panic found here
   --> crates/agentverify-recovery/src/lib.rs:599:24
    |
599 |             let last = self.last_failure.read().unwrap();
    |                        ^^^^^^^^^^^^^^^^^^^^^^^^^^^^^^^^^
    = help: for further information visit https://rust-lang.github.io/rust-clippy/rust-1.97.0/index.html#missing_panics_doc

warning: docs for function returning `Result` missing `# Errors` section
   --> crates/agentverify-recovery/src/lib.rs:613:5
    |
613 | /     pub async fn execute<F, Fut>(&self, op: F) -> Result<VerificationResult, RecoveryError>
614 | |     where
615 | |         F: Future<Output = Result<VerificationResult, RecoveryError>>,
    | |______________________________________________________________________^
    |
    = help: for further information visit https://rust-lang.github.io/rust-clippy/rust-1.97.0/index.html#missing_errors_doc

warning: `agentverify-runtime` (lib) generated 39 warnings
error: could not compile `agentverify-runtime` (lib) due to 8 previous errors; 39 warnings emitted
warning: build failed, waiting for other jobs to finish...
warning: casting `i64` to `u64` may lose the sign of the value
   --> crates/agentverify-recovery/src/lib.rs:722:52
    |
722 |                 tokio::time::Duration::from_millis(timeout.num_milliseconds() as u64),
    |                                                    ^^^^^^^^^^^^^^^^^^^^^^^^^^^^^^^^^
    |
    = help: for further information visit https://rust-lang.github.io/rust-clippy/rust-1.97.0/index.html#cast_sign_loss

warning: missing `#[must_use]` attribute on a method returning `Self`
   --> crates/agentverify-recovery/src/lib.rs:777:5
    |
777 | /     pub fn with_circuit_breaker(mut self, cb: Arc<CircuitBreaker>) -> Self {
778 | |         self.circuit_breaker = Some(cb);
779 | |         self
780 | |     }
    | |_____^
    |
    = help: consider adding the `#[must_use]` attribute to the method or directly to the `Self` type
    = help: for further information visit https://rust-lang.github.io/rust-clippy/rust-1.97.0/index.html#return_self_not_must_use

warning: docs for function returning `Result` missing `# Errors` section
   --> crates/agentverify-recovery/src/lib.rs:815:5
    |
815 | /     pub async fn execute_and_return<F, Fut>(
816 | |         &self,
817 | |         op: F,
818 | |     ) -> Result<VerificationResult, RecoveryError>
819 | |     where
820 | |         F: Fn() -> Fut + Send + Sync + 'static,
821 | |         Fut: Future<Output = Result<VerificationResult, RecoveryError>> + Send + 'static,
    | |_________________________________________________________________________________________^
    |
    = help: for further information visit https://rust-lang.github.io/rust-clippy/rust-1.97.0/index.html#missing_errors_doc

warning: missing documentation for a struct field
  --> crates/agentverify-recovery/src/lib.rs:44:27
   |
44 |     MaxAttemptsExceeded { attempts: u32 },
   |                           ^^^^^^^^^^^^^
   |
   = note: requested on the command line with `-W missing-docs`

warning: missing documentation for a struct field
  --> crates/agentverify-recovery/src/lib.rs:52:15
   |
52 |     Timeout { duration: Duration },
   |               ^^^^^^^^^^^^^^^^^^

warning: missing documentation for a struct field
  --> crates/agentverify-recovery/src/lib.rs:60:21
   |
60 |     NotApplicable { result: VerificationResult },
   |                     ^^^^^^^^^^^^^^^^^^^^^^^^^^

warning: missing documentation for a struct field
  --> crates/agentverify-recovery/src/lib.rs:64:23
   |
64 |     UnderlyingError { context: String },
   |                       ^^^^^^^^^^^^^^^

warning: `agentverify-recovery` (lib test) generated 21 warnings
