    Checking agentverify-core v0.1.0 (/nas/Temp/repos/AgentVerify/crates/agentverify-core)
warning: the MSRV in `clippy.toml` and `Cargo.toml` differ; using `1.75.0` from `clippy.toml`

warning: missing `#[must_use]` attribute on a method returning `Self`
   --> crates/agentverify-core/src/contract.rs:270:5
    |
270 | /     pub fn with_precondition(
271 | |         mut self,
272 | |         predicate: Predicate,
273 | |         description: impl Into<String>,
...   |
279 | |         self
280 | |     }
    | |_____^
    |
    = help: consider adding the `#[must_use]` attribute to the method or directly to the `Self` type
    = help: for further information visit https://rust-lang.github.io/rust-clippy/rust-1.97.0/index.html#return_self_not_must_use
    = note: `-W clippy::return-self-not-must-use` implied by `-W clippy::pedantic`
    = help: to override `-W clippy::pedantic` add `#[allow(clippy::return_self_not_must_use)]`

warning: missing `#[must_use]` attribute on a method returning `Self`
   --> crates/agentverify-core/src/contract.rs:283:5
    |
283 | /     pub fn with_postcondition(
284 | |         mut self,
285 | |         predicate: Predicate,
286 | |         description: impl Into<String>,
...   |
293 | |         self
294 | |     }
    | |_____^
    |
    = help: consider adding the `#[must_use]` attribute to the method or directly to the `Self` type
    = help: for further information visit https://rust-lang.github.io/rust-clippy/rust-1.97.0/index.html#return_self_not_must_use

warning: docs for function returning `Result` missing `# Errors` section
   --> crates/agentverify-core/src/contract.rs:320:5
    |
320 |     pub fn validate(&self) -> Result<(), ContractValidationError> {
    |     ^^^^^^^^^^^^^^^^^^^^^^^^^^^^^^^^^^^^^^^^^^^^^^^^^^^^^^^^^^^^^
    |
    = help: for further information visit https://rust-lang.github.io/rust-clippy/rust-1.97.0/index.html#missing_errors_doc
    = note: `-W clippy::missing-errors-doc` implied by `-W clippy::pedantic`
    = help: to override `-W clippy::pedantic` add `#[allow(clippy::missing_errors_doc)]`

warning: these match arms have identical bodies
   --> crates/agentverify-core/src/contract.rs:383:9
    |
383 |         Predicate::Exists { path } => path.clone(),
    |         ^^^^^^^^^^^^^^^^^^^^^^^^^^^^^^^^^^^^^^^^^^
384 |         Predicate::NotExists { path } => path.clone(),
    |         ^^^^^^^^^^^^^^^^^^^^^^^^^^^^^^^^^^^^^^^^^^^^^
385 |         Predicate::Equals { path, .. } => path.clone(),
    |         ^^^^^^^^^^^^^^^^^^^^^^^^^^^^^^^^^^^^^^^^^^^^^^
386 |         Predicate::NotEquals { path, .. } => path.clone(),
    |         ^^^^^^^^^^^^^^^^^^^^^^^^^^^^^^^^^^^^^^^^^^^^^^^^^
387 |         Predicate::Contains { path, .. } => path.clone(),
    |         ^^^^^^^^^^^^^^^^^^^^^^^^^^^^^^^^^^^^^^^^^^^^^^^^
388 |         Predicate::Matches { path, .. } => path.clone(),
    |         ^^^^^^^^^^^^^^^^^^^^^^^^^^^^^^^^^^^^^^^^^^^^^^^
389 |         Predicate::GreaterThan { path, .. } => path.clone(),
    |         ^^^^^^^^^^^^^^^^^^^^^^^^^^^^^^^^^^^^^^^^^^^^^^^^^^^
390 |         Predicate::LessThan { path, .. } => path.clone(),
    |         ^^^^^^^^^^^^^^^^^^^^^^^^^^^^^^^^^^^^^^^^^^^^^^^^
391 |         Predicate::Count { path, .. } => path.clone(),
    |         ^^^^^^^^^^^^^^^^^^^^^^^^^^^^^^^^^^^^^^^^^^^^^
392 |         Predicate::IsEmpty { path } => path.clone(),
    |         ^^^^^^^^^^^^^^^^^^^^^^^^^^^^^^^^^^^^^^^^^^^
393 |         Predicate::IsNotEmpty { path } => path.clone(),
    |         ^^^^^^^^^^^^^^^^^^^^^^^^^^^^^^^^^^^^^^^^^^^^^^
    |
    = help: if this is unintentional make the arms return different values
    = help: for further information visit https://rust-lang.github.io/rust-clippy/rust-1.97.0/index.html#match_same_arms
    = note: `-W clippy::match-same-arms` implied by `-W clippy::pedantic`
    = help: to override `-W clippy::pedantic` add `#[allow(clippy::match_same_arms)]`
help: otherwise merge the patterns into a single arm
    |
383 -         Predicate::Exists { path } => path.clone(),
384 -         Predicate::NotExists { path } => path.clone(),
385 -         Predicate::Equals { path, .. } => path.clone(),
386 -         Predicate::NotEquals { path, .. } => path.clone(),
387 -         Predicate::Contains { path, .. } => path.clone(),
388 -         Predicate::Matches { path, .. } => path.clone(),
389 -         Predicate::GreaterThan { path, .. } => path.clone(),
390 -         Predicate::LessThan { path, .. } => path.clone(),
391 -         Predicate::Count { path, .. } => path.clone(),
392 -         Predicate::IsEmpty { path } => path.clone(),
393 -         Predicate::IsNotEmpty { path } => path.clone(),
383 +         Predicate::Exists { path } | Predicate::NotExists { path } | Predicate::Equals { path, .. } | Predicate::NotEquals { path, .. } | Predicate::Contains { path, .. } | Predicate::Matches { path, .. } | Predicate::GreaterThan { path, .. } | Predicate::LessThan { path, .. } | Predicate::Count { path, .. } | Predicate::IsEmpty { path } | Predicate::IsNotEmpty { path } => path.clone(),
    |

warning: these match arms have identical bodies
   --> crates/agentverify-core/src/contract.rs:394:9
    |
394 | /         Predicate::All { predicates } => predicates
395 | |             .first()
396 | |             .map(extract_predicate_path)
397 | |             .unwrap_or_default(),
    | |________________________________^
398 | /         Predicate::Any { predicates } => predicates
399 | |             .first()
400 | |             .map(extract_predicate_path)
401 | |             .unwrap_or_default(),
    | |________________________________^
    |
    = help: if this is unintentional make the arms return different values
    = help: for further information visit https://rust-lang.github.io/rust-clippy/rust-1.97.0/index.html#match_same_arms
help: otherwise merge the patterns into a single arm
    |
394 ~         Predicate::All { predicates } | Predicate::Any { predicates } => predicates
395 |             .first()
396 |             .map(extract_predicate_path)
397 |             .unwrap_or_default(),
398 ~         Predicate::Not { predicate } => extract_predicate_path(predicate),
    |

warning: this argument is passed by value, but not consumed in the function body
   --> crates/agentverify-core/src/receipt.rs:138:26
    |
138 |         idempotency_key: Option<String>,
    |                          ^^^^^^^^^^^^^^
    |
    = help: for further information visit https://rust-lang.github.io/rust-clippy/rust-1.97.0/index.html#needless_pass_by_value
    = note: `-W clippy::needless-pass-by-value` implied by `-W clippy::pedantic`
    = help: to override `-W clippy::pedantic` add `#[allow(clippy::needless_pass_by_value)]`
help: consider taking a reference instead
    |
138 |         idempotency_key: Option<&String>,
    |                                 +

warning: missing `#[must_use]` attribute on a method returning `Self`
   --> crates/agentverify-core/src/receipt.rs:208:5
    |
208 | /     pub fn with_key_id(mut self, key_id: impl Into<String>) -> Self {
209 | |         self.key_id = Some(key_id.into());
210 | |         self
211 | |     }
    | |_____^
    |
    = help: consider adding the `#[must_use]` attribute to the method or directly to the `Self` type
    = help: for further information visit https://rust-lang.github.io/rust-clippy/rust-1.97.0/index.html#return_self_not_must_use

warning: doc list item without indentation
   --> crates/agentverify-core/src/receipt.rs:256:5
    |
256 | /// Errors that can occur while persisting a receipt.
    |     ^
    |
    = help: if this is supposed to be its own paragraph, add a blank line
    = help: for further information visit https://rust-lang.github.io/rust-clippy/rust-1.97.0/index.html#doc_lazy_continuation
    = note: `#[warn(clippy::doc_lazy_continuation)]` on by default
help: indent this line
    |
256 | ///   Errors that can occur while persisting a receipt.
    |     ++

warning: this could be rewritten as `let...else`
   --> crates/agentverify-core/src/receipt.rs:505:13
    |
505 | /             let store = match Self::new(base_path.clone()) {
506 | |                 Ok(s) => s,
507 | |                 Err(_) => return Vec::new(),
508 | |             };
    | |______________^ help: consider writing: `let Ok(store) = Self::new(base_path.clone()) else { return Vec::new() };`
    |
    = help: for further information visit https://rust-lang.github.io/rust-clippy/rust-1.97.0/index.html#manual_let_else
    = note: `-W clippy::manual-let-else` implied by `-W clippy::pedantic`
    = help: to override `-W clippy::pedantic` add `#[allow(clippy::manual_let_else)]`

warning: this could be rewritten as `let...else`
   --> crates/agentverify-core/src/receipt.rs:509:13
    |
509 | /             let index = match store.read_index_async().await {
510 | |                 Ok(i) => i,
511 | |                 Err(_) => return Vec::new(),
512 | |             };
    | |______________^ help: consider writing: `let Ok(index) = store.read_index_async().await else { return Vec::new() };`
    |
    = help: for further information visit https://rust-lang.github.io/rust-clippy/rust-1.97.0/index.html#manual_let_else

warning: these match arms have identical bodies
   --> crates/agentverify-core/src/state_machine.rs:97:13
    |
 97 |             State::Rejected => vec![], // Terminal
    |             ^^^^^^^^^^^^^^^^^^^^^^^^^
...
115 |             State::Escalated => vec![], // Terminal
    |             ^^^^^^^^^^^^^^^^^^^^^^^^^^
116 |             State::Committed => vec![], // Terminal
    |             ^^^^^^^^^^^^^^^^^^^^^^^^^^
    |
    = help: if this is unintentional make the arms return different values
    = help: for further information visit https://rust-lang.github.io/rust-clippy/rust-1.97.0/index.html#match_same_arms
help: otherwise merge the patterns into a single arm
    |
 97 ~             State::Rejected | State::Escalated | State::Committed => vec![], // Terminal
 98 |             State::Authorized => vec![State::Executing],
...
114 |             State::Recovered => vec![State::Verifying],
115 ~             // Terminal
116 ~             // Terminal
    |

warning: these match arms have identical bodies
   --> crates/agentverify-core/src/state_machine.rs:105:13
    |
105 |             State::Executed => vec![State::Observing],
    |             ^^^^^^^^^^^^^^^^^^^^^^^^^^^^^^^^^^^^^^^^^
106 |             State::Failed => vec![State::Verifying],
107 |             State::Timeout => vec![State::Observing],
    |             ^^^^^^^^^^^^^^^^^^^^^^^^^^^^^^^^^^^^^^^^
108 |             State::Unknown => vec![State::Observing],
    |             ^^^^^^^^^^^^^^^^^^^^^^^^^^^^^^^^^^^^^^^^
    |
    = help: if this is unintentional make the arms return different values
    = help: for further information visit https://rust-lang.github.io/rust-clippy/rust-1.97.0/index.html#match_same_arms
help: otherwise merge the patterns into a single arm
    |
105 ~             State::Executed | State::Timeout | State::Unknown => vec![State::Observing],
106 |             State::Failed => vec![State::Verifying],
107 ~             State::Observing => vec![State::Verifying],
    |

warning: these match arms have identical bodies
   --> crates/agentverify-core/src/state_machine.rs:106:13
    |
106 |             State::Failed => vec![State::Verifying],
    |             ^^^^^^^^^^^^^^^^^^^^^^^^^^^^^^^^^^^^^^^
...
109 |             State::Observing => vec![State::Verifying],
    |             ^^^^^^^^^^^^^^^^^^^^^^^^^^^^^^^^^^^^^^^^^^
...
114 |             State::Recovered => vec![State::Verifying],
    |             ^^^^^^^^^^^^^^^^^^^^^^^^^^^^^^^^^^^^^^^^^^
    |
    = help: if this is unintentional make the arms return different values
    = help: for further information visit https://rust-lang.github.io/rust-clippy/rust-1.97.0/index.html#match_same_arms
help: otherwise merge the patterns into a single arm
    |
106 ~             State::Failed | State::Observing | State::Recovered => vec![State::Verifying],
107 |             State::Timeout => vec![State::Observing],
108 |             State::Unknown => vec![State::Observing],
109 ~             State::Verifying => vec![State::Verified, State::VerificationFailed],
110 |             State::Verified => vec![State::Committed],
111 |             State::VerificationFailed => vec![State::Recovering],
112 |             State::Recovering => vec![State::Recovered, State::Escalated],
113 ~             State::Escalated => vec![], // Terminal
    |

warning: docs for function returning `Result` missing `# Errors` section
   --> crates/agentverify-core/src/state_machine.rs:121:5
    |
121 |     pub fn transition(&self, next: State) -> Result<State, StateError> {
    |     ^^^^^^^^^^^^^^^^^^^^^^^^^^^^^^^^^^^^^^^^^^^^^^^^^^^^^^^^^^^^^^^^^^
    |
    = help: for further information visit https://rust-lang.github.io/rust-clippy/rust-1.97.0/index.html#missing_errors_doc

warning: docs for function returning `Result` missing `# Errors` section
   --> crates/agentverify-core/src/state_machine.rs:164:5
    |
164 |     pub fn advance(&mut self, next: State) -> Result<State, StateError> {
    |     ^^^^^^^^^^^^^^^^^^^^^^^^^^^^^^^^^^^^^^^^^^^^^^^^^^^^^^^^^^^^^^^^^^^
    |
    = help: for further information visit https://rust-lang.github.io/rust-clippy/rust-1.97.0/index.html#missing_errors_doc

warning: missing documentation for a struct field
  --> crates/agentverify-core/src/contract.rs:20:5
   |
20 |     pub major: u32,
   |     ^^^^^^^^^^^^^^
   |
   = note: requested on the command line with `-W missing-docs`

warning: missing documentation for a struct field
  --> crates/agentverify-core/src/contract.rs:21:5
   |
21 |     pub minor: u32,
   |     ^^^^^^^^^^^^^^

warning: missing documentation for an associated function
  --> crates/agentverify-core/src/contract.rs:26:5
   |
26 |     pub fn new(version: &str) -> Option<Self> {
   |     ^^^^^^^^^^^^^^^^^^^^^^^^^^^^^^^^^^^^^^^^^

warning: missing documentation for a struct field
   --> crates/agentverify-core/src/contract.rs:171:9
    |
171 |         interval: chrono::Duration,
    |         ^^^^^^^^^^^^^^^^^^^^^^^^^^

warning: missing documentation for a struct field
   --> crates/agentverify-core/src/contract.rs:172:9
    |
172 |         max_attempts: u32,
    |         ^^^^^^^^^^^^^^^^^

warning: missing documentation for a struct field
   --> crates/agentverify-core/src/contract.rs:175:13
    |
175 |     Alert { severity: AlertSeverity },
    |             ^^^^^^^^^^^^^^^^^^^^^^^

warning: missing documentation for a variant
   --> crates/agentverify-core/src/contract.rs:411:5
    |
411 |     InvalidSchemaVersion(String),
    |     ^^^^^^^^^^^^^^^^^^^^

warning: missing documentation for a variant
   --> crates/agentverify-core/src/contract.rs:414:5
    |
414 |     IncompatibleSchemaVersion { expected: String, actual: String },
    |     ^^^^^^^^^^^^^^^^^^^^^^^^^

warning: missing documentation for a struct field
   --> crates/agentverify-core/src/contract.rs:414:33
    |
414 |     IncompatibleSchemaVersion { expected: String, actual: String },
    |                                 ^^^^^^^^^^^^^^^^

warning: missing documentation for a struct field
   --> crates/agentverify-core/src/contract.rs:414:51
    |
414 |     IncompatibleSchemaVersion { expected: String, actual: String },
    |                                                   ^^^^^^^^^^^^^^

warning: missing documentation for a variant
   --> crates/agentverify-core/src/contract.rs:417:5
    |
417 |     EmptyActionName,
    |     ^^^^^^^^^^^^^^^

warning: missing documentation for a variant
   --> crates/agentverify-core/src/contract.rs:420:5
    |
420 |     NoPostconditions,
    |     ^^^^^^^^^^^^^^^^

warning: missing documentation for a variant
   --> crates/agentverify-core/src/contract.rs:423:5
    |
423 |     DuplicatePostconditionPath(String),
    |     ^^^^^^^^^^^^^^^^^^^^^^^^^^

warning: missing documentation for a variant
   --> crates/agentverify-core/src/contract.rs:426:5
    |
426 |     InvalidMaxAttempts,
    |     ^^^^^^^^^^^^^^^^^^

warning: missing documentation for a variant
   --> crates/agentverify-core/src/contract.rs:429:5
    |
429 |     InvalidBackoff {
    |     ^^^^^^^^^^^^^^

warning: missing documentation for a struct field
   --> crates/agentverify-core/src/contract.rs:430:9
    |
430 |         initial: chrono::Duration,
    |         ^^^^^^^^^^^^^^^^^^^^^^^^^

warning: missing documentation for a struct field
   --> crates/agentverify-core/src/contract.rs:431:9
    |
431 |         max: chrono::Duration,
    |         ^^^^^^^^^^^^^^^^^^^^^

warning: missing documentation for a variant
   --> crates/agentverify-core/src/contract.rs:435:5
    |
435 |     InvalidBackoffMultiplier(f64),
    |     ^^^^^^^^^^^^^^^^^^^^^^^^

warning: missing documentation for a struct field
  --> crates/agentverify-core/src/predicate.rs:12:14
   |
12 |     Exists { path: String },
   |              ^^^^^^^^^^^^

warning: missing documentation for a struct field
  --> crates/agentverify-core/src/predicate.rs:14:17
   |
14 |     NotExists { path: String },
   |                 ^^^^^^^^^^^^

warning: missing documentation for a struct field
  --> crates/agentverify-core/src/predicate.rs:16:14
   |
16 |     Equals { path: String, value: Value },
   |              ^^^^^^^^^^^^

warning: missing documentation for a struct field
  --> crates/agentverify-core/src/predicate.rs:16:28
   |
16 |     Equals { path: String, value: Value },
   |                            ^^^^^^^^^^^^

warning: missing documentation for a struct field
  --> crates/agentverify-core/src/predicate.rs:18:17
   |
18 |     NotEquals { path: String, value: Value },
   |                 ^^^^^^^^^^^^

warning: missing documentation for a struct field
  --> crates/agentverify-core/src/predicate.rs:18:31
   |
18 |     NotEquals { path: String, value: Value },
   |                               ^^^^^^^^^^^^

warning: missing documentation for a struct field
  --> crates/agentverify-core/src/predicate.rs:20:16
   |
20 |     Contains { path: String, value: Value },
   |                ^^^^^^^^^^^^

warning: missing documentation for a struct field
  --> crates/agentverify-core/src/predicate.rs:20:30
   |
20 |     Contains { path: String, value: Value },
   |                              ^^^^^^^^^^^^

warning: missing documentation for a struct field
  --> crates/agentverify-core/src/predicate.rs:22:15
   |
22 |     Matches { path: String, pattern: String },
   |               ^^^^^^^^^^^^

warning: missing documentation for a struct field
  --> crates/agentverify-core/src/predicate.rs:22:29
   |
22 |     Matches { path: String, pattern: String },
   |                             ^^^^^^^^^^^^^^^

warning: missing documentation for a struct field
  --> crates/agentverify-core/src/predicate.rs:24:19
   |
24 |     GreaterThan { path: String, value: Value },
   |                   ^^^^^^^^^^^^

warning: missing documentation for a struct field
  --> crates/agentverify-core/src/predicate.rs:24:33
   |
24 |     GreaterThan { path: String, value: Value },
   |                                 ^^^^^^^^^^^^

warning: missing documentation for a struct field
  --> crates/agentverify-core/src/predicate.rs:26:16
   |
26 |     LessThan { path: String, value: Value },
   |                ^^^^^^^^^^^^

warning: missing documentation for a struct field
  --> crates/agentverify-core/src/predicate.rs:26:30
   |
26 |     LessThan { path: String, value: Value },
   |                              ^^^^^^^^^^^^

warning: missing documentation for a struct field
  --> crates/agentverify-core/src/predicate.rs:31:9
   |
31 |         path: String,
   |         ^^^^^^^^^^^^

warning: missing documentation for a struct field
  --> crates/agentverify-core/src/predicate.rs:32:9
   |
32 |         operator: CountOperator,
   |         ^^^^^^^^^^^^^^^^^^^^^^^

warning: missing documentation for a struct field
  --> crates/agentverify-core/src/predicate.rs:33:9
   |
33 |         value: i64,
   |         ^^^^^^^^^^

warning: missing documentation for a struct field
  --> crates/agentverify-core/src/predicate.rs:36:15
   |
36 |     IsEmpty { path: String },
   |               ^^^^^^^^^^^^

warning: missing documentation for a struct field
  --> crates/agentverify-core/src/predicate.rs:38:18
   |
38 |     IsNotEmpty { path: String },
   |                  ^^^^^^^^^^^^

warning: missing documentation for a struct field
  --> crates/agentverify-core/src/predicate.rs:42:11
   |
42 |     All { predicates: Vec<Predicate> },
   |           ^^^^^^^^^^^^^^^^^^^^^^^^^^

warning: missing documentation for a struct field
  --> crates/agentverify-core/src/predicate.rs:44:11
   |
44 |     Any { predicates: Vec<Predicate> },
   |           ^^^^^^^^^^^^^^^^^^^^^^^^^^

warning: missing documentation for a struct field
  --> crates/agentverify-core/src/predicate.rs:46:11
   |
46 |     Not { predicate: Box<Predicate> },
   |           ^^^^^^^^^^^^^^^^^^^^^^^^^

warning: missing documentation for a struct field
  --> crates/agentverify-core/src/predicate.rs:49:9
   |
49 |         antecedent: Box<Predicate>,
   |         ^^^^^^^^^^^^^^^^^^^^^^^^^^

warning: missing documentation for a struct field
  --> crates/agentverify-core/src/predicate.rs:50:9
   |
50 |         consequent: Box<Predicate>,
   |         ^^^^^^^^^^^^^^^^^^^^^^^^^^

warning: missing documentation for a variant
   --> crates/agentverify-core/src/predicate.rs:157:5
    |
157 |     Eq,
    |     ^^

warning: missing documentation for a variant
   --> crates/agentverify-core/src/predicate.rs:158:5
    |
158 |     Ne,
    |     ^^

warning: missing documentation for a variant
   --> crates/agentverify-core/src/predicate.rs:159:5
    |
159 |     Lt,
    |     ^^

warning: missing documentation for a variant
   --> crates/agentverify-core/src/predicate.rs:160:5
    |
160 |     Le,
    |     ^^

warning: missing documentation for a variant
   --> crates/agentverify-core/src/predicate.rs:161:5
    |
161 |     Gt,
    |     ^^

warning: missing documentation for a variant
   --> crates/agentverify-core/src/predicate.rs:162:5
    |
162 |     Ge,
    |     ^^

warning: missing documentation for a trait
   --> crates/agentverify-core/src/receipt.rs:268:1
    |
268 | pub trait ReceiptStore: Send + Sync {
    | ^^^^^^^^^^^^^^^^^^^^^^^^^^^^^^^^^^^

warning: missing documentation for an associated function
   --> crates/agentverify-core/src/receipt.rs:312:5
    |
312 |     pub fn new() -> Self {
    |     ^^^^^^^^^^^^^^^^^^^^

warning: unused `std::result::Result` that must be used
   --> crates/agentverify-core/src/receipt.rs:692:9
    |
692 |         rt.block_on(store_ref.store(receipt_ref));
    |         ^^^^^^^^^^^^^^^^^^^^^^^^^^^^^^^^^^^^^^^^^
    |
    = note: this `Result` may be an `Err` variant, which should be handled
    = note: `#[warn(unused_must_use)]` (part of `#[warn(unused)]`) on by default
help: use `let _ = ...` to ignore the resulting value
    |
692 |         let _ = rt.block_on(store_ref.store(receipt_ref));
    |         +++++++

warning: unused `std::result::Result` that must be used
   --> crates/agentverify-core/src/receipt.rs:718:9
    |
718 |         rt.block_on(store_ref.store(receipt_ref));
    |         ^^^^^^^^^^^^^^^^^^^^^^^^^^^^^^^^^^^^^^^^^
    |
    = note: this `Result` may be an `Err` variant, which should be handled
help: use `let _ = ...` to ignore the resulting value
    |
718 |         let _ = rt.block_on(store_ref.store(receipt_ref));
    |         +++++++

warning: `agentverify-core` (lib) generated 66 warnings
    Checking agentverify-engine v0.1.0 (/nas/Temp/repos/AgentVerify/crates/agentverify-engine)
warning: `agentverify-core` (lib test) generated 68 warnings (66 duplicates)
    Checking agentverify-contract v0.1.0 (/nas/Temp/repos/AgentVerify/crates/agentverify-contract)
warning: `agentverify-engine` (lib) generated 1 warning (1 duplicate)
warning: missing documentation for a function
 --> crates/agentverify-engine/benches/predicate.rs:7:1
  |
7 | pub fn predicate_equals_benchmark(c: &mut Criterion) {
  | ^^^^^^^^^^^^^^^^^^^^^^^^^^^^^^^^^^^^^^^^^^^^^^^^^^^^
  |
  = note: requested on the command line with `-W missing-docs`

warning: missing documentation for a function
  --> crates/agentverify-engine/benches/predicate.rs:32:1
   |
32 | pub fn predicate_exists_benchmark(c: &mut Criterion) {
   | ^^^^^^^^^^^^^^^^^^^^^^^^^^^^^^^^^^^^^^^^^^^^^^^^^^^^

warning: missing documentation for a function
  --> crates/agentverify-engine/benches/predicate.rs:57:1
   |
57 | pub fn predicate_regex_benchmark(c: &mut Criterion) {
   | ^^^^^^^^^^^^^^^^^^^^^^^^^^^^^^^^^^^^^^^^^^^^^^^^^^^

warning: missing documentation for a function
  --> crates/agentverify-engine/benches/predicate.rs:80:1
   |
80 | / criterion_group!(
81 | |     benches,
82 | |     predicate_equals_benchmark,
83 | |     predicate_exists_benchmark,
84 | |     predicate_regex_benchmark
85 | | );
   | |_^
   |
   = note: this warning originates in the macro `$crate::criterion_group` which comes from the expansion of the macro `criterion_group` (in Nightly builds, run with -Z macro-backtrace for more info)

warning: `agentverify-engine` (bench "predicate") generated 5 warnings (1 duplicate)
    Checking agentverify-policy v0.1.0 (/nas/Temp/repos/AgentVerify/crates/agentverify-policy)
warning: `agentverify-contract` (lib) generated 1 warning (1 duplicate)
    Checking agentverify-runtime v0.1.0 (/nas/Temp/repos/AgentVerify/crates/agentverify-runtime)
warning: docs for function which may panic missing `# Panics` section
   --> crates/agentverify-policy/src/engine.rs:188:5
    |
188 | /     pub fn rate_limit_status(
189 | |         &self,
190 | |         action_name: &str,
191 | |         limit: &crate::policy::RateLimit,
192 | |     ) -> RateLimitStatus {
    | |________________________^
    |
note: first possible panic found here
   --> crates/agentverify-policy/src/engine.rs:204:40
    |
204 |                 window_secs_remaining: limit.window.checked_sub(b.window_start.elapsed()).unwrap().as_secs(),
    |                                        ^^^^^^^^^^^^^^^^^^^^^^^^^^^^^^^^^^^^^^^^^^^^^^^^^^^^^^^^^^^
    = help: for further information visit https://rust-lang.github.io/rust-clippy/rust-1.97.0/index.html#missing_panics_doc
    = note: `-W clippy::missing-panics-doc` implied by `-W clippy::pedantic`
    = help: to override `-W clippy::pedantic` add `#[allow(clippy::missing_panics_doc)]`

warning: docs for function returning `Result` missing `# Errors` section
  --> crates/agentverify-policy/src/policy.rs:70:5
   |
70 |     pub fn regex(pattern: impl Into<String>) -> Result<Self, ::regex::Error> {
   |     ^^^^^^^^^^^^^^^^^^^^^^^^^^^^^^^^^^^^^^^^^^^^^^^^^^^^^^^^^^^^^^^^^^^^^^^^
   |
   = help: for further information visit https://rust-lang.github.io/rust-clippy/rust-1.97.0/index.html#missing_errors_doc
   = note: `-W clippy::missing-errors-doc` implied by `-W clippy::pedantic`
   = help: to override `-W clippy::pedantic` add `#[allow(clippy::missing_errors_doc)]`

warning: missing `#[must_use]` attribute on a method returning `Self`
   --> crates/agentverify-policy/src/policy.rs:373:5
    |
373 | /     pub fn allow_action_name(mut self, name: impl Into<String>) -> Self {
374 | |         self.allowed_actions.push(ActionPattern::Exact(name.into()));
375 | |         self
376 | |     }
    | |_____^
    |
    = help: consider adding the `#[must_use]` attribute to the method or directly to the `Self` type
    = help: for further information visit https://rust-lang.github.io/rust-clippy/rust-1.97.0/index.html#return_self_not_must_use
    = note: `-W clippy::return-self-not-must-use` implied by `-W clippy::pedantic`
    = help: to override `-W clippy::pedantic` add `#[allow(clippy::return_self_not_must_use)]`

warning: missing `#[must_use]` attribute on a method returning `Self`
   --> crates/agentverify-policy/src/policy.rs:386:5
    |
386 | /     pub fn block_action_name(mut self, name: impl Into<String>) -> Self {
387 | |         self.blocked_actions.push(name.into());
388 | |         self
389 | |     }
    | |_____^
    |
    = help: consider adding the `#[must_use]` attribute to the method or directly to the `Self` type
    = help: for further information visit https://rust-lang.github.io/rust-clippy/rust-1.97.0/index.html#return_self_not_must_use

warning: missing `#[must_use]` attribute on a method returning `Self`
   --> crates/agentverify-policy/src/policy.rs:392:5
    |
392 | /     pub fn with_rate_limit(
393 | |         mut self,
394 | |         action_name: impl Into<String>,
395 | |         max: u32,
...   |
400 | |         self
401 | |     }
    | |_____^
    |
    = help: consider adding the `#[must_use]` attribute to the method or directly to the `Self` type
    = help: for further information visit https://rust-lang.github.io/rust-clippy/rust-1.97.0/index.html#return_self_not_must_use

warning: missing `#[must_use]` attribute on a method returning `Self`
   --> crates/agentverify-policy/src/policy.rs:404:5
    |
404 | /     pub fn with_rate_limit_per_key(
405 | |         mut self,
406 | |         action_name: impl Into<String>,
407 | |         max: u32,
...   |
412 | |         self
413 | |     }
    | |_____^
    |
    = help: consider adding the `#[must_use]` attribute to the method or directly to the `Self` type
    = help: for further information visit https://rust-lang.github.io/rust-clippy/rust-1.97.0/index.html#return_self_not_must_use

warning: missing `#[must_use]` attribute on a method returning `Self`
   --> crates/agentverify-policy/src/policy.rs:416:5
    |
416 | /     pub fn require_contract_for_action(mut self, action_name: impl Into<String>) -> Self {
417 | |         self.contract_requirements.push(ContractRequirement {
418 | |             action_name: action_name.into(),
419 | |             required: true,
420 | |         });
421 | |         self
422 | |     }
    | |_____^
    |
    = help: consider adding the `#[must_use]` attribute to the method or directly to the `Self` type
    = help: for further information visit https://rust-lang.github.io/rust-clippy/rust-1.97.0/index.html#return_self_not_must_use

warning: missing `#[must_use]` attribute on a method returning `Self`
   --> crates/agentverify-policy/src/policy.rs:425:5
    |
425 | /     pub fn require_access_level(
426 | |         mut self,
427 | |         action_name: impl Into<String>,
428 | |         level: AccessLevel,
...   |
431 | |         self
432 | |     }
    | |_____^
    |
    = help: consider adding the `#[must_use]` attribute to the method or directly to the `Self` type
    = help: for further information visit https://rust-lang.github.io/rust-clippy/rust-1.97.0/index.html#return_self_not_must_use

warning: missing `#[must_use]` attribute on a method returning `Self`
   --> crates/agentverify-policy/src/policy.rs:435:5
    |
435 | /     pub fn with_description(mut self, description: impl Into<String>) -> Self {
436 | |         self.description = description.into();
437 | |         self
438 | |     }
    | |_____^
    |
    = help: consider adding the `#[must_use]` attribute to the method or directly to the `Self` type
    = help: for further information visit https://rust-lang.github.io/rust-clippy/rust-1.97.0/index.html#return_self_not_must_use

warning: missing documentation for a variant
  --> crates/agentverify-policy/src/error.rs:10:5
   |
10 |     EvaluationFailed(String),
   |     ^^^^^^^^^^^^^^^^
   |
   = note: requested on the command line with `-W missing-docs`

warning: missing documentation for a variant
  --> crates/agentverify-policy/src/error.rs:13:5
   |
13 |     InvalidRateLimit(String),
   |     ^^^^^^^^^^^^^^^^

warning: missing documentation for a variant
  --> crates/agentverify-policy/src/error.rs:16:5
   |
16 |     InvalidPattern(String),
   |     ^^^^^^^^^^^^^^

warning: missing documentation for a variant
  --> crates/agentverify-policy/src/error.rs:19:5
   |
19 |     ContractValidation(String),
   |     ^^^^^^^^^^^^^^^^^^

warning: missing documentation for a struct field
  --> crates/agentverify-policy/src/policy.rs:46:9
   |
46 |         pattern: String,
   |         ^^^^^^^^^^^^^^^

warning: missing documentation for a struct field
  --> crates/agentverify-policy/src/policy.rs:49:9
   |
49 |         regex: Option<::regex::Regex>,
   |         ^^^^^^^^^^^^^^^^^^^^^^^^^^^^^

warning: `agentverify-policy` (lib test) generated 16 warnings (1 duplicate)
warning: `agentverify-runtime` (lib) generated 1 warning (1 duplicate)
    Checking agentverify-http v0.1.0 (/nas/Temp/repos/AgentVerify/crates/agentverify-http)
warning: missing `#[must_use]` attribute on a method returning `Self`
  --> crates/agentverify-http/src/client.rs:77:5
   |
77 | /     pub fn with_bearer_token(mut self, token: impl Into<String>) -> Self {
78 | |         self.bearer_token = Some(token.into());
79 | |         self
80 | |     }
   | |_____^
   |
   = help: consider adding the `#[must_use]` attribute to the method or directly to the `Self` type
   = help: for further information visit https://rust-lang.github.io/rust-clippy/rust-1.97.0/index.html#return_self_not_must_use
   = note: `-W clippy::return-self-not-must-use` implied by `-W clippy::pedantic`
   = help: to override `-W clippy::pedantic` add `#[allow(clippy::return_self_not_must_use)]`

warning: missing `#[must_use]` attribute on a method returning `Self`
  --> crates/agentverify-http/src/client.rs:90:5
   |
90 | /     pub fn with_redact_field(mut self, field: impl Into<String>) -> Self {
91 | |         self.redact_fields.push(field.into());
92 | |         self
93 | |     }
   | |_____^
   |
   = help: consider adding the `#[must_use]` attribute to the method or directly to the `Self` type
   = help: for further information visit https://rust-lang.github.io/rust-clippy/rust-1.97.0/index.html#return_self_not_must_use

warning: docs for function returning `Result` missing `# Errors` section
   --> crates/agentverify-http/src/client.rs:122:5
    |
122 |     pub fn new(config: ControlCenterClientConfig) -> Result<Self, ControlCenterClientError> {
    |     ^^^^^^^^^^^^^^^^^^^^^^^^^^^^^^^^^^^^^^^^^^^^^^^^^^^^^^^^^^^^^^^^^^^^^^^^^^^^^^^^^^^^^^^
    |
    = help: for further information visit https://rust-lang.github.io/rust-clippy/rust-1.97.0/index.html#missing_errors_doc
    = note: `-W clippy::missing-errors-doc` implied by `-W clippy::pedantic`
    = help: to override `-W clippy::pedantic` add `#[allow(clippy::missing_errors_doc)]`

warning: docs for function returning `Result` missing `# Errors` section
   --> crates/agentverify-http/src/client.rs:142:5
    |
142 | /     pub async fn submit_receipt(
143 | |         &self,
144 | |         receipt: &Receipt,
145 | |     ) -> Result<SubmissionResponse, ControlCenterClientError> {
    | |_____________________________________________________________^
    |
    = help: for further information visit https://rust-lang.github.io/rust-clippy/rust-1.97.0/index.html#missing_errors_doc

warning: docs for function returning `Result` missing `# Errors` section
   --> crates/agentverify-http/src/client.rs:205:5
    |
205 | /     pub async fn submit_receipt_with_unknown_on_timeout(
206 | |         &self,
207 | |         receipt: &Receipt,
208 | |     ) -> Result<SubmissionResponse, ControlCenterClientError> {
    | |_____________________________________________________________^
    |
    = help: for further information visit https://rust-lang.github.io/rust-clippy/rust-1.97.0/index.html#missing_errors_doc

warning: `self` is only used in recursion
   --> crates/agentverify-http/src/client.rs:235:22
    |
235 |     fn redact_field(&self, value: &mut serde_json::Value, path: &str) {
    |                      ^^^^
    |
note: `self` used here
   --> crates/agentverify-http/src/client.rs:243:21
    |
243 |                     self.redact_field(val, path);
    |                     ^^^^
    = help: for further information visit https://rust-lang.github.io/rust-clippy/rust-1.97.0/index.html#self_only_used_in_recursion
    = note: `-W clippy::self-only-used-in-recursion` implied by `-W clippy::pedantic`
    = help: to override `-W clippy::pedantic` add `#[allow(clippy::self_only_used_in_recursion)]`

warning: missing `#[must_use]` attribute on a method returning `Self`
  --> crates/agentverify-http/src/observer.rs:65:5
   |
65 | /     pub fn with_redact_path(mut self, path: impl Into<String>) -> Self {
66 | |         self.redact_paths.push(path.into());
67 | |         self
68 | |     }
   | |_____^
   |
   = help: consider adding the `#[must_use]` attribute to the method or directly to the `Self` type
   = help: for further information visit https://rust-lang.github.io/rust-clippy/rust-1.97.0/index.html#return_self_not_must_use

warning: missing `#[must_use]` attribute on a method returning `Self`
  --> crates/agentverify-http/src/observer.rs:71:5
   |
71 | /     pub fn with_header(mut self, key: impl Into<String>, value: impl Into<String>) -> Self {
72 | |         self.headers.push((key.into(), value.into()));
73 | |         self
74 | |     }
   | |_____^
   |
   = help: consider adding the `#[must_use]` attribute to the method or directly to the `Self` type
   = help: for further information visit https://rust-lang.github.io/rust-clippy/rust-1.97.0/index.html#return_self_not_must_use

warning: docs for function returning `Result` missing `# Errors` section
  --> crates/agentverify-http/src/observer.rs:91:5
   |
91 |     pub fn new(config: RestObserverConfig) -> Result<Self, RestObserverError> {
   |     ^^^^^^^^^^^^^^^^^^^^^^^^^^^^^^^^^^^^^^^^^^^^^^^^^^^^^^^^^^^^^^^^^^^^^^^^^
   |
   = help: for further information visit https://rust-lang.github.io/rust-clippy/rust-1.97.0/index.html#missing_errors_doc

warning: missing documentation for an enum
  --> crates/agentverify-http/src/client.rs:26:1
   |
26 | pub enum ControlCenterClientError {
   | ^^^^^^^^^^^^^^^^^^^^^^^^^^^^^^^^^
   |
   = note: requested on the command line with `-W missing-docs`

warning: missing documentation for a variant
  --> crates/agentverify-http/src/client.rs:28:5
   |
28 |     HttpError(#[from] reqwest::Error),
   |     ^^^^^^^^^

warning: missing documentation for a variant
  --> crates/agentverify-http/src/client.rs:31:5
   |
31 |     InvalidUrl(String),
   |     ^^^^^^^^^^

warning: missing documentation for a variant
  --> crates/agentverify-http/src/client.rs:34:5
   |
34 |     ParseError(String),
   |     ^^^^^^^^^^

warning: missing documentation for a variant
  --> crates/agentverify-http/src/client.rs:37:5
   |
37 |     Timeout(u64),
   |     ^^^^^^^

warning: missing documentation for a variant
  --> crates/agentverify-http/src/client.rs:40:5
   |
40 |     Rejected(String),
   |     ^^^^^^^^

warning: missing documentation for a variant
  --> crates/agentverify-http/src/client.rs:43:5
   |
43 |     Unauthorized,
   |     ^^^^^^^^^^^^

warning: missing documentation for a variant
  --> crates/agentverify-http/src/client.rs:46:5
   |
46 |     Forbidden,
   |     ^^^^^^^^^

warning: missing documentation for an enum
  --> crates/agentverify-http/src/observer.rs:13:1
   |
13 | pub enum RestObserverError {
   | ^^^^^^^^^^^^^^^^^^^^^^^^^^

warning: missing documentation for a variant
  --> crates/agentverify-http/src/observer.rs:15:5
   |
15 |     HttpError(#[from] reqwest::Error),
   |     ^^^^^^^^^

warning: missing documentation for a variant
  --> crates/agentverify-http/src/observer.rs:18:5
   |
18 |     InvalidUrl(String),
   |     ^^^^^^^^^^

warning: missing documentation for a variant
  --> crates/agentverify-http/src/observer.rs:21:5
   |
21 |     ParseError(String),
   |     ^^^^^^^^^^

warning: missing documentation for a variant
  --> crates/agentverify-http/src/observer.rs:24:5
   |
24 |     Timeout,
   |     ^^^^^^^

warning: missing documentation for a variant
  --> crates/agentverify-http/src/observer.rs:27:5
   |
27 |     RedactedPath(String),
   |     ^^^^^^^^^^^^

warning: `agentverify-http` (lib) generated 24 warnings (1 duplicate)
warning: `agentverify-http` (test "integration") generated 1 warning (1 duplicate)
    Checking agentverify-cli v0.1.0 (/nas/Temp/repos/AgentVerify/crates/agentverify-cli)
warning: `agentverify-runtime` (lib test) generated 1 warning (1 duplicate)
error: `panic` should not be present in production code
  --> crates/agentverify-cli/tests/cli_exit_codes.rs:81:13
   |
81 |             panic!("serve exited early with status: {status}");
   |             ^^^^^^^^^^^^^^^^^^^^^^^^^^^^^^^^^^^^^^^^^^^^^^^^^^
   |
   = help: for further information visit https://rust-lang.github.io/rust-clippy/rust-1.97.0/index.html#panic
   = note: requested on the command line with `-D clippy::panic`

warning: `agentverify-cli` (test "cli_exit_codes") generated 1 warning (1 duplicate)
error: could not compile `agentverify-cli` (test "cli_exit_codes") due to 1 previous error; 1 warning emitted
warning: build failed, waiting for other jobs to finish...
error: use of `eprintln!`
   --> crates/agentverify-cli/src/main.rs:120:13
    |
120 |             eprintln!("Error: {e}");
    |             ^^^^^^^^^^^^^^^^^^^^^^^
    |
    = help: for further information visit https://rust-lang.github.io/rust-clippy/rust-1.97.0/index.html#print_stderr
    = note: requested on the command line with `-D clippy::print-stderr`

error: use of `println!`
   --> crates/agentverify-cli/src/main.rs:131:13
    |
131 |             println!("Initializing AgentVerify at {path:?}...");
    |             ^^^^^^^^^^^^^^^^^^^^^^^^^^^^^^^^^^^^^^^^^^^^^^^^^^^
    |
    = help: for further information visit https://rust-lang.github.io/rust-clippy/rust-1.97.0/index.html#print_stdout
    = note: requested on the command line with `-D clippy::print-stdout`

warning: this function's return value is unnecessarily wrapped by `Result`
   --> crates/agentverify-cli/src/main.rs:236:1
    |
236 | fn validate_contract_cmd(file: &str, json: bool) -> Result<ExitCode> {
    | ^^^^^^^^^^^^^^^^^^^^^^^^^^^^^^^^^^^^^^^^^^^^^^^^^^^^^^^^^^^^^^^^^^^^
    |
    = help: for further information visit https://rust-lang.github.io/rust-clippy/rust-1.97.0/index.html#unnecessary_wraps
    = note: `-W clippy::unnecessary-wraps` implied by `-W clippy::pedantic`
    = help: to override `-W clippy::pedantic` add `#[allow(clippy::unnecessary_wraps)]`
help: remove `Result` from the return type...
    |
236 - fn validate_contract_cmd(file: &str, json: bool) -> Result<ExitCode> {
236 + fn validate_contract_cmd(file: &str, json: bool) -> std::process::ExitCode {
    |
help: ...and then remove the surrounding `Ok()` from returning expressions
    |
261 ~             return exit_code;
262 |         }
...
295 |     if output.valid {
296 ~         ExitCode::SUCCESS
297 |     } else {
298 ~         ExitCode::from(2)
    |

error: use of `println!`
   --> crates/agentverify-cli/src/main.rs:249:17
    |
249 |                 println!("{}", serde_json::to_string_pretty(&output).unwrap());
    |                 ^^^^^^^^^^^^^^^^^^^^^^^^^^^^^^^^^^^^^^^^^^^^^^^^^^^^^^^^^^^^^^
    |
    = help: for further information visit https://rust-lang.github.io/rust-clippy/rust-1.97.0/index.html#print_stdout

error: use of `println!`
   --> crates/agentverify-cli/src/main.rs:251:17
    |
251 |                 println!("✗ Contract is invalid:");
    |                 ^^^^^^^^^^^^^^^^^^^^^^^^^^^^^^^^^^
    |
    = help: for further information visit https://rust-lang.github.io/rust-clippy/rust-1.97.0/index.html#print_stdout

error: use of `println!`
   --> crates/agentverify-cli/src/main.rs:253:21
    |
253 |                     println!("  - {message}");
    |                     ^^^^^^^^^^^^^^^^^^^^^^^^^
    |
    = help: for further information visit https://rust-lang.github.io/rust-clippy/rust-1.97.0/index.html#print_stdout

error: use of `println!`
   --> crates/agentverify-cli/src/main.rs:280:9
    |
280 |         println!("{}", serde_json::to_string_pretty(&output).unwrap());
    |         ^^^^^^^^^^^^^^^^^^^^^^^^^^^^^^^^^^^^^^^^^^^^^^^^^^^^^^^^^^^^^^
    |
    = help: for further information visit https://rust-lang.github.io/rust-clippy/rust-1.97.0/index.html#print_stdout

error: use of `println!`
   --> crates/agentverify-cli/src/main.rs:284:13
    |
284 |             println!("✓ Contract is valid");
    |             ^^^^^^^^^^^^^^^^^^^^^^^^^^^^^^^
    |
    = help: for further information visit https://rust-lang.github.io/rust-clippy/rust-1.97.0/index.html#print_stdout

error: use of `println!`
   --> crates/agentverify-cli/src/main.rs:285:13
    |
285 |             println!("  ID: {}", contract.id);
    |             ^^^^^^^^^^^^^^^^^^^^^^^^^^^^^^^^^
    |
    = help: for further information visit https://rust-lang.github.io/rust-clippy/rust-1.97.0/index.html#print_stdout

error: use of `println!`
   --> crates/agentverify-cli/src/main.rs:286:13
    |
286 |             println!("  Action: {}", contract.action_name);
    |             ^^^^^^^^^^^^^^^^^^^^^^^^^^^^^^^^^^^^^^^^^^^^^^
    |
    = help: for further information visit https://rust-lang.github.io/rust-clippy/rust-1.97.0/index.html#print_stdout

error: use of `println!`
   --> crates/agentverify-cli/src/main.rs:288:13
    |
288 |             println!("✗ Contract is invalid:");
    |             ^^^^^^^^^^^^^^^^^^^^^^^^^^^^^^^^^^
    |
    = help: for further information visit https://rust-lang.github.io/rust-clippy/rust-1.97.0/index.html#print_stdout

error: use of `println!`
   --> crates/agentverify-cli/src/main.rs:290:17
    |
290 |                 println!("  - {error}");
    |                 ^^^^^^^^^^^^^^^^^^^^^^^
    |
    = help: for further information visit https://rust-lang.github.io/rust-clippy/rust-1.97.0/index.html#print_stdout

error: use of `println!`
   --> crates/agentverify-cli/src/main.rs:383:17
    |
383 |                 println!("{}", serde_json::to_string_pretty(&output).unwrap());
    |                 ^^^^^^^^^^^^^^^^^^^^^^^^^^^^^^^^^^^^^^^^^^^^^^^^^^^^^^^^^^^^^^
    |
    = help: for further information visit https://rust-lang.github.io/rust-clippy/rust-1.97.0/index.html#print_stdout

error: use of `println!`
   --> crates/agentverify-cli/src/main.rs:385:17
    |
385 |                 println!("Verification result: {verification_result}");
    |                 ^^^^^^^^^^^^^^^^^^^^^^^^^^^^^^^^^^^^^^^^^^^^^^^^^^^^^^
    |
    = help: for further information visit https://rust-lang.github.io/rust-clippy/rust-1.97.0/index.html#print_stdout

error: use of `println!`
   --> crates/agentverify-cli/src/main.rs:386:17
    |
386 |                 println!("Receipt ID: {}", receipt.id);
    |                 ^^^^^^^^^^^^^^^^^^^^^^^^^^^^^^^^^^^^^^
    |
    = help: for further information visit https://rust-lang.github.io/rust-clippy/rust-1.97.0/index.html#print_stdout

error: use of `println!`
   --> crates/agentverify-cli/src/main.rs:387:17
    |
387 |                 println!("Attempts: {}", receipt.attempts);
    |                 ^^^^^^^^^^^^^^^^^^^^^^^^^^^^^^^^^^^^^^^^^^
    |
    = help: for further information visit https://rust-lang.github.io/rust-clippy/rust-1.97.0/index.html#print_stdout

warning: these match arms have identical bodies
   --> crates/agentverify-cli/src/main.rs:391:17
    |
391 |                 agentverify_core::VerificationResult::Verified => Ok(ExitCode::SUCCESS),
    |                 ^^^^^^^^^^^^^^^^^^^^^^^^^^^^^^^^^^^^^^^^^^^^^^^^^^^^^^^^^^^^^^^^^^^^^^^
392 |                 agentverify_core::VerificationResult::Duplicate => Ok(ExitCode::SUCCESS),
    |                 ^^^^^^^^^^^^^^^^^^^^^^^^^^^^^^^^^^^^^^^^^^^^^^^^^^^^^^^^^^^^^^^^^^^^^^^^
    |
    = help: if this is unintentional make the arms return different values
    = help: for further information visit https://rust-lang.github.io/rust-clippy/rust-1.97.0/index.html#match_same_arms
    = note: `-W clippy::match-same-arms` implied by `-W clippy::pedantic`
    = help: to override `-W clippy::pedantic` add `#[allow(clippy::match_same_arms)]`
help: otherwise merge the patterns into a single arm
    |
391 -                 agentverify_core::VerificationResult::Verified => Ok(ExitCode::SUCCESS),
392 -                 agentverify_core::VerificationResult::Duplicate => Ok(ExitCode::SUCCESS),
391 +                 agentverify_core::VerificationResult::Verified | agentverify_core::VerificationResult::Duplicate => Ok(ExitCode::SUCCESS),
    |

error: use of `eprintln!`
   --> crates/agentverify-cli/src/main.rs:403:17
    |
403 |                 eprintln!("{}", serde_json::to_string_pretty(&output).unwrap());
    |                 ^^^^^^^^^^^^^^^^^^^^^^^^^^^^^^^^^^^^^^^^^^^^^^^^^^^^^^^^^^^^^^^
    |
    = help: for further information visit https://rust-lang.github.io/rust-clippy/rust-1.97.0/index.html#print_stderr

error: use of `eprintln!`
   --> crates/agentverify-cli/src/main.rs:405:17
    |
405 |                 eprintln!("Verification error: {e}");
    |                 ^^^^^^^^^^^^^^^^^^^^^^^^^^^^^^^^^^^^
    |
    = help: for further information visit https://rust-lang.github.io/rust-clippy/rust-1.97.0/index.html#print_stderr

warning: `agentverify-cli` (bin "agentverify" test) generated 3 warnings (1 duplicate)
error: could not compile `agentverify-cli` (bin "agentverify" test) due to 17 previous errors; 3 warnings emitted
